<14>Jan  1 00:00:04 kernel: Linux version 4.9-ndm-5 (developers@keenetic.com) (gcc version 12.3.0 (crosstool-NG 1.24.0-rc2-ndm-28-1 - NDMS Toolkit 1.0.0) ) #0 SMP Wed Oct 4 18:11:49 2023
<14>Jan  1 00:00:04 kernel: ISPRAM0: PA=003f0000,Size=00010000,enabled
<14>Jan  1 00:00:04 kernel: EcoNet EN7512 SoC: RAM: DDR2 128 MB
<14>Jan  1 00:00:04 kernel: CPU/SYS frequency: 700/175 MHz
<14>Jan  1 00:00:04 kernel: SoC power status: power-on reset
<14>Jan  1 00:00:04 kernel: bootconsole [early0] enabled
<14>Jan  1 00:00:04 kernel: CPU0 revision is: 00019558 (MIPS 34Kc)
<14>Jan  1 00:00:04 kernel: Determined physical RAM map:
<14>Jan  1 00:00:04 kernel:  memory: 00020000 @ 00000000 (reserved)
<14>Jan  1 00:00:04 kernel:  memory: 07be0000 @ 00020000 (usable)
<14>Jan  1 00:00:04 kernel:  memory: 00400000 @ 07c00000 (reserved)
<14>Jan  1 00:00:04 kernel: Wasting 1024 bytes for tracking 32 unused pages
<14>Jan  1 00:00:04 kernel: Detected 1 available secondary CPU(s)
<14>Jan  1 00:00:04 kernel: Primary instruction cache 64kB, VIPT, 4-way, linesize 32 bytes.
<14>Jan  1 00:00:04 kernel: Primary data cache 32kB, 4-way, VIPT, cache aliases, linesize 32 bytes
<14>Jan  1 00:00:04 kernel: Zone ranges:
<14>Jan  1 00:00:04 kernel:   Normal   [mem 0x0000000000000000-0x0000000007bfffff]
<14>Jan  1 00:00:04 kernel: Movable zone start for each node
<14>Jan  1 00:00:04 kernel: Early memory node ranges
<14>Jan  1 00:00:04 kernel:   node   0: [mem 0x0000000000000000-0x0000000007bfffff]
<14>Jan  1 00:00:04 kernel: Initmem setup node 0 [mem 0x0000000000000000-0x0000000007bfffff]
<14>Jan  1 00:00:04 kernel: On node 0 totalpages: 31744
<14>Jan  1 00:00:04 kernel: free_area_init_node: node 0, pgdat 804d4040, node_mem_map 81000060
<14>Jan  1 00:00:04 kernel:   Normal zone: 248 pages used for memmap
<14>Jan  1 00:00:04 kernel:   Normal zone: 0 pages reserved
<14>Jan  1 00:00:04 kernel:   Normal zone: 31744 pages, LIFO batch:7
<14>Jan  1 00:00:04 kernel: percpu: Embedded 12 pages/cpu s18256 r8192 d22704 u49152
<14>Jan  1 00:00:04 kernel: pcpu-alloc: s18256 r8192 d22704 u49152 alloc=12*4096
<14>Jan  1 00:00:04 kernel: pcpu-alloc: [0] 0 [0] 1 
<14>Jan  1 00:00:04 kernel: Built 1 zonelists in Zone order, mobility grouping on.  Total pages: 31496
<14>Jan  1 00:00:04 kernel: Kernel command line: console=ttyS0,115200n8 es=1
<14>Jan  1 00:00:04 kernel: PID hash table entries: 512 (order: -1, 2048 bytes)
<14>Jan  1 00:00:04 kernel: Dentry cache hash table entries: 16384 (order: 4, 65536 bytes)
<14>Jan  1 00:00:04 kernel: Inode-cache hash table entries: 8192 (order: 3, 32768 bytes)
<14>Jan  1 00:00:04 kernel: Writing ErrCtl register=0005400e
<14>Jan  1 00:00:04 kernel: Readback ErrCtl register=0005400e
<14>Jan  1 00:00:04 kernel: NMI base is 81134200
<14>Jan  1 00:00:04 kernel: Memory: 120328K/126976K available (3936K kernel code, 186K rwdata, 688K rodata, 236K init, 238K bss, 6648K reserved, 0K cma-reserved)
<14>Jan  1 00:00:04 kernel: Hierarchical RCU implementation.
<14>Jan  1 00:00:04 kernel:  Build-time adjustment of leaf fanout to 32.
<14>Jan  1 00:00:04 kernel: NR_IRQS:41
<14>Jan  1 00:00:04 kernel: hpt: using 200.000 MHz high precision timer
<14>Jan  1 00:00:04 kernel: clocksource: hpt: mask: 0xffffffff max_cycles: 0xffffffff, max_idle_ns: 9556302233 ns
<14>Jan  1 00:00:04 kernel: sched_clock: 32 bits at 200MHz, resolution 5ns, wraps every 10737418237ns
<14>Jan  1 00:00:04 kernel: console [ttyS0] enabled
<14>Jan  1 00:00:04 kernel: bootconsole [early0] disabled
<14>Jan  1 00:00:04 kernel: Calibrating delay loop... 464.48 BogoMIPS (lpj=2322432)
<14>Jan  1 00:00:04 kernel: pid_max: default: 32768 minimum: 301
<14>Jan  1 00:00:04 kernel: Mount-cache hash table entries: 1024 (order: 0, 4096 bytes)
<14>Jan  1 00:00:04 kernel: Mountpoint-cache hash table entries: 1024 (order: 0, 4096 bytes)
<14>Jan  1 00:00:04 kernel: Config7: 0x80080500
<14>Jan  1 00:00:04 kernel: ISPRAM0: PA=003f0000,Size=00010000,enabled
<14>Jan  1 00:00:04 kernel: Primary instruction cache 64kB, VIPT, 4-way, linesize 32 bytes.
<14>Jan  1 00:00:04 kernel: Primary data cache 32kB, 4-way, VIPT, cache aliases, linesize 32 bytes
<14>Jan  1 00:00:04 kernel: CPU1 revision is: 00019558 (MIPS 34Kc)
<14>Jan  1 00:00:04 kernel: Synchronize counters for CPU 1: done.
<14>Jan  1 00:00:04 kernel: Brought up 2 CPUs
<14>Jan  1 00:00:04 kernel: clocksource: jiffies: mask: 0xffffffff max_cycles: 0xffffffff, max_idle_ns: 19112604462750000 ns
<14>Jan  1 00:00:04 kernel: futex hash table entries: 512 (order: 2, 16384 bytes)
<14>Jan  1 00:00:04 kernel: NET: Registered protocol family 16
<14>Jan  1 00:00:04 kernel: PCI host bridge to bus 0000:00
<14>Jan  1 00:00:04 kernel: pci_bus 0000:00: root bus resource [mem 0x20000000-0x2fffffff]
<14>Jan  1 00:00:04 kernel: pci_bus 0000:00: root bus resource [io  0x1f600000-0x1f60ffff]
<14>Jan  1 00:00:04 kernel: pci_bus 0000:00: root bus resource [??? 0x00000000 flags 0x0]
<14>Jan  1 00:00:04 kernel: pci_bus 0000:00: No busn resource found for root bus, will use [bus 00-ff]
<14>Jan  1 00:00:04 kernel: pci 0000:00:00.0: [14c3:0810] type 01 class 0x060400
<14>Jan  1 00:00:04 kernel: pci 0000:00:01.0: [14c3:0811] type 01 class 0x060400
<14>Jan  1 00:00:04 kernel: pci 0000:00:00.0: bridge configuration invalid ([bus 00-00]), reconfiguring
<14>Jan  1 00:00:04 kernel: pci 0000:00:01.0: bridge configuration invalid ([bus 00-00]), reconfiguring
<14>Jan  1 00:00:04 kernel: pci 0000:01:00.0: [14c3:7603] type 00 class 0x028000
<14>Jan  1 00:00:04 kernel: pci 0000:01:00.0: reg 0x10: [mem 0x00000000-0x000fffff]
<14>Jan  1 00:00:04 kernel: pci 0000:01:00.0: PME# supported from D0 D3hot D3cold
<14>Jan  1 00:00:04 kernel: pci_bus 0000:01: busn_res: [bus 01-ff] end is updated to 01
<14>Jan  1 00:00:04 kernel: pci_bus 0000:02: busn_res: [bus 02-ff] end is updated to 02
<14>Jan  1 00:00:04 kernel: pci_bus 0000:00: busn_res: [bus 00-ff] end is updated to 02
<14>Jan  1 00:00:04 kernel: pci 0000:00:00.0: BAR 8: assigned [mem 0x20000000-0x200fffff]
<14>Jan  1 00:00:04 kernel: pci 0000:01:00.0: BAR 0: assigned [mem 0x20000000-0x200fffff]
<14>Jan  1 00:00:04 kernel: pci 0000:00:00.0: PCI bridge to [bus 01]
<14>Jan  1 00:00:04 kernel: pci 0000:00:00.0:   bridge window [mem 0x20000000-0x200fffff]
<14>Jan  1 00:00:04 kernel: pci 0000:00:01.0: PCI bridge to [bus 02]
<14>Jan  1 00:00:04 kernel: clocksource: Switched to clocksource hpt
<14>Jan  1 00:00:04 kernel: NET: Registered protocol family 2
<14>Jan  1 00:00:04 kernel: IP idents hash table entries: 2048 (order: 2, 16384 bytes)
<14>Jan  1 00:00:04 kernel: TCP established hash table entries: 4096 (order: 2, 16384 bytes)
<14>Jan  1 00:00:04 kernel: TCP bind hash table entries: 4096 (order: 3, 32768 bytes)
<14>Jan  1 00:00:04 kernel: TCP: Hash tables configured (established 4096 bind 4096)
<14>Jan  1 00:00:04 kernel: UDP hash table entries: 256 (order: 1, 8192 bytes)
<14>Jan  1 00:00:04 kernel: UDP-Lite hash table entries: 256 (order: 1, 8192 bytes)
<14>Jan  1 00:00:04 kernel: NET: Registered protocol family 1
<14>Jan  1 00:00:04 kernel: PCI: CLS 0 bytes, default 32
<14>Jan  1 00:00:04 kernel: workingset: timestamp_bits=29 max_order=15 bucket_order=0
<14>Jan  1 00:00:04 kernel: squashfs: version 4.0 (2009/01/31) Phillip Lougher
<14>Jan  1 00:00:04 kernel: io scheduler noop registered (default)
<14>Jan  1 00:00:04 kernel: PCI: Enabling device 0000:00:00.0 (0000 -> 0002)
<14>Jan  1 00:00:04 kernel: tc3162_uart: UART driver for EN751x SoC, buffer size is 4096 bytes
<14>Jan  1 00:00:04 kernel: ttyS0 at I/O 0xbfbf0003 (irq = 1, base_baud = 7200) is a TC3162
<14>Jan  1 00:00:04 kernel: ndmpart: registering the NDM partition parser...
<14>Jan  1 00:00:04 kernel: EcoNET SPI NAND driver init
<14>Jan  1 00:00:04 kernel: Set SPI Clock to 50 Mhz
<14>Jan  1 00:00:04 kernel: Using Flash ECC
<14>Jan  1 00:00:04 kernel: Detected SPI NAND Flash: W25N01G, Flash Size: 128 MB
<14>Jan  1 00:00:04 kernel: nand: device found, Manufacturer ID: 0xef, Chip ID: 0xaa
<14>Jan  1 00:00:04 kernel: nand: Winbond W25N01G
<14>Jan  1 00:00:04 kernel: nand: 128 MiB, SLC, erase size: 128 KiB, page size: 2048, OOB size: 64
<14>Jan  1 00:00:04 kernel: BMT pool size: 81
<14>Jan  1 00:00:04 kernel: BBT found, bad block count: 0
<14>Jan  1 00:00:04 kernel: BMT & BBT init success
<14>Jan  1 00:00:04 kernel: ndmpart: di: active = 2, backup = 1, current = 2
<14>Jan  1 00:00:04 kernel: 16 ndmpart partitions found on MTD device EN75XX-SPI_NAND
<14>Jan  1 00:00:04 kernel: mtd: creating 16 MTD partitions on "EN75XX-SPI_NAND":
<14>Jan  1 00:00:04 kernel: 0x000000000000-0x000000020000 : "U-Boot"
<14>Jan  1 00:00:04 kernel: 0x000000020000-0x000000040000 : "U-Config"
<14>Jan  1 00:00:04 kernel: 0x000000040000-0x000000060000 : "RF-EEPROM"
<14>Jan  1 00:00:04 kernel: 0x000000060000-0x000001f40000 : "Firmware_1"
<14>Jan  1 00:00:04 kernel: 0x000001f40000-0x000001fc0000 : "Config_1"
<14>Jan  1 00:00:04 kernel: 0x000001fc0000-0x000002000000 : "Dump"
<14>Jan  1 00:00:04 kernel: 0x000002000000-0x000003ae0000 : "Storage_A"
<14>Jan  1 00:00:04 kernel: 0x000003ae0000-0x000003b00000 : "U-State"
<14>Jan  1 00:00:04 kernel: 0x000003b00000-0x000003b20000 : "U-Config_res"
<14>Jan  1 00:00:04 kernel: 0x000003b20000-0x000003b40000 : "RF-EEPROM_res"
<14>Jan  1 00:00:04 kernel: 0x000003b40000-0x000003d00000 : "Kernel_2"
<14>Jan  1 00:00:04 kernel: 0x000003d00000-0x000005a20000 : "RootFS_2"
<14>Jan  1 00:00:04 kernel: mtd: device 11 (RootFS_2) set to be root filesystem
<14>Jan  1 00:00:04 kernel: 0x000003b40000-0x000005a20000 : "Firmware_2"
<14>Jan  1 00:00:04 kernel: 0x000005a20000-0x000005aa0000 : "Config_2"
<14>Jan  1 00:00:04 kernel: 0x000005aa0000-0x0000075e0000 : "Storage_B"
<14>Jan  1 00:00:04 kernel: 0x000000000000-0x0000075e0000 : "Full"
<14>Jan  1 00:00:04 kernel: tun: Universal TUN/TAP device driver, 1.6
<14>Jan  1 00:00:04 kernel: tun: (C) 1999-2004 Max Krasnyansky <maxk@qualcomm.com>
<14>Jan  1 00:00:04 kernel: PPP generic driver version 2.4.2
<14>Jan  1 00:00:04 kernel: PPP MPPE Compression module registered
<14>Jan  1 00:00:04 kernel: NET: Registered protocol family 24
<14>Jan  1 00:00:04 kernel: PPTP driver version 0.8.5
<14>Jan  1 00:00:04 kernel: mips_wdt: watchdog timer activated with 30 second delay
<14>Jan  1 00:00:04 kernel: Netfilter messages via NETLINK v0.30.
<14>Jan  1 00:00:04 kernel: nf_conntrack version 0.5.0 (15360 buckets, 46080 max)
<14>Jan  1 00:00:04 kernel: ctnetlink v0.93: registering with nfnetlink.
<14>Jan  1 00:00:04 kernel: Fast NAT loaded
<14>Jan  1 00:00:04 kernel: ip_set: protocol 6
<14>Jan  1 00:00:04 kernel: ipip: IPv4 and MPLS over IPv4 tunneling driver
<14>Jan  1 00:00:04 kernel: gre: GRE over IPv4 demultiplexor driver
<14>Jan  1 00:00:04 kernel: ip_tables: (C) 2000-2006 Netfilter Core Team
<14>Jan  1 00:00:04 kernel: NET: Registered protocol family 10
<14>Jan  1 00:00:04 kernel: ip6_tables: (C) 2000-2006 Netfilter Core Team
<14>Jan  1 00:00:04 kernel: NET: Registered protocol family 17
<14>Jan  1 00:00:04 kernel: ubridge: Tiny bridge driver, 1.2
<14>Jan  1 00:00:04 kernel: 8021q: 802.1Q VLAN Support v1.8
<14>Jan  1 00:00:04 kernel: VFS: Mounted root (squashfs filesystem) readonly on device 31:11.
<14>Jan  1 00:00:04 kernel: Freeing unused kernel memory: 236K
<14>Jan  1 00:00:04 kernel: This architecture does not have kernel memory protection.
<14>Jan  1 00:00:04 kernel: RNG reseed started
<14>Jan  1 00:00:04 kernel: random: crng init done
<14>Jan  1 00:00:04 ndm: Core::Main: *** 
<14>Jan  1 00:00:04 ndm: Core::Main: *** Network Device Manager 4.00.C.5.0-2. 
<14>Jan  1 00:00:04 ndm: Core::Main: *** Built Oct  4 2023 18:11:49. 
<14>Jan  1 00:00:04 ndm: Core::Main: *** 
<14>Jan  1 00:00:06 ndm: Core::System::DriverManager: loading /lib/modules/4.9-ndm-5/nf_nat_proto_gre.ko. 
<14>Jan  1 00:00:06 ndm: Core::System::DriverManager: loading /lib/modules/4.9-ndm-5/sit.ko. 
<14>Jan  1 00:00:06 kernel: sit: IPv6, IPv4 and MPLS over IPv4 tunneling driver
<14>Jan  1 00:00:06 ndm: Core::System::DriverManager: loading /lib/modules/4.9-ndm-5/usb-common.ko. 
<14>Jan  1 00:00:06 ndm: Core::System::DriverManager: loading /lib/modules/4.9-ndm-5/tsmb.ko. 
<14>Jan  1 00:00:07 kernel: tsmb: loading out-of-tree module taints kernel.
<14>Jan  1 00:00:07 kernel: tsmb: module license 'Proprietary' taints kernel.
<14>Jan  1 00:00:07 kernel: Disabling lock debugging due to kernel taint
<14>Jan  1 00:00:07 kernel: Loading TSMB module version 3020.9.24.17.
<14>Jan  1 00:00:07 kernel: Built against headers 4.9-ndm-5 #0 SMP Fri Aug 18 07:38:29 2023 mips
<14>Jan  1 00:00:07 kernel: Running on kernel 4.9-ndm-5 #0 SMP Wed Oct 4 18:11:49 2023 mips
<14>Jan  1 00:00:07 kernel: TSMB module version 3020.9.24.17 loaded.
<14>Jan  1 00:00:07 ndm: Core::System::DriverManager: loading /lib/modules/4.9-ndm-5/crypto_null.ko. 
<14>Jan  1 00:00:07 ndm: Core::System::DriverManager: loading /lib/modules/4.9-ndm-5/udp_tunnel.ko. 
<14>Jan  1 00:00:07 ndm: Core::System::DriverManager: loading /lib/modules/4.9-ndm-5/scsi_mod.ko. 
<14>Jan  1 00:00:07 kernel: SCSI subsystem initialized
<14>Jan  1 00:00:07 ndm: Core::System::DriverManager: loading /lib/modules/4.9-ndm-5/veth.ko. 
<14>Jan  1 00:00:07 ndm: Core::System::DriverManager: loading /lib/modules/4.9-ndm-5/xt_NETMAP.ko. 
<14>Jan  1 00:00:07 ndm: Core::System::DriverManager: loading /lib/modules/4.9-ndm-5/crc16.ko. 
<14>Jan  1 00:00:07 ndm: Core::System::DriverManager: loading /lib/modules/4.9-ndm-5/zlib_inflate.ko. 
<14>Jan  1 00:00:07 ndm: Core::System::DriverManager: loading /lib/modules/4.9-ndm-5/ip_gre.ko. 
<14>Jan  1 00:00:07 kernel: ip_gre: GRE over IPv4 tunneling driver
<14>Jan  1 00:00:07 ndm: Core::System::DriverManager: loading /lib/modules/4.9-ndm-5/ndm_storage.ko. 
<14>Jan  1 00:00:07 kernel: Searching for suitable storage partitions...
<14>Jan  1 00:00:07 kernel: Found 1st storage partition of size 28180480 bytes
<14>Jan  1 00:00:07 kernel: Found 2nd storage partition of size 28573696 bytes
<14>Jan  1 00:00:07 kernel: Registering UBI data partitions parser
<14>Jan  1 00:00:07 kernel: Concatenating MTD devices:
<14>Jan  1 00:00:07 kernel: (0): "Storage_A"
<14>Jan  1 00:00:07 kernel: (1): "Storage_B"
<14>Jan  1 00:00:07 kernel: into device "NDM combined UBI partition"
<14>Jan  1 00:00:07 kernel: 1 ndmubipart partitions found on MTD device NDM combined UBI partition
<14>Jan  1 00:00:07 kernel: mtd: creating 1 MTD partitions on "NDM combined UBI partition":
<14>Jan  1 00:00:07 kernel: 0x000000000000-0x000003620000 : "Storage"
<14>Jan  1 00:00:07 kernel: Merging storage partitions OK
<14>Jan  1 00:00:07 ndm: Core::System::DriverManager: loading /lib/modules/4.9-ndm-5/nf_conntrack_rtsp.ko. 
<14>Jan  1 00:00:07 kernel: nf_conntrack_rtsp v0.7 loading
<14>Jan  1 00:00:07 ndm: Core::System::DriverManager: loading /lib/modules/4.9-ndm-5/mbcache.ko. 
<14>Jan  1 00:00:07 ndm: Core::System::DriverManager: loading /lib/modules/4.9-ndm-5/phr.ko. 
<14>Jan  1 00:00:07 kernel: phr: NDM I/O Peripheral Driver, v2.4.35
<14>Jan  1 00:00:07 kernel: phr: "KN-2012" profile driver loaded
<14>Jan  1 00:00:07 ndm: Core::System::DriverManager: loading /lib/modules/4.9-ndm-5/nf_conntrack_proto_gre.ko. 
<14>Jan  1 00:00:07 ndm: Core::System::DriverManager: loading /lib/modules/4.9-ndm-5/sch_cake.ko. 
<14>Jan  1 00:00:07 ndm: Core::System::DriverManager: loading /lib/modules/4.9-ndm-5/xxhash.ko. 
<14>Jan  1 00:00:07 ndm: Core::System::DriverManager: loading /lib/modules/4.9-ndm-5/ip6_udp_tunnel.ko. 
<14>Jan  1 00:00:07 ndm: Core::System::DriverManager: loading /lib/modules/4.9-ndm-5/nls_base.ko. 
<14>Jan  1 00:00:07 ndm: Core::System::DriverManager: loading /lib/modules/4.9-ndm-5/nat46.ko. 
<14>Jan  1 00:00:07 kernel: nat46: module (version 1.0.3) loaded.
<14>Jan  1 00:00:07 ndm: Core::System::DriverManager: loading /lib/modules/4.9-ndm-5/jbd2.ko. 
<14>Jan  1 00:00:07 ndm: Core::System::DriverManager: loading /lib/modules/4.9-ndm-5/nf_nat_masquerade_ipv6.ko. 
<14>Jan  1 00:00:07 ndm: Core::System::DriverManager: loading /lib/modules/4.9-ndm-5/zlib_deflate.ko. 
<14>Jan  1 00:00:07 ndm: Core::System::DriverManager: loading /lib/modules/4.9-ndm-5/nf_conntrack_h323.ko. 
<14>Jan  1 00:00:07 ndm: Core::System::DriverManager: loading /lib/modules/4.9-ndm-5/mtdoops_proc.ko. 
<14>Jan  1 00:00:07 kernel: mtdoops_proc: Attached to MTD device 5
<14>Jan  1 00:00:07 ndm: Core::System::DriverManager: loading /lib/modules/4.9-ndm-5/resetnds.ko. 
<14>Jan  1 00:00:07 kernel: resetnds: Module loaded.
<14>Jan  1 00:00:07 ndm: Core::System::DriverManager: loading /lib/modules/4.9-ndm-5/tunnel6.ko. 
<14>Jan  1 00:00:07 ndm: Core::System::DriverManager: loading /lib/modules/4.9-ndm-5/cdrom.ko. 
<14>Jan  1 00:00:07 ndm: Core::System::DriverManager: loading /lib/modules/4.9-ndm-5/crc32c_generic.ko. 
<14>Jan  1 00:00:07 ndm: Core::System::DriverManager: loading /lib/modules/4.9-ndm-5/nf_conntrack_pptp.ko. 
<14>Jan  1 00:00:07 ndm: Core::System::DriverManager: loading /lib/modules/4.9-ndm-5/usbcore.ko. 
<14>Jan  1 00:00:07 kernel: usbcore: registered new interface driver usbfs
<14>Jan  1 00:00:07 kernel: usbcore: registered new interface driver hub
<14>Jan  1 00:00:07 kernel: usbcore: registered new device driver usb
<14>Jan  1 00:00:07 ndm: Core::System::DriverManager: loading /lib/modules/4.9-ndm-5/nf_nat_h323.ko. 
<14>Jan  1 00:00:07 ndm: Core::System::DriverManager: loading /lib/modules/4.9-ndm-5/nf_nat_pptp.ko. 
<14>Jan  1 00:00:07 ndm: Core::System::DriverManager: loading /lib/modules/4.9-ndm-5/usbserial.ko. 
<14>Jan  1 00:00:07 kernel: usbcore: registered new interface driver usbserial
<14>Jan  1 00:00:07 ndm: Core::System::DriverManager: loading /lib/modules/4.9-ndm-5/aead.ko. 
<14>Jan  1 00:00:07 ndm: Core::System::DriverManager: loading /lib/modules/4.9-ndm-5/zstd_compress.ko. 
<14>Jan  1 00:00:08 ndm: Core::System::DriverManager: loading /lib/modules/4.9-ndm-5/l2tp_core.ko. 
<14>Jan  1 00:00:08 kernel: l2tp_core: L2TP core driver, V2.0
<14>Jan  1 00:00:08 kernel: usbcore: registered new interface driver cdc_wdm
<14>Jan  1 00:00:08 ndm: Core::System::DriverManager: loading /lib/modules/4.9-ndm-5/cdc-wdm.ko. 
<14>Jan  1 00:00:08 ndm: Core::System::DriverManager: loading /lib/modules/4.9-ndm-5/jffs2.ko. 
<14>Jan  1 00:00:08 kernel: jffs2: version 2.2. (NAND) (c) 2001-2006 Red Hat, Inc.
<14>Jan  1 00:00:08 ndm: Core::System::DriverManager: loading /lib/modules/4.9-ndm-5/tntfs.ko. 
<14>Jan  1 00:00:08 kernel: Tuxera NTFS driver 3021.4.23.18 [Flags: R/W MODULE].
<14>Jan  1 00:00:08 kernel: Built against headers 4.9-ndm-5 #0 SMP Fri Aug 18 07:38:29 2023 mips
<14>Jan  1 00:00:08 kernel: Running on kernel 4.9-ndm-5 #0 SMP Wed Oct 4 18:11:49 2023 mips
<14>Jan  1 00:00:08 ndm: Core::System::DriverManager: loading /lib/modules/4.9-ndm-5/nls_cp866.ko. 
<14>Jan  1 00:00:08 ndm: Core::System::DriverManager: loading /lib/modules/4.9-ndm-5/deflate.ko. 
<14>Jan  1 00:00:08 ndm: Core::System::DriverManager: loading /lib/modules/4.9-ndm-5/zstd_decompress.ko. 
<14>Jan  1 00:00:08 ndm: Core::System::DriverManager: loading /lib/modules/4.9-ndm-5/tfat.ko. 
<14>Jan  1 00:00:08 kernel: Tuxera FAT 12/16/32 driver version 3021.3.22.24 [Flags: R/W MODULE].
<14>Jan  1 00:00:08 kernel: Built against headers 4.9-ndm-5 #0 SMP Fri Aug 18 07:38:29 2023 mips
<14>Jan  1 00:00:08 kernel: Running on kernel 4.9-ndm-5 #0 SMP Wed Oct 4 18:11:49 2023 mips
<14>Jan  1 00:00:08 ndm: Core::System::DriverManager: loading /lib/modules/4.9-ndm-5/ext4.ko. 
<14>Jan  1 00:00:08 ndm: Core::System::DriverManager: loading /lib/modules/4.9-ndm-5/usbnet.ko. 
<14>Jan  1 00:00:08 ndm: Core::System::DriverManager: loading /lib/modules/4.9-ndm-5/sg.ko. 
<14>Jan  1 00:00:08 ndm: Core::System::DriverManager: loading /lib/modules/4.9-ndm-5/sierra.ko. 
<14>Jan  1 00:00:08 kernel: usbcore: registered new interface driver sierra
<14>Jan  1 00:00:08 kernel: usbserial: USB Serial support registered for Sierra USB modem
<14>Jan  1 00:00:08 kernel: usbcore: registered new interface driver usblp
<14>Jan  1 00:00:08 kernel: l2tp_ppp: PPPoL2TP kernel driver, V2.0
<14>Jan  1 00:00:08 kernel: usbcore: registered new interface driver cdc_acm
<14>Jan  1 00:00:08 kernel: cdc_acm: USB Abstract Control Model driver for USB modems and ISDN adapters
<14>Jan  1 00:00:08 ndm: Core::System::DriverManager: loading /lib/modules/4.9-ndm-5/nls_cp437.ko. 
<14>Jan  1 00:00:08 ndm: Core::System::DriverManager: loading /lib/modules/4.9-ndm-5/sr_mod.ko. 
<14>Jan  1 00:00:08 ndm: Core::System::DriverManager: loading /lib/modules/4.9-ndm-5/sd_mod.ko. 
<14>Jan  1 00:00:08 ndm: Core::System::DriverManager: loading /lib/modules/4.9-ndm-5/usblp.ko. 
<14>Jan  1 00:00:09 kernel: usbcore: registered new interface driver usb-storage
<14>Jan  1 00:00:08 ndm: Core::System::DriverManager: loading /lib/modules/4.9-ndm-5/l2tp_ppp.ko. 
<14>Jan  1 00:00:08 ndm: Core::System::DriverManager: loading /lib/modules/4.9-ndm-5/cdc-acm.ko. 
<14>Jan  1 00:00:09 kernel: nf_nat_rtsp v0.7 loading
<14>Jan  1 00:00:08 ndm: Core::System::DriverManager: loading /lib/modules/4.9-ndm-5/usb-storage.ko. 
<14>Jan  1 00:00:09 ndm: Core::System::DriverManager: loading /lib/modules/4.9-ndm-5/nls_cp1251.ko. 
<14>Jan  1 00:00:09 ndm: Core::System::DriverManager: loading /lib/modules/4.9-ndm-5/nf_nat_rtsp.ko. 
<14>Jan  1 00:00:09 ndm: Core::System::DriverManager: loading /lib/modules/4.9-ndm-5/thfsplus.ko. 
<14>Jan  1 00:00:09 kernel: Tuxera HFS+ driver 3021.12.17
<14>Jan  1 00:00:09 kernel: Built against headers 4.9-ndm-5 #0 SMP Fri Aug 18 07:38:29 2023 mips
<14>Jan  1 00:00:09 kernel: Running on kernel 4.9-ndm-5 #0 SMP Wed Oct 4 18:11:49 2023 mips
<14>Jan  1 00:00:09 ndm: Core::System::DriverManager: loading /lib/modules/4.9-ndm-5/ip6_tunnel.ko. 
<14>Jan  1 00:00:09 ndm: Core::System::DriverManager: loading /lib/modules/4.9-ndm-5/zstd.ko. 
<14>Jan  1 00:00:09 ndm: Core::System::DriverManager: loading /lib/modules/4.9-ndm-5/nls_utf8.ko. 
<14>Jan  1 00:00:09 ndm: Core::System::DriverManager: loading /lib/modules/4.9-ndm-5/exfat.ko. 
<14>Jan  1 00:00:09 kernel: exFAT: file-system version 5.9-6ndm
<14>Jan  1 00:00:09 ndm: Core::System::DriverManager: loading /lib/modules/4.9-ndm-5/ip6t_MASQUERADE.ko. 
<14>Jan  1 00:00:09 ndm: Core::System::DriverManager: loading /lib/modules/4.9-ndm-5/usbextras.ko. 
<14>Jan  1 00:00:09 kernel: usbextras: loaded
<14>Jan  1 00:00:09 ndm: Core::System::DriverManager: loading /lib/modules/4.9-ndm-5/usb_wwan.ko. 
<14>Jan  1 00:00:09 ndm: Core::System::DriverManager: loading /lib/modules/4.9-ndm-5/cdc_ncm.ko. 
<14>Jan  1 00:00:09 kernel: usbcore: registered new interface driver cdc_ncm
<14>Jan  1 00:00:09 ndm: Core::System::DriverManager: loading /lib/modules/4.9-ndm-5/option.ko. 
<14>Jan  1 00:00:09 kernel: usbcore: registered new interface driver option
<14>Jan  1 00:00:09 kernel: usbserial: USB Serial support registered for GSM modem (1-port)
<14>Jan  1 00:00:09 ndm: Core::System::DriverManager: loading /lib/modules/4.9-ndm-5/qmi_wwan.ko. 
<14>Jan  1 00:00:09 kernel: usbcore: registered new interface driver qmi_wwan
<14>Jan  1 00:00:09 kernel: usbcore: registered new interface driver huawei_cdc_ncm
<14>Jan  1 00:00:09 kernel: usbcore: registered new interface driver cdc_ether
<14>Jan  1 00:00:09 ndm: Core::System::DriverManager: loading /lib/modules/4.9-ndm-5/huawei_cdc_ncm.ko. 
<14>Jan  1 00:00:09 ndm: Core::System::DriverManager: loading /lib/modules/4.9-ndm-5/cdc_ether.ko. 
<14>Jan  1 00:00:09 kernel: usbcore: registered new interface driver qcserial
<14>Jan  1 00:00:09 kernel: usbserial: USB Serial support registered for Qualcomm USB modem
<14>Jan  1 00:00:09 kernel: usbcore: registered new interface driver rndis_host
<14>Jan  1 00:00:09 ndm: Core::System::DriverManager: loading /lib/modules/4.9-ndm-5/qcserial.ko. 
<14>Jan  1 00:00:09 ndm: Core::System::DriverManager: loading /lib/modules/4.9-ndm-5/rndis_host.ko. 
<14>Jan  1 00:00:09 ndm: Core::System::Mtd::Table: current firmware image index is 2. 
<14>Jan  1 00:00:09 ndm: Core::FileSystem::Temp: mounting /var/... 
<14>Jan  1 00:00:09 ndm: Core::Authenticator: MD5 generator created. 
<14>Jan  1 00:00:09 ndm: Core::Authenticator: NT generator created. 
<14>Jan  1 00:00:09 ndm: Core::System::Country: set the system country code to "RU". 
<14>Jan  1 00:00:10 ndm: Core::Authenticator: "readonly" tag registered. 
<14>Jan  1 00:00:10 ndm: Core::FileSystem::Dynamic: "ndm:": registered "log" node. 
<14>Jan  1 00:00:10 ndm: Core::FileSystem::Dynamic: "ndm:": registered "running-config" node. 
<14>Jan  1 00:00:10 ndm: Core::FileSystem::Dynamic: "ndm:": registered "sharing-config" node. 
<14>Jan  1 00:00:10 ndm: Core::FileSystem::Dynamic: "ndm:": registered "self-test" node. 
<14>Jan  1 00:00:10 ndm: Core::System::Hostname: the host name set. 
<14>Jan  1 00:00:10 ndm: Core::System::Timezone: building a timezone list... 
<14>Jan  1 00:00:10 ndm: Core::System::Timezone: scanning done, 312 localities available. 
<14>Jan  1 03:00:10 ndm: Core::System::Timezone: "Europe/Moscow" locality set as default. 
<14>Jan  1 03:00:10 ndm: Telnet::Server: bruteforce detection is enabled. 
<14>Jan  1 03:00:10 ndm: Ntp::Client: configuration reset. 
<14>Jan  1 03:00:10 ndm: Ntp::Client: configuration reset. 
<14>Jan  1 03:00:11 ndm: Http::Manager: bruteforce detection is enabled. 
<14>Jan  1 03:00:11 ndm: Core::Authenticator: "http" tag registered. 
<14>Jan  1 03:00:11 ndm: Core::Authenticator: "http-proxy" tag registered. 
<14>Jan  1 03:00:11 ndm: Core::System::DriverManager: loading /lib/modules/4.9-ndm-5/nacct.ko. 
<14>Jan  1 03:00:11 kernel: nacct: init, v 3.4-2
<14>Jan  1 03:00:11 ndm: Core::System::DriverManager: loading /lib/modules/4.9-ndm-5/ensoc_eth.ko. 
<14>Jan  1 03:00:11 kernel: ensoc_eth: NDM Ethernet Switch Driver for EcoNet EN75xx, v1.2.56
<14>Jan  1 03:00:11 kernel: ensoc_eth: EN75xx SoC, TX/RX descriptors: 1024/768, NAPI weight 64
<14>Jan  1 03:00:11 kernel: ensoc_eth: 50:ff:20:a0:e3:c4 address assigned to eth2
<14>Jan  1 03:00:11 kernel: ensoc_eth: MT7530 internal switch, eco rev: 0x1
<14>Jan  1 03:00:11 kernel: ensoc_eth: FE-0 PHY analog calibration
<14>Jan  1 03:00:11 kernel: ensoc_eth: FE-1 PHY analog calibration
<14>Jan  1 03:00:11 kernel: ensoc_eth: FE-2 PHY analog calibration
<14>Jan  1 03:00:11 kernel: ensoc_eth: GE PHY analog calibration
<14>Jan  1 03:00:11 kernel: ensoc_eth: MT7530 switch initialized
<14>Jan  1 03:00:11 kernel: ensoc_eth: eth2 created for QDMA1 (50:ff:20:a0:e3:c4 address, 4 EPHY ports)
<14>Jan  1 03:00:11 ndm: Network::Interface::Base: "GigabitEthernet0": interface is down. 
<14>Jan  1 03:00:11 ndm: Network::Interface::Mac: "GigabitEthernet0": backed up the default address 50:ff:20:a0:e3:c4 of "GigabitEthernet0" before changing. 
<14>Jan  1 03:00:11 ndm: Network::Interface::Repository: "GigabitEthernet0" interface created. 
<14>Jan  1 03:00:11 ndm: Network::Interface::Base: "GigabitEthernet0/0": interface is down. 
<14>Jan  1 03:00:11 ndm: Network::Interface::Repository: "GigabitEthernet0/0" interface created. 
<14>Jan  1 03:00:11 ndm: Network::Interface::Base: "GigabitEthernet0/1": interface is down. 
<14>Jan  1 03:00:11 ndm: Network::Interface::Repository: "GigabitEthernet0/1" interface created. 
<14>Jan  1 03:00:11 ndm: Network::Interface::Base: "GigabitEthernet0/2": interface is down. 
<14>Jan  1 03:00:11 ndm: Network::Interface::Repository: "GigabitEthernet0/2" interface created. 
<14>Jan  1 03:00:11 ndm: Network::Interface::Base: "GigabitEthernet0/3": interface is down. 
<14>Jan  1 03:00:11 ndm: Network::Interface::Repository: "GigabitEthernet0/3" interface created. 
<14>Jan  1 03:00:11 ndm: Core::System::DriverManager: loading /lib/modules/4.9-ndm-5/ubi.ko. 
<14>Jan  1 03:00:11 ndm: Core::System::DriverManager: loading /lib/modules/4.9-ndm-5/ubifs.ko. 
<14>Jan  1 03:00:12 kernel: ubi: BMT NAND mode detected, BEB reservation disabled
<14>Jan  1 03:00:12 kernel: ubi0: attaching mtd16
<14>Jan  1 03:00:12 kernel: ubi0: scanning is finished
<14>Jan  1 03:00:12 kernel: ubi0: attached mtd16 (name "Storage", size 54 MiB)
<14>Jan  1 03:00:12 kernel: ubi0: PEB size: 131072 bytes (128 KiB), LEB size: 126976 bytes
<14>Jan  1 03:00:12 kernel: ubi0: min./max. I/O unit sizes: 2048/2048, sub-page size 2048
<14>Jan  1 03:00:12 kernel: ubi0: VID header offset: 2048 (aligned 2048), data offset: 4096
<14>Jan  1 03:00:12 kernel: ubi0: good PEBs: 433, bad PEBs: 0, corrupted PEBs: 0
<14>Jan  1 03:00:12 kernel: ubi0: user volume: 1, internal volumes: 1, max. volumes count: 128
<14>Jan  1 03:00:12 kernel: ubi0: max/mean erase counter: 2/1, WL threshold: 2048, image sequence number: 3698738629
<14>Jan  1 03:00:12 kernel: ubi0: available PEBs: 0, total reserved PEBs: 433, PEBs reserved for bad PEB handling: 1
<14>Jan  1 03:00:12 kernel: ubi0: background thread "ubi_bgt0d" started, PID 404
<14>Jan  1 03:00:12 kernel: UBIFS (ubi0:0): background thread "ubifs_bgt0_0" started, PID 405
<14>Jan  1 03:00:12 kernel: UBIFS (ubi0:0): recovery needed
<14>Jan  1 03:00:12 kernel: UBIFS (ubi0:0): recovery completed
<14>Jan  1 03:00:12 kernel: UBIFS (ubi0:0): UBIFS: mounted UBI device 0, volume 0, name "storage"
<14>Jan  1 03:00:12 kernel: UBIFS (ubi0:0): LEB size: 126976 bytes (124 KiB), min./max. I/O unit sizes: 2048 bytes/2048 bytes
<14>Jan  1 03:00:12 kernel: UBIFS (ubi0:0): FS size: 53075968 bytes (50 MiB, 418 LEBs), journal size 2666496 bytes (2 MiB, 21 LEBs)
<14>Jan  1 03:00:12 kernel: UBIFS (ubi0:0): reserved for root: 2506908 bytes (2448 KiB)
<14>Jan  1 03:00:12 kernel: UBIFS (ubi0:0): media format: w4/r0 (latest is w4/r0), UUID 1920FB57-3A5B-4919-9C82-DB71FABB1C55, small LPT model
<14>Jan  1 03:00:12 ndm: Core::Authenticator: "printers" tag registered. 
<14>Jan  1 03:00:12 ndm: Core::Authenticator: "cifs" tag registered. 
<14>Jan  1 03:00:12 ndm: Cloud::UhpService: "cloud" component registered. 
<14>Jan  1 03:00:12 ndm: Cloud::Agent: "ndns" TTP component registered. 
<14>Jan  1 03:00:12 ndm: Cloud::UhpService: "ndns" component registered. 
<14>Jan  1 03:00:12 ndm: Cloud::UhpService: "ndmp" component registered. 
<14>Jan  1 03:00:12 ndm: Dns::Filter::Public: loaded 17 presets (version 12). 
<14>Jan  1 03:00:12 ndm: Dns::Manager: DNS-over-HTTPS support initialized. 
<14>Jan  1 03:00:12 ndm: Dns::Manager: DNS-over-TLS support initialized. 
<14>Jan  1 03:00:12 ndm: Network::InternetChecker: gateway checking enabled. 
<14>Jan  1 03:00:12 kernel: IPv6: ADDRCONF(NETDEV_UP): tunl0: link is not ready
<14>Jan  1 03:00:12 kernel: IPv6: ADDRCONF(NETDEV_UP): sit0: link is not ready
<14>Jan  1 03:00:12 kernel: IPv6: ADDRCONF(NETDEV_UP): gre0: link is not ready
<14>Jan  1 03:00:12 kernel: IPv6: ADDRCONF(NETDEV_UP): gretap0: link is not ready
<14>Jan  1 03:00:12 kernel: IPv6: ADDRCONF(NETDEV_UP): ethoip0: link is not ready
<14>Jan  1 03:00:12 kernel: IPv6: ADDRCONF(NETDEV_UP): ip6tnl0: link is not ready
<14>Jan  1 03:00:12 kernel: IPv6: ADDRCONF(NETDEV_UP): ezcfg0: link is not ready
<14>Jan  1 03:00:12 kernel: IPv6: ADDRCONF(NETDEV_UP): eth2: link is not ready
<14>Jan  1 03:00:12 ndm: Network::Interface::Mtk::Sku: main default profile applied. 
<14>Jan  1 03:00:12 ndm: Core::System::DriverManager: loading /lib/modules/4.9-ndm-5/mt7603_ap.ko. 
<14>Jan  1 03:00:13 kernel: PCI: Enabling device 0000:01:00.0 (0000 -> 0002)
<14>Jan  1 03:00:13 kernel: MT7603 AP Driver version: 4.1.2.3
<14>Jan  1 03:00:13 ndm: Network::Interface::Mtk::WifiMaster: "WifiMaster0": PHY mode set. 
<14>Jan  1 03:00:13 ndm: Network::Interface::Mtk::WifiMaster: "WifiMaster0": channel bandwidth settings reset to default. 
<14>Jan  1 03:00:13 ndm: Network::Interface::Base: "WifiMaster0": interface is down. 
<14>Jan  1 03:00:13 kernel: MT7603 Andes FW Version: CL173766_R, Build: 20171110105932, Length: 74336
<14>Jan  1 03:00:17 ndm: Network::Interface::Repository: "WifiMaster0" interface created. 
<14>Jan  1 03:00:17 ndm: Network::Interface::Wireless: "WifiMaster0/AccessPoint2": SSID saved. 
<14>Jan  1 03:00:17 ndm: Network::Interface::Mtk::AccessPoint: "WifiMaster0/AccessPoint2": SSID reset. 
<14>Jan  1 03:00:17 ndm: Network::Interface::Base: "WifiMaster0/AccessPoint2": interface is down. 
<14>Jan  1 03:00:17 ndm: Network::Interface::Base: "WifiMaster0/AccessPoint2": interface is down. 
<14>Jan  1 03:00:17 ndm: Network::Interface::Base: "WifiMaster0/AccessPoint2": network MTU reset to default. 
<14>Jan  1 03:00:17 ndm: Network::Interface::Repository: "WifiMaster0/AccessPoint2" interface created. 
<14>Jan  1 03:00:17 ndm: Network::Interface::Wireless: "WifiMaster0/AccessPoint3": SSID saved. 
<14>Jan  1 03:00:17 ndm: Network::Interface::Mtk::AccessPoint: "WifiMaster0/AccessPoint3": SSID reset. 
<14>Jan  1 03:00:17 ndm: Network::Interface::Base: "WifiMaster0/AccessPoint3": interface is down. 
<14>Jan  1 03:00:17 ndm: Network::Interface::Base: "WifiMaster0/AccessPoint3": interface is down. 
<14>Jan  1 03:00:17 ndm: Network::Interface::Base: "WifiMaster0/AccessPoint3": network MTU reset to default. 
<14>Jan  1 03:00:17 ndm: Network::Interface::Repository: "WifiMaster0/AccessPoint3" interface created. 
<14>Jan  1 03:00:17 ndm: Network::Interface::Wireless: "WifiMaster0/AccessPoint0": SSID saved. 
<14>Jan  1 03:00:17 ndm: Network::Interface::Mtk::AccessPoint: "WifiMaster0/AccessPoint0": SSID reset. 
<14>Jan  1 03:00:17 ndm: Network::Interface::Base: "WifiMaster0/AccessPoint0": interface is down. 
<14>Jan  1 03:00:17 ndm: Network::Interface::Base: "WifiMaster0/AccessPoint0": network MTU reset to default. 
<14>Jan  1 03:00:17 ndm: Network::Interface::Repository: "WifiMaster0/AccessPoint0" interface created. 
<14>Jan  1 03:00:17 ndm: Network::Interface::Wireless: "WifiMaster0/AccessPoint1": SSID saved. 
<14>Jan  1 03:00:17 ndm: Network::Interface::Mtk::AccessPoint: "WifiMaster0/AccessPoint1": SSID reset. 
<14>Jan  1 03:00:17 ndm: Network::Interface::Base: "WifiMaster0/AccessPoint1": interface is down. 
<14>Jan  1 03:00:17 ndm: Network::Interface::Base: "WifiMaster0/AccessPoint1": interface is down. 
<14>Jan  1 03:00:17 ndm: Network::Interface::Base: "WifiMaster0/AccessPoint1": network MTU reset to default. 
<14>Jan  1 03:00:17 ndm: Network::Interface::Repository: "WifiMaster0/AccessPoint1" interface created. 
<14>Jan  1 03:00:17 ndm: Network::Interface::Base: "WifiMaster0/WifiStation0": interface is down. 
<14>Jan  1 03:00:17 ndm: Network::Interface::Base: "WifiMaster0/WifiStation0": network MTU reset to default. 
<14>Jan  1 03:00:17 ndm: Network::Interface::Repository: "WifiMaster0/WifiStation0" interface created. 
<14>Jan  1 03:00:17 ndm: Network::Interface::Mtk::WifiMonitor: added system name for "WifiMaster0/Backhaul0". 
<14>Jan  1 03:00:17 ndm: Core::FileSystem::Dynamic: "ndm:": registered "wifi-configuration.dat" node. 
<14>Jan  1 03:00:17 ndnproxy: NDM DNS Proxy, v1.3.0b63. 
<14>Jan  1 03:00:17 ndnproxy: PID file: /var/ndnproxymain.pid. 
<14>Jan  1 03:00:17 ndnproxy: stats. file: /var/ndnproxymain.stat. 
<14>Jan  1 03:00:17 ndm: Network::Interface::Mtk::WifiController: backhaul STP disabled. 
<14>Jan  1 03:00:17 ndm: Network::Interface::Mtk::WifiController: "WifiMaster0/Backhaul0": set metric 1. 
<14>Jan  1 03:00:20 ndm: Network::Interface::Mtk::WifiController: "WifiMaster0/Backhaul0": activated. 
<14>Jan  1 03:00:20 ndm: Network::Interface::Mtk::WifiController: backhaul activated. 
<14>Jan  1 03:00:20 ndm: PingCheck::Profile: "default": update interval is changed to 10 seconds. 
<14>Jan  1 03:00:20 ndm: PingCheck::Profile: "default": uses tls mode. 
<14>Jan  1 03:00:20 ndm: PingCheck::Profile: "default": uses port 443 for testing. 
<14>Jan  1 03:00:20 ndm: PingCheck::Profile: "default": add host "ya.ru" for testing. 
<14>Jan  1 03:00:20 ndm: PingCheck::Profile: "default": add host "vk.com" for testing. 
<14>Jan  1 03:00:20 ndm: PingCheck::Profile: "default": add host "youtube.com" for testing. 
<14>Jan  1 03:00:20 ndm: Core::System::DriverManager: loading /lib/modules/4.9-ndm-5/ensoc_flt.ko. 
<14>Jan  1 03:00:20 ndm: Core::System::DriverManager: loading /lib/modules/4.9-ndm-5/ensoc_dmt.ko. 
<14>Jan  1 03:00:21 kernel: ensoc_dmt: NDM DMT Driver for EcoNet EN751x, v1.0.52
<14>Jan  1 03:00:21 kernel: ensoc_dmt: 7512_debug: dmt_base_addr : bf900000
<14>Jan  1 03:00:21 kernel: ensoc_dmt: ADSL DMT initialization starting
<14>Jan  1 03:00:21 kernel: ensoc_dmt: Begin AdslTaskInit.....
<14>Jan  1 03:00:21 kernel: ensoc_dmt: End AdslTaskInit
<14>Jan  1 03:00:21 kernel: ensoc_dmt: Begin to  request IRQ 20
<14>Jan  1 03:00:21 kernel: ensoc_dmt: DMT:Succeed to request IRQ 20
<14>Jan  1 03:00:21 kernel: ensoc_dmt: Initializing ADSL F/W 5.10.6.17 ......
<14>Jan  1 03:00:21 kernel: ensoc_dmt: Initializing ADSL F/W ........ done 
<14>Jan  1 03:00:21 ndm: Core::System::DriverManager: loading /lib/modules/4.9-ndm-5/ensoc_dsl.ko. 
<14>Jan  1 03:00:21 kernel: ensoc_dsl: NDM PTM/SAR Driver for EcoNet EN751x, v1.0.52
<14>Jan  1 03:00:22 kernel: IPv6: ADDRCONF(NETDEV_UP): atm0: link is not ready
<14>Jan  1 03:00:22 ndm: Core::FileSystem::Dynamic: "ndm:": registered "dsl-statistics.csv" node. 
<14>Jan  1 03:00:22 ndm: Network::Interface::Base: "Dsl0": interface is down. 
<14>Jan  1 03:00:22 ndm: Network::Interface::Base: "Dsl0": network MTU reset to default. 
<14>Jan  1 03:00:22 ndm: Network::Interface::Mac: "Dsl0": MAC address reset to factory 50:ff:20:a0:e3:c5. 
<14>Jan  1 03:00:22 kernel: IPv6: ADDRCONF(NETDEV_UP): ptm0: link is not ready
<14>Jan  1 03:00:22 ndm: Network::Interface::Base: "Dsl0": "base" changed "conf" layer state "disabled" to "running". 
<14>Jan  1 03:00:22 ndm: Network::Interface::Base: "Dsl0": interface is up. 
<14>Jan  1 03:00:22 kernel: ensoc_dmt: not clear cmds!
<14>Jan  1 03:00:22 kernel: ensoc_dmt: clear all cmds!
<14>Jan  1 03:00:22 kernel: ensoc_dmt: clear all cmds!
<14>Jan  1 03:00:22 kernel: ensoc_dmt: Set vdsl default value!
<14>Jan  1 03:00:22 kernel: ensoc_dmt: Set adsl default value!
<14>Jan  1 03:00:22 kernel: ensoc_dmt: G.inp mode
<14>Jan  1 03:00:22 kernel: ensoc_dmt: G.VECTOR on
<14>Jan  1 03:00:22 kernel: ensoc_dmt: gvt_ns_flag off
<14>Jan  1 03:00:22 kernel: ensoc_dmt: log cicmd 0 (wan  vdsl2  set  sra  off  )
<14>Jan  1 03:00:22 kernel: ensoc_dmt:  log cicmd 1 (wan  vdsl2  set  sra_tx  off  )
<14>Jan  1 03:00:22 kernel: ensoc_dmt:  log cicmd 2 (wan  vdsl2  set  bs  off  )
<14>Jan  1 03:00:22 kernel: ensoc_dmt:  log cicmd 3 (wan  vdsl2  set  bs_tx  off  )
<14>Jan  1 03:00:22 kernel: ensoc_dmt:  log cicmd 4 (wan  vdsl2  set  upbo  on  )
<14>Jan  1 03:00:22 kernel: ensoc_dmt:  log cicmd 5 (wan  vdsl2  set  target_snrm  32767  )
<14>Jan  1 03:00:22 kernel: ensoc_dmt:  US bitswap off,DS bitswap off
<14>Jan  1 03:00:22 kernel: ensoc_dmt: log cicmd 0 (wan  dmt2  set  olr  0  )
<14>Jan  1 03:00:22 kernel: ensoc_dmt:  log cicmd 1 (wan  dmt2  set  olr  2  )
<14>Jan  1 03:00:22 kernel: ensoc_dmt:  log cicmd 2 (wan  dmt2  set  olr_tx  0  )
<14>Jan  1 03:00:22 kernel: ensoc_dmt:  log cicmd 3 (wan  dmt2  set  olr_tx  2  )
<14>Jan  1 03:00:22 kernel: ensoc_dmt:  log cicmd 4 (wan  dmt2  set  snrmoffset  4294967295  4294967295  )
<14>Jan  1 03:00:22 kernel: IPv6: ADDRCONF(NETDEV_UP): atm0: link is not ready
<14>Jan  1 03:00:22 ndm: Network::Interface::Repository: "Dsl0" interface created. 
<14>Jan  1 03:00:22 ndm: Core::System::DriverManager: loading /lib/modules/4.9-ndm-5/ntc.ko. 
<14>Jan  1 03:00:22 kernel: ntc: NDM Traffic Control Module, v8.0.20
<14>Jan  1 03:00:22 ndm: Core::Authenticator: "webdav" tag registered. 
<14>Jan  1 03:00:22 ndm: WebDav::Server: has no temporary directory, unable to start. 
<14>Jan  1 03:00:22 ndm: Module::Manager: loaded 44 modules. 
<14>Jan  1 03:00:22 ndm: Network::Interface::Dsl: "Dsl0": VDSL line idle. 
<14>Dec  8 11:59:51 ndm: Core::System::Clock: system time has been changed. 
<14>Dec  8 11:59:51 ndm: Core::FileSystem::Proc: system setting saved. 
<14>Dec  8 11:59:51 ndm: Core::Syslog: last message repeated 14 times.
<14>Dec  8 13:59:51 ndm: Core::System::Timezone: timezone set to "Asia/Yekaterinburg". 
<14>Dec  8 13:59:51 ndm: Core::System::Domainname: the system domain name set. 
<14>Dec  8 13:59:51 ndm: Core::System::Hostname: the host name set. 
<14>Dec  8 13:59:51 ndm: Core::System::Caption: template set to default. 
<14>Dec  8 13:59:51 ndm: Core::Syslog: server 192.168.1.120: added. 
<14>Dec  8 13:59:51 ndm: Core::Ndss: dump-reporting enabled. 
<14>Dec  8 13:59:51 ndm: Core::Schedule::Manager: created schedule "schedule0". 
<14>Dec  8 13:59:51 ndm: Core::Schedule::Manager: updated description of "schedule0". 
<14>Dec  8 13:59:51 ndm: Core::Schedule::Manager: updated schedule "schedule0". 
<14>Dec  8 13:59:51 ndm: Core::Schedule::Manager: updated schedule "schedule0". 
<14>Dec  8 13:59:51 ndm: Netfilter::Manager: private networks isolated. 
<14>Dec  8 13:59:51 ndm: Core::Authenticator: password has been set for user "admin". 
<14>Dec  8 13:59:51 ndm: Core::Authenticator: password has been set for user "admin". 
<14>Dec  8 13:59:51 ndm: Core::Authenticator: user "admin" tagged with "cli". 
<14>Dec  8 13:59:51 ndm: Core::Authenticator: user "admin" tagged with "http". 
<14>Dec  8 13:59:51 ndm: Core::Authenticator: user "admin" tagged with "cifs". 
<14>Dec  8 13:59:51 ndm: Core::Authenticator: user "admin" tagged with "printers". 
<14>Dec  8 13:59:51 ndm: Core::Authenticator: user "admin" tagged with "webdav". 
<14>Dec  8 13:59:51 kernel: IPv6: ADDRCONF(NETDEV_UP): eth2: link is not ready
<14>Dec  8 13:59:51 ndm: Network::Interface::Base: "GigabitEthernet0": "base" changed "conf" layer state "disabled" to "running". 
<14>Dec  8 13:59:51 ndm: Network::Interface::Base: "GigabitEthernet0": interface is up. 
<14>Dec  8 13:59:51 ndm: Network::Interface::Base: "GigabitEthernet0/1": renamed to "1". 
<14>Dec  8 13:59:51 ndm: Network::Interface::Switch: "GigabitEthernet0/1": access mode enabled. 
<14>Dec  8 13:59:51 ndm: Network::Interface::Switch: "GigabitEthernet0/1": set access VLAN ID: 1. 
<14>Dec  8 13:59:51 ndm: Network::Interface::Base: "GigabitEthernet0/1": "base" changed "conf" layer state "disabled" to "running". 
<14>Dec  8 13:59:51 ndm: Network::Interface::Base: "GigabitEthernet0/1": interface is up. 
<14>Dec  8 13:59:51 ndm: Network::Interface::Base: "GigabitEthernet0/2": renamed to "2". 
<14>Dec  8 13:59:51 ndm: Network::Interface::Switch: "GigabitEthernet0/2": access mode enabled. 
<14>Dec  8 13:59:51 ndm: Network::Interface::Switch: "GigabitEthernet0/2": set access VLAN ID: 1. 
<14>Dec  8 13:59:51 ndm: Network::Interface::Base: "GigabitEthernet0/2": "base" changed "conf" layer state "disabled" to "running". 
<14>Dec  8 13:59:51 ndm: Network::Interface::Base: "GigabitEthernet0/2": interface is up. 
<14>Dec  8 13:59:51 ndm: Network::Interface::Base: "GigabitEthernet0/3": renamed to "3". 
<14>Dec  8 13:59:51 ndm: Network::Interface::Switch: "GigabitEthernet0/3": access mode enabled. 
<14>Dec  8 13:59:51 ndm: Network::Interface::Switch: "GigabitEthernet0/3": set access VLAN ID: 1. 
<14>Dec  8 13:59:51 ndm: Network::Interface::Base: "GigabitEthernet0/3": "base" changed "conf" layer state "disabled" to "running". 
<14>Dec  8 13:59:51 ndm: Network::Interface::Base: "GigabitEthernet0/3": interface is up. 
<14>Dec  8 13:59:51 ndm: Network::Interface::Base: "GigabitEthernet0/Vlan1": interface is down. 
<14>Dec  8 13:59:51 ndm: Network::Interface::Base: "GigabitEthernet0/Vlan1": network MTU reset to default. 
<14>Dec  8 13:59:51 ndm: Network::Interface::Repository: "GigabitEthernet0/Vlan1" interface created. 
<14>Dec  8 13:59:51 kernel: IPv6: ADDRCONF(NETDEV_CHANGE): eth2: link becomes ready
<14>Dec  8 13:59:52 ndm: Network::Interface::Base: "GigabitEthernet0/Vlan1": description saved. 
<14>Dec  8 13:59:52 ndm: Network::Interface::L3Base: "GigabitEthernet0/Vlan1": security level set to "private". 
<14>Dec  8 13:59:52 ndm: Dhcp::Client: GigabitEthernet0/Vlan1 DHCP client DNS host routes are enabled. 
<14>Dec  8 13:59:52 ndm: Dns::InterfaceSpecific: "GigabitEthernet0/Vlan1": accept IPv4 name servers. 
<14>Dec  8 13:59:52 ndm: Network::Interface::Base: "GigabitEthernet0/Vlan1": "base" changed "conf" layer state "disabled" to "running". 
<14>Dec  8 13:59:52 ndm: Network::Interface::Base: "GigabitEthernet0/Vlan1": interface is up. 
<14>Dec  8 13:59:52 ndm: Network::Interface::Base: "GigabitEthernet0/Vlan2": interface is down. 
<14>Dec  8 13:59:52 ndm: Network::Interface::Base: "GigabitEthernet0/Vlan2": network MTU reset to default. 
<14>Dec  8 13:59:52 ndm: Network::Interface::Repository: "GigabitEthernet0/Vlan2" interface created. 
<14>Dec  8 13:59:53 ndm: Network::Interface::Base: "GigabitEthernet0/Vlan2": renamed to "ISP". 
<14>Dec  8 13:59:53 ndm: Network::Interface::Base: "GigabitEthernet0/Vlan2": description saved. 
<14>Dec  8 13:59:53 ndm: Network::Interface::Mac: "GigabitEthernet0/Vlan2": MAC address reset to factory 50:ff:20:a0:e3:c5. 
<14>Dec  8 13:59:53 kernel: device eth2 entered promiscuous mode
<14>Dec  8 13:59:53 ndm: Network::Interface::L3Base: "GigabitEthernet0/Vlan2": security level set to "public". 
<14>Dec  8 13:59:53 ndm: Dhcp::Client: started DHCP client on GigabitEthernet0/Vlan2. 
<14>Dec  8 13:59:53 ndm: Dhcp::Client: GigabitEthernet0/Vlan2 DHCP client DNS host routes are enabled. 
<14>Dec  8 13:59:53 ndm: Network::Interface::L3Base: "GigabitEthernet0/Vlan2": global priority is 700. 
<14>Dec  8 13:59:53 ndm: Dns::InterfaceSpecific: "GigabitEthernet0/Vlan2": accept IPv4 name servers. 
<14>Dec  8 13:59:53 ndm: Igmp::Proxy: upstream role assigned to GigabitEthernet0/Vlan2. 
<14>Dec  8 13:59:53 ndm: Network::Interface::Ip6: "GigabitEthernet0/Vlan2": accept address provided by the interface network. 
<14>Dec  8 13:59:53 ndm: Network::Interface::Ip6: "GigabitEthernet0/Vlan2": accept prefixes provided by the interface network. 
<14>Dec  8 13:59:53 ndm: Dns::InterfaceSpecific: "GigabitEthernet0/Vlan2": accept IPv6 name servers. 
<14>Dec  8 13:59:53 ndm: Network::Interface::Base: "GigabitEthernet0/Vlan2": "base" changed "conf" layer state "disabled" to "running". 
<14>Dec  8 13:59:53 ndm: Network::Interface::Base: "GigabitEthernet0/Vlan2": interface is up. 
<14>Dec  8 13:59:53 ndm: Network::Interface::Base: "GigabitEthernet0/0": renamed to "0". 
<14>Dec  8 13:59:53 ndm: Network::Interface::Base: "GigabitEthernet0/0": assigned role "inet" for GigabitEthernet0/Vlan2. 
<14>Dec  8 13:59:53 ndm: Network::Interface::Switch: "GigabitEthernet0/0": access mode enabled. 
<14>Dec  8 13:59:53 ndm: Network::Interface::Switch: "GigabitEthernet0/0": set access VLAN ID: 2. 
<14>Dec  8 13:59:53 ndm: Network::Interface::Base: "GigabitEthernet0/0": "base" changed "conf" layer state "disabled" to "running". 
<14>Dec  8 13:59:53 ndm: Network::Interface::Base: "GigabitEthernet0/0": interface is up. 
<14>Dec  8 13:59:53 ndm: Network::Interface::Base: "GigabitEthernet0/Vlan3": interface is down. 
<14>Dec  8 13:59:53 ndm: Network::Interface::Base: "GigabitEthernet0/Vlan3": network MTU reset to default. 
<14>Dec  8 13:59:53 ndm: Network::Interface::Repository: "GigabitEthernet0/Vlan3" interface created. 
<14>Dec  8 13:59:54 ndm: Network::Interface::Base: "GigabitEthernet0/Vlan3": description saved. 
<14>Dec  8 13:59:54 ndm: Network::Interface::L3Base: "GigabitEthernet0/Vlan3": security level set to "protected". 
<14>Dec  8 13:59:54 ndm: Dhcp::Client: GigabitEthernet0/Vlan3 DHCP client DNS host routes are enabled. 
<14>Dec  8 13:59:54 ndm: Dns::InterfaceSpecific: "GigabitEthernet0/Vlan3": accept IPv4 name servers. 
<14>Dec  8 13:59:54 ndm: Network::Interface::Base: "GigabitEthernet0/Vlan3": "base" changed "conf" layer state "disabled" to "running". 
<14>Dec  8 13:59:54 ndm: Network::Interface::Base: "GigabitEthernet0/Vlan3": interface is up. 
<14>Dec  8 13:59:54 ndm: Network::Interface::Base: "Dsl0": renamed to "DSL". 
<14>Dec  8 13:59:54 ndm: Network::Interface::L3Base: "Dsl0": security level set to "public". 
<14>Dec  8 13:59:54 ndm: Dhcp::Client: started DHCP client on Dsl0. 
<14>Dec  8 13:59:54 ndm: Dhcp::Client: Dsl0 DHCP client DNS host routes are enabled. 
<14>Dec  8 13:59:54 ndm: Network::Interface::L3Base: "Dsl0": global priority is 350. 
<14>Dec  8 13:59:54 ndm: Dns::InterfaceSpecific: "Dsl0": accept IPv4 name servers. 
<14>Dec  8 13:59:54 ndm: Network::Interface::Dsl: "Dsl0": set AUTO operating mode, annex AUTO. 
<14>Dec  8 13:59:54 ndm: Network::Interface::Tc3262::Dsl: enabled ADSL SRA. 
<14>Dec  8 13:59:54 ndm: Network::Interface::Tc3262::Dsl: enabled ADSL bitswap. 
<14>Dec  8 13:59:54 ndm: Network::Interface::Dsl: "Dsl0": enabled 8A profile. 
<14>Dec  8 13:59:54 ndm: Network::Interface::Dsl: "Dsl0": enabled 8B profile. 
<14>Dec  8 13:59:54 ndm: Network::Interface::Dsl: "Dsl0": enabled 8C profile. 
<14>Dec  8 13:59:54 ndm: Network::Interface::Dsl: "Dsl0": enabled 8D profile. 
<14>Dec  8 13:59:54 ndm: Network::Interface::Dsl: "Dsl0": enabled 12A profile. 
<14>Dec  8 13:59:54 ndm: Network::Interface::Dsl: "Dsl0": enabled 12B profile. 
<14>Dec  8 13:59:54 ndm: Network::Interface::Dsl: "Dsl0": enabled 17A profile. 
<14>Dec  8 13:59:54 ndm: Network::Interface::Dsl: "Dsl0": enabled 30A profile. 
<14>Dec  8 13:59:54 ndm: Network::Interface::Dsl: "Dsl0": selected AUTO carrier set. 
<14>Dec  8 13:59:54 ndm: Network::Interface::Tc3262::Dsl: enabled VDSL SRA. 
<14>Dec  8 13:59:54 ndm: Network::Interface::Tc3262::Dsl: enabled VDSL bitswap. 
<14>Dec  8 13:59:54 ndm: Network::Interface::Base: "Dsl0": "base" changed "conf" layer state "running" to "disabled". 
<14>Dec  8 13:59:54 ndm: Network::Interface::Base: "Dsl0": interface is down. 
<14>Dec  8 13:59:54 ndm: Network::Interface::Dsl: "Dsl0": xDSL line down. 
<14>Dec  8 13:59:54 ndm: Network::Interface::Base: "Dsl0/Pvc0": interface is down. 
<14>Dec  8 13:59:54 ndm: Network::Interface::Base: "Dsl0/Pvc0": network MTU reset to default. 
<14>Dec  8 13:59:54 ndm: Network::Interface::Mac: "Dsl0/Pvc0": MAC address reset to factory 50:ff:20:a0:e3:c5. 
<14>Dec  8 13:59:54 kernel: IPv6: ADDRCONF(NETDEV_UP): atm0.10: link is not ready
<14>Dec  8 13:59:54 ndm: Network::Interface::Base: "Dsl0/Pvc0": "base" changed "conf" layer state "disabled" to "running". 
<14>Dec  8 13:59:54 ndm: Network::Interface::Base: "Dsl0/Pvc0": interface is up. 
<14>Dec  8 13:59:54 ndm: Network::Interface::Repository: "Dsl0/Pvc0" interface created. 
<14>Dec  8 13:59:55 ndm: Network::Interface::Base: "Dsl0/Pvc0": assigned role "inet" for Dsl0/Pvc0. 
<14>Dec  8 13:59:55 ndm: Network::Interface::Tc3262::Dsl: "Dsl0/Pvc0": reconfigured. 
<14>Dec  8 13:59:55 ndm: Network::Interface::Pvc: "Dsl0/Pvc0": assigned 8/35. 
<14>Dec  8 13:59:55 ndm: Network::Interface::Pvc: "Dsl0/Pvc0": using Ethernet encapsulation, LLC mux. 
<14>Dec  8 13:59:55 ndm: Network::Interface::L3Base: "Dsl0/Pvc0": security level set to "public". 
<14>Dec  8 13:59:55 ndm: Dhcp::Client: started DHCP client on Dsl0/Pvc0. 
<14>Dec  8 13:59:55 ndm: Dhcp::Client: Dsl0/Pvc0 DHCP client DNS host routes are enabled. 
<14>Dec  8 13:59:55 ndm: Network::Interface::L3Base: "Dsl0/Pvc0": global priority is 525. 
<14>Dec  8 13:59:55 ndm: Dns::InterfaceSpecific: "Dsl0/Pvc0": accept IPv4 name servers. 
<14>Dec  8 13:59:55 ndm: Network::Interface::Base: "Dsl0/Pvc0": interface is up. 
<14>Dec  8 13:59:55 ndm: Network::Interface::Mtk::WifiMaster: "WifiMaster0": PHY mode set. 
<14>Dec  8 13:59:55 ndm: Network::Interface::Base: "WifiMaster0": "base" changed "conf" layer state "disabled" to "running". 
<14>Dec  8 13:59:55 ndm: Network::Interface::Base: "WifiMaster0": interface is up. 
<14>Dec  8 13:59:55 ndm: Network::Interface::Base: "WifiMaster0/AccessPoint0": renamed to "AccessPoint". 
<14>Dec  8 13:59:55 ndm: Network::Interface::Base: "WifiMaster0/AccessPoint0": description saved. 
<14>Dec  8 13:59:55 ndm: Network::Interface::EthernetIp: "WifiMaster0/AccessPoint0": ACL type unchanged. 
<14>Dec  8 13:59:55 ndm: Network::Interface::L3Base: "WifiMaster0/AccessPoint0": security level set to "private". 
<14>Dec  8 13:59:55 ndm: Network::Interface::Mtk::Wps: "WifiMaster0/AccessPoint0": WPS enabled. 
<14>Dec  8 13:59:55 ndm: Network::Interface::Mtk::Wps: "WifiMaster0/AccessPoint0": an auto self PIN mode disabled. 
<14>Dec  8 13:59:55 ndm: Network::Interface::Wifi: "WifiMaster0/AccessPoint0": WPA PSK set. 
<14>Dec  8 13:59:55 ndm: Network::Interface::Mtk::AccessPoint: "WifiMaster0/AccessPoint0": wireless encryption enabled. 
<14>Dec  8 13:59:55 ndm: Network::Interface::Mtk::AccessPoint: "WifiMaster0/AccessPoint0": WPA2 enabled. 
<14>Dec  8 13:59:55 ndm: Dhcp::Client: WifiMaster0/AccessPoint0 DHCP client DNS host routes are enabled. 
<14>Dec  8 13:59:55 ndm: Dns::InterfaceSpecific: "WifiMaster0/AccessPoint0": accept IPv4 name servers. 
<14>Dec  8 13:59:55 ndm: Network::Interface::Wireless: "WifiMaster0/AccessPoint0": SSID saved. 
<14>Dec  8 13:59:55 ndm: Network::Interface::Mtk::AccessPoint: "WifiMaster0/AccessPoint0": WMM extensions enabled. 
<14>Dec  8 13:59:55 ndm: Network::Interface::Mtk::AccessPoint: "WifiMaster0/AccessPoint0": RRM enabled. 
<14>Dec  8 13:59:55 ndm: Network::Interface::Mtk::AccessPoint: "WifiMaster0/AccessPoint0": BTM enabled. 
<14>Dec  8 13:59:55 ndm: Network::Interface::Mtk::AccessPoint: "WifiMaster0/AccessPoint0": fast transition MDID set to "Ni". 
<14>Dec  8 13:59:55 ndm: Network::Interface::Mtk::AccessPoint: "WifiMaster0/AccessPoint0": fast transition enabled. 
<14>Dec  8 13:59:55 kernel: IPv6: ADDRCONF(NETDEV_UP): ra0: link is not ready
<14>Dec  8 13:59:55 ndm: Network::Interface::Base: "WifiMaster0/AccessPoint0": "base" changed "conf" layer state "disabled" to "running". 
<14>Dec  8 13:59:55 ndm: Network::Interface::Base: "WifiMaster0/AccessPoint0": interface is up. 
<14>Dec  8 13:59:55 ndm: Network::Interface::Base: "WifiMaster0/AccessPoint1": renamed to "GuestWiFi". 
<14>Dec  8 13:59:55 ndm: Network::Interface::Base: "WifiMaster0/AccessPoint1": description saved. 
<14>Dec  8 13:59:55 ndm: Network::Interface::EthernetIp: "WifiMaster0/AccessPoint1": ACL type unchanged. 
<14>Dec  8 13:59:55 ndm: Network::Interface::L3Base: "WifiMaster0/AccessPoint1": security level set to "private". 
<14>Dec  8 13:59:55 ndm: Dhcp::Client: WifiMaster0/AccessPoint1 DHCP client DNS host routes are enabled. 
<14>Dec  8 13:59:55 ndm: Dns::InterfaceSpecific: "WifiMaster0/AccessPoint1": accept IPv4 name servers. 
<14>Dec  8 13:59:55 ndm: Network::Interface::Wireless: "WifiMaster0/AccessPoint1": SSID saved. 
<14>Dec  8 13:59:55 kernel: ensoc_dmt:  not clear cmds!
<14>Dec  8 13:59:55 kernel: ensoc_dmt: clear all cmds!
<14>Dec  8 13:59:55 kernel: ensoc_dmt: clear all cmds!
<14>Dec  8 13:59:55 kernel: ensoc_dmt: Set vdsl default value!
<14>Dec  8 13:59:55 kernel: ensoc_dmt: Set adsl default value!
<14>Dec  8 13:59:55 ndm: Network::Interface::Mtk::AccessPoint: "WifiMaster0/AccessPoint1": WMM extensions enabled. 
<14>Dec  8 13:59:55 ndm: Network::Interface::Mtk::AccessPoint: "WifiMaster0/AccessPoint1": RRM enabled. 
<14>Dec  8 13:59:55 ndm: Network::Interface::Mtk::AccessPoint: "WifiMaster0/AccessPoint1": BTM enabled. 
<14>Dec  8 13:59:55 ndm: Network::Interface::Mtk::AccessPoint: "WifiMaster0/AccessPoint1": fast transition MDID set to "ti". 
<14>Dec  8 13:59:55 ndm: Network::Interface::Mtk::AccessPoint: "WifiMaster0/AccessPoint1": fast transition enabled. 
<14>Dec  8 13:59:55 ndm: Network::Interface::Base: "WifiMaster0/AccessPoint1": interface is down. 
<14>Dec  8 13:59:55 kernel: IPv6: ADDRCONF(NETDEV_CHANGE): ra0: link becomes ready
<14>Dec  8 13:59:55 ndm: Network::Interface::EthernetIp: "WifiMaster0/AccessPoint2": ACL type unchanged. 
<14>Dec  8 13:59:55 ndm: Network::Interface::L3Base: "WifiMaster0/AccessPoint2": security level set to "private". 
<14>Dec  8 13:59:55 ndm: Dhcp::Client: WifiMaster0/AccessPoint2 DHCP client DNS host routes are enabled. 
<14>Dec  8 13:59:55 ndm: Dns::InterfaceSpecific: "WifiMaster0/AccessPoint2": accept IPv4 name servers. 
<14>Dec  8 13:59:55 ndm: Network::Interface::Base: "WifiMaster0/AccessPoint2": interface is down. 
<14>Dec  8 13:59:55 ndm: Network::Interface::EthernetIp: "WifiMaster0/AccessPoint3": ACL type unchanged. 
<14>Dec  8 13:59:55 ndm: Network::Interface::L3Base: "WifiMaster0/AccessPoint3": security level set to "private". 
<14>Dec  8 13:59:55 ndm: Dhcp::Client: WifiMaster0/AccessPoint3 DHCP client DNS host routes are enabled. 
<14>Dec  8 13:59:55 ndm: Dns::InterfaceSpecific: "WifiMaster0/AccessPoint3": accept IPv4 name servers. 
<14>Dec  8 13:59:55 ndm: Network::Interface::Base: "WifiMaster0/AccessPoint3": interface is down. 
<14>Dec  8 13:59:55 ndm: Network::Interface::L3Base: "WifiMaster0/WifiStation0": security level set to "public". 
<14>Dec  8 13:59:55 ndm: Network::Interface::Mtk::WifiStation: "WifiMaster0/WifiStation0": wireless encryption disabled. 
<14>Dec  8 13:59:55 ndm: Dhcp::Client: WifiMaster0/WifiStation0 DHCP client DNS host routes are enabled. 
<14>Dec  8 13:59:55 ndm: Dns::InterfaceSpecific: "WifiMaster0/WifiStation0": accept IPv4 name servers. 
<14>Dec  8 13:59:55 ndm: Network::Interface::Base: "WifiMaster0/WifiStation0": interface is down. 
<14>Dec  8 13:59:55 ndm: Network::Interface::Base: "CdcEthernet4": interface is down. 
<14>Dec  8 13:59:55 ndm: Network::Interface::Base: "CdcEthernet4": network MTU reset to default. 
<14>Dec  8 13:59:55 kernel: IPv6: ADDRCONF(NETDEV_UP): cdc_br4: link is not ready
<14>Dec  8 13:59:55 ndm: Network::Interface::Base: "CdcEthernet4": "base" changed "conf" layer state "disabled" to "running". 
<14>Dec  8 13:59:55 ndm: Network::Interface::Base: "CdcEthernet4": interface is up. 
<14>Dec  8 13:59:55 ndm: Network::Interface::Repository: "CdcEthernet4" interface created. 
<14>Dec  8 13:59:56 ndm: Network::Interface::Base: "CdcEthernet4": description saved. 
<14>Dec  8 13:59:56 ndm: Network::Interface::Usb: "CdcEthernet4": device ID assigned. 
<14>Dec  8 13:59:56 ndm: Network::Interface::L3Base: "CdcEthernet4": security level set to "public". 
<14>Dec  8 13:59:56 ndm: Dhcp::Client: started DHCP client on CdcEthernet4. 
<14>Dec  8 13:59:56 ndm: Dhcp::Client: CdcEthernet4 DHCP client DNS host routes are enabled. 
<14>Dec  8 13:59:56 kernel: IPv6: ADDRCONF(NETDEV_UP): cdc_br5: link is not ready
<14>Dec  8 13:59:56 ndm: Network::Interface::L3Base: "CdcEthernet4": global priority is 10. 
<14>Dec  8 13:59:56 ndm: PingCheck::Client: set "default" ping-check profile for interface "CdcEthernet4". 
<14>Dec  8 13:59:56 ndm: Network::Interface::Base: "CdcEthernet4": interface is up. 
<14>Dec  8 13:59:56 ndm: Network::Interface::Base: "CdcEthernet5": interface is down. 
<14>Dec  8 13:59:56 ndm: Network::Interface::Base: "CdcEthernet5": network MTU reset to default. 
<14>Dec  8 13:59:56 ndm: Network::Interface::Base: "CdcEthernet5": "base" changed "conf" layer state "disabled" to "running". 
<14>Dec  8 13:59:56 ndm: Network::Interface::Base: "CdcEthernet5": interface is up. 
<14>Dec  8 13:59:56 ndm: Network::Interface::Repository: "CdcEthernet5" interface created. 
<14>Dec  8 13:59:57 ndm: Network::Interface::Base: "CdcEthernet5": description saved. 
<14>Dec  8 13:59:57 ndm: Network::Interface::Usb: "CdcEthernet5": device ID assigned. 
<14>Dec  8 13:59:57 ndm: Network::Interface::L3Base: "CdcEthernet5": security level set to "public". 
<14>Dec  8 13:59:57 ndm: Dhcp::Client: started DHCP client on CdcEthernet5. 
<14>Dec  8 13:59:57 ndm: Dhcp::Client: CdcEthernet5 DHCP client DNS host routes are enabled. 
<14>Dec  8 13:59:57 ndm: Network::Interface::L3Base: "CdcEthernet5": global priority is 5. 
<14>Dec  8 13:59:57 ndm: PingCheck::Client: set "default" ping-check profile for interface "CdcEthernet5". 
<14>Dec  8 13:59:57 ndm: Network::Interface::Base: "CdcEthernet5": interface is up. 
<14>Dec  8 13:59:57 ndm: Network::Interface::Base: "Bridge0": interface is down. 
<14>Dec  8 13:59:57 ndm: Network::Interface::Base: "Bridge0": network MTU reset to default. 
<14>Dec  8 13:59:57 ndm: Network::Interface::Base: "Bridge0": "base" changed "conf" layer state "disabled" to "running". 
<14>Dec  8 13:59:57 ndm: Network::Interface::Base: "Bridge0": interface is up. 
<14>Dec  8 13:59:57 ndm: Network::Interface::Repository: "Bridge0" interface created. 
<14>Dec  8 13:59:58 ndm: Network::Interface::Base: "Bridge0": renamed to "Home". 
<14>Dec  8 13:59:58 kernel: br0: port 1(eth2.1) entered blocking state
<14>Dec  8 13:59:58 kernel: br0: port 1(eth2.1) entered disabled state
<14>Dec  8 13:59:58 kernel: device eth2.1 entered promiscuous mode
<14>Dec  8 13:59:58 kernel: br0: port 1(eth2.1) entered blocking state
<14>Dec  8 13:59:58 kernel: br0: port 1(eth2.1) entered forwarding state
<14>Dec  8 13:59:58 kernel: br0: disabled STP choke for port 1(eth2.1)
<14>Dec  8 13:59:58 ndm: Network::Interface::Base: "Bridge0": description saved. 
<14>Dec  8 13:59:58 ndm: Network::Interface::Base: "Bridge0": interface is up. 
<14>Dec  8 13:59:58 ndm: Network::Interface::L3Base: "Bridge0": global priority unchanged. 
<14>Dec  8 13:59:58 ndm: Network::Interface::L3Base: "Bridge0": global priority cleared. 
<14>Dec  8 13:59:58 ndm: Network::Interface::Ip: "Bridge0": IP address cleared. 
<14>Dec  8 13:59:58 ndm: Network::Interface::Ip: "Bridge0": IP address cleared. 
<14>Dec  8 13:59:58 ndm: Network::Interface::Mac: "Bridge0": backed up the default address 50:ff:20:a0:e3:c4 of "Home" before changing. 
<14>Dec  8 13:59:59 kernel: br0: port 1(eth2.1) entered disabled state
<14>Dec  8 13:59:59 kernel: br0: port 1(eth2.1) entered blocking state
<14>Dec  8 13:59:59 kernel: br0: port 1(eth2.1) entered forwarding state
<14>Dec  8 13:59:59 kernel: br0: port 2(ra0) entered blocking state
<14>Dec  8 13:59:59 kernel: br0: port 2(ra0) entered disabled state
<14>Dec  8 13:59:59 kernel: device ra0 entered promiscuous mode
<14>Dec  8 13:59:59 kernel: br0: port 2(ra0) entered blocking state
<14>Dec  8 13:59:59 kernel: br0: port 2(ra0) entered forwarding state
<14>Dec  8 13:59:59 kernel: br0: disabled STP choke for port 2(ra0)
<14>Dec  8 13:59:59 ndm: Network::Interface::Mac: "Bridge0": MAC address is 50:ff:20:a0:e3:c4. 
<14>Dec  8 13:59:59 ndm: Network::Interface::Bridge: "Bridge0": GigabitEthernet0/Vlan1 inherited in Bridge0. 
<14>Dec  8 13:59:59 kernel: br0: port 2(ra0) entered disabled state
<14>Dec  8 13:59:59 kernel: br0: port 1(eth2.1) entered disabled state
<14>Dec  8 13:59:59 kernel: br0: port 2(ra0) entered blocking state
<14>Dec  8 13:59:59 kernel: br0: port 2(ra0) entered forwarding state
<14>Dec  8 13:59:59 kernel: br0: port 1(eth2.1) entered blocking state
<14>Dec  8 13:59:59 kernel: br0: port 1(eth2.1) entered forwarding state
<14>Dec  8 13:59:59 ndm: Network::Interface::Bridge: "Bridge0": AccessPoint included. 
<14>Dec  8 13:59:59 ndm: Network::Interface::EthernetIp: "Bridge0": ACL type unchanged. 
<14>Dec  8 13:59:59 ndm: Network::Interface::L3Base: "Bridge0": security level set to "private". 
<14>Dec  8 13:59:59 ndm: Network::Interface::Ip: "Bridge0": IP address is 192.168.1.1/24. 
<14>Dec  8 13:59:59 ndm: Dhcp::Client: Bridge0 DHCP client DNS host routes are enabled. 
<14>Dec  8 13:59:59 ndm: Dns::InterfaceSpecific: "Bridge0": accept IPv4 name servers. 
<14>Dec  8 13:59:59 ndm: Igmp::Proxy: added downstream interface Bridge0. 
<14>Dec  8 13:59:59 ndm: Network::Interface::Mtk::Iapp: Bridge0 key applied. 
<14>Dec  8 13:59:59 ndm: Network::Interface::Base: "Bridge0": interface is up. 
<14>Dec  8 13:59:59 ndm: Network::Interface::Base: "Bridge1": interface is down. 
<14>Dec  8 13:59:59 ndm: Network::Interface::Base: "Bridge1": network MTU reset to default. 
<14>Dec  8 13:59:59 ndm: Network::Interface::Base: "Bridge1": "base" changed "conf" layer state "disabled" to "running". 
<14>Dec  8 13:59:59 ndm: Network::Interface::Base: "Bridge1": interface is up. 
<14>Dec  8 13:59:59 ndm: Network::Interface::Repository: "Bridge1" interface created. 
<14>Dec  8 14:00:00 ndm: Network::Interface::Base: "Bridge1": renamed to "Guest". 
<14>Dec  8 14:00:00 ndm: Network::Interface::Base: "Bridge1": description saved. 
<14>Dec  8 14:00:00 ndm: Network::Interface::Switch: "GigabitEthernet0/1": switch link up at port 1 (100FD/AN). 
<14>Dec  8 14:00:00 kernel: br1: port 1(eth2.3) entered blocking state
<14>Dec  8 14:00:00 kernel: br1: port 1(eth2.3) entered disabled state
<14>Dec  8 14:00:00 kernel: device eth2.3 entered promiscuous mode
<14>Dec  8 14:00:00 kernel: br1: port 1(eth2.3) entered blocking state
<14>Dec  8 14:00:00 kernel: br1: port 1(eth2.3) entered forwarding state
<14>Dec  8 14:00:00 kernel: br1: disabled STP choke for port 1(eth2.3)
<14>Dec  8 14:00:00 ndm: Network::Interface::Base: "GigabitEthernet0/1": "ethernet" changed "link" layer state "pending" to "running". 
<14>Dec  8 14:00:00 ndm: Network::Interface::Base: "GigabitEthernet0": "ethernet" changed "link" layer state "pending" to "running". 
<14>Dec  8 14:00:00 ndm: Network::Interface::Base: "GigabitEthernet0/Vlan1": "ethernet" changed "link" layer state "pending" to "running". 
<14>Dec  8 14:00:00 ndm: Network::Interface::Base: "Bridge0": "ethernet" changed "link" layer state "pending" to "running". 
<14>Dec  8 14:00:00 ndm: TrafficControl::Manager: "Bridge1" interface rate limited to 5120 kbit/s. 
<14>Dec  8 14:00:00 ndm: Network::Interface::Base: "Bridge1": interface is up. 
<14>Dec  8 14:00:00 ndm: Network::Interface::L3Base: "Bridge1": global priority unchanged. 
<14>Dec  8 14:00:00 ndm: Network::Interface::L3Base: "Bridge1": global priority cleared. 
<14>Dec  8 14:00:00 ndm: Network::Interface::Ip: "Bridge1": IP address cleared. 
<14>Dec  8 14:00:00 ndm: Network::Interface::Ip: "Bridge1": IP address cleared. 
<14>Dec  8 14:00:00 ndm: Network::Interface::Mac: "Bridge1": backed up the default address 50:ff:20:a0:e3:c4 of "Guest" before changing. 
<14>Dec  8 14:00:00 ndm: Core::System::DriverManager: loading /lib/modules/4.9-ndm-5/nf_conntrack_ftp.ko. 
<14>Dec  8 14:00:00 ndm: Core::System::DriverManager: loading /lib/modules/4.9-ndm-5/nf_nat_ftp.ko. 
<14>Dec  8 14:00:00 kernel: br1: port 1(eth2.3) entered disabled state
<14>Dec  8 14:00:00 kernel: br1: port 1(eth2.3) entered blocking state
<14>Dec  8 14:00:00 kernel: br1: port 1(eth2.3) entered forwarding state
<14>Dec  8 14:00:00 ndm: Network::Interface::Mac: "Bridge1": MAC address is 50:ff:20:a0:e3:c4. 
<14>Dec  8 14:00:00 ndm: Network::Interface::Bridge: "Bridge1": GigabitEthernet0/Vlan3 inherited in Bridge1. 
<14>Dec  8 14:00:00 kernel: br1: port 2(ra1) entered blocking state
<14>Dec  8 14:00:00 kernel: br1: port 2(ra1) entered disabled state
<14>Dec  8 14:00:00 kernel: device ra1 entered promiscuous mode
<14>Dec  8 14:00:00 kernel: br1: disabled STP choke for port 2(ra1)
<14>Dec  8 14:00:00 kernel: br1: port 1(eth2.3) entered disabled state
<14>Dec  8 14:00:00 kernel: br1: port 1(eth2.3) entered blocking state
<14>Dec  8 14:00:00 kernel: br1: port 1(eth2.3) entered forwarding state
<14>Dec  8 14:00:00 ndm: Network::Interface::Bridge: "Bridge1": GuestWiFi included. 
<14>Dec  8 14:00:00 ndm: Network::Interface::EthernetIp: "Bridge1": ACL type unchanged. 
<14>Dec  8 14:00:00 ndm: Network::Interface::Mtk::AccessPoint: "WifiMaster0/AccessPoint1": peer isolation enabled. 
<14>Dec  8 14:00:00 ndm: Network::Interface::EthernetIp: "Bridge1": peer isolation enabled. 
<14>Dec  8 14:00:00 ndm: Network::Interface::L3Base: "Bridge1": security level set to "protected". 
<14>Dec  8 14:00:00 ndm: Network::Interface::Bridge: "Bridge1": set enhanced address "52:ff:20:a0:e3:c3". 
<14>Dec  8 14:00:00 ndm: Network::Interface::Mac: "GigabitEthernet0/Vlan3": backed up the default address 50:ff:20:a0:e3:c4 of "GigabitEthernet0/Vlan3" before changing. 
<14>Dec  8 14:00:00 kernel: br1: port 1(eth2.3) entered disabled state
<14>Dec  8 14:00:00 kernel: br1: port 1(eth2.3) entered blocking state
<14>Dec  8 14:00:00 kernel: br1: port 1(eth2.3) entered forwarding state
<14>Dec  8 14:00:00 kernel: br1: port 1(eth2.3) entered disabled state
<14>Dec  8 14:00:00 kernel: br1: port 1(eth2.3) entered blocking state
<14>Dec  8 14:00:00 kernel: br1: port 1(eth2.3) entered forwarding state
<14>Dec  8 14:00:00 ndm: Network::Interface::Mac: "Bridge1": MAC address is 52:ff:20:a0:e3:c3. 
<14>Dec  8 14:00:00 ndm: Network::Interface::Ip: "Bridge1": IP address is 10.1.30.1/24. 
<14>Dec  8 14:00:00 ndm: Dhcp::Client: Bridge1 DHCP client DNS host routes are enabled. 
<14>Dec  8 14:00:00 ndm: Dns::InterfaceSpecific: "Bridge1": accept IPv4 name servers. 
<14>Dec  8 14:00:00 ndm: Network::Interface::Mtk::Iapp: Bridge1 key applied. 
<14>Dec  8 14:00:00 kernel: br1: port 1(eth2.3) entered disabled state
<14>Dec  8 14:00:00 ndm: Network::Interface::Base: "Bridge1": "base" changed "conf" layer state "running" to "disabled". 
<14>Dec  8 14:00:00 ndm: Network::Interface::Base: "Bridge1": interface is down. 
<14>Dec  8 14:00:00 ndm: Network::Interface::Base: "Bridge5": interface is down. 
<14>Dec  8 14:00:00 ndm: Network::Interface::Base: "Bridge5": network MTU reset to default. 
<14>Dec  8 14:00:00 ndm: Network::Interface::Base: "Bridge5": "base" changed "conf" layer state "disabled" to "running". 
<14>Dec  8 14:00:00 ndm: Network::Interface::Base: "Bridge5": interface is up. 
<14>Dec  8 14:00:00 ndm: Network::Interface::Repository: "Bridge5" interface created. 
<14>Dec  8 14:00:01 ndm: Network::Interface::Base: "Bridge5": assigned role "inet" for Dsl0. 
<14>Dec  8 14:00:01 kernel: br5: port 1(ptm0) entered blocking state
<14>Dec  8 14:00:01 kernel: br5: port 1(ptm0) entered disabled state
<14>Dec  8 14:00:01 kernel: device ptm0 entered promiscuous mode
<14>Dec  8 14:00:01 kernel: br5: disabled STP choke for port 1(ptm0)
<14>Dec  8 14:00:01 ndm: Network::Interface::L3Base: "Dsl0": global priority cleared. 
<14>Dec  8 14:00:01 ndm: Network::Interface::L3Base: "Bridge5": global priority is 350. 
<14>Dec  8 14:00:01 ndm: Network::Interface::Ip: "Bridge5": IP address cleared. 
<14>Dec  8 14:00:01 ndm: Network::Interface::Ip: "Bridge5": IP address cleared. 
<14>Dec  8 14:00:01 kernel: IPv6: ADDRCONF(NETDEV_UP): br5: link is not ready
<14>Dec  8 14:00:01 ndm: Network::Interface::Mac: "Bridge5": MAC address reset to factory 50:ff:20:a0:e3:c5. 
<14>Dec  8 14:00:02 kernel: IPv6: ADDRCONF(NETDEV_UP): br5: link is not ready
<14>Dec  8 14:00:02 ndm: Network::Interface::Mac: "Bridge5": MAC address is 50:ff:20:a0:e3:c5. 
<14>Dec  8 14:00:02 ndm: Network::Interface::Bridge: "Bridge5": DSL inherited in Bridge5. 
<14>Dec  8 14:00:02 kernel: br5: port 2(atm0.10) entered blocking state
<14>Dec  8 14:00:02 kernel: br5: port 2(atm0.10) entered disabled state
<14>Dec  8 14:00:02 kernel: device atm0.10 entered promiscuous mode
<14>Dec  8 14:00:02 kernel: device atm0 entered promiscuous mode
<14>Dec  8 14:00:02 kernel: br5: disabled STP choke for port 2(atm0.10)
<14>Dec  8 14:00:02 kernel: IPv6: ADDRCONF(NETDEV_UP): br5: link is not ready
<14>Dec  8 14:00:02 ndm: Network::Interface::Bridge: "Bridge5": Dsl0/Pvc0 included. 
<14>Dec  8 14:00:02 ndm: Network::Interface::EthernetIp: "Bridge5": ACL type unchanged. 
<14>Dec  8 14:00:02 ndm: Network::Interface::L3Base: "Bridge5": security level set to "public". 
<14>Dec  8 14:00:02 ndm: Dhcp::Client: started DHCP client on Bridge5. 
<14>Dec  8 14:00:02 ndm: Dhcp::Client: Bridge5 DHCP client DNS host routes are enabled. 
<14>Dec  8 14:00:02 ndm: Network::Interface::L3Base: "Bridge5": global priority is 612. 
<14>Dec  8 14:00:02 ndm: Dns::InterfaceSpecific: "Bridge5": accept IPv4 name servers. 
<14>Dec  8 14:00:02 ndm: Network::Interface::Base: "Bridge5": interface is up. 
<14>Dec  8 14:00:02 ndm: Dhcp::Pool: "_WEBADMIN": assigned IP address range 192.168.1.33 to 192.168.1.152. 
<14>Dec  8 14:00:02 ndm: Dhcp::Server: pool "_WEBADMIN" bound to interface Home. 
<14>Dec  8 14:00:02 ndm: Dhcp::Server: pool "_WEBADMIN" is enabled. 
<14>Dec  8 14:00:02 ndm: Dhcp::Pool: "_WEBADMIN_GUEST_AP": assigned IP address range 10.1.30.33 to 10.1.30.152. 
<14>Dec  8 14:00:02 ndm: Dhcp::Server: pool "_WEBADMIN_GUEST_AP" bound to interface Guest. 
<14>Dec  8 14:00:02 ndm: Dhcp::Server: pool "_WEBADMIN_GUEST_AP" is enabled. 
<14>Dec  8 14:00:02 ndm: Http::Manager: security level set to private. 
<14>Dec  8 14:00:02 ndm: Http::Manager: bruteforce detection is enabled. 
<14>Dec  8 14:00:02 ndm: Http::Manager: bruteforce detection is reconfigured. 
<14>Dec  8 14:00:02 ndm: Http::Manager: enabled SSL service. 
<14>Dec  8 14:00:02 ndm: Http::Manager: enabled SSL redirect. 
<14>Dec  8 14:00:02 ndm: Http::Manager: WebDAV security level set to public. 
<14>Dec  8 14:00:02 ndm: Network::Nat: a NAT rule added. 
<14>Dec  8 14:00:02 ndm: Network::Nat: a NAT rule added. 
<14>Dec  8 14:00:02 ndm: Telnet::Server: security level unchanged. 
<14>Dec  8 14:00:02 ndm: Telnet::Server: bruteforce detection is reconfigured. 
<14>Dec  8 14:00:02 ndm: Network::Ip6::Subnets: created subnet "Default". 
<14>Dec  8 14:00:02 ndm: Network::Ip6::Subnets: interface "Home" bound to subnet "Default". 
<14>Dec  8 14:00:02 ndm: Network::Ip6::Subnets: subnet "Default" enabled as SLAAC. 
<14>Dec  8 14:00:02 ndm: Network::Ip6::Subnets: number 0 assigned to subnet "Default". 
<14>Dec  8 14:00:02 ndm: Network::Interface::Mtk::Ppe: software PPE enabled. 
<14>Dec  8 14:00:02 ndm: Network::Interface::Mtk::Ppe: hardware PPE enabled. 
<14>Dec  8 14:00:02 ndm: UPnP::Manager: using LAN interface: Bridge0. 
<14>Dec  8 14:00:02 ndm: Dhcp::Server: service enabled. 
<14>Dec  8 14:00:02 ndm: Dns::Manager: DNS proxy enabled. 
<14>Dec  8 14:00:02 ndm: Igmp::Proxy: IGMP proxy enabled. 
<14>Dec  8 14:00:02 ndm: Http::Manager: HTTP service was enabled. 
<14>Dec  8 14:00:02 ndm: Cifs::ServerTsmb: enabled. 
<14>Dec  8 14:00:02 ndm: Telnet::Server: telnet server enabled. 
<14>Dec  8 14:00:02 ndm: Ntp::Server: enabled. 
<14>Dec  8 14:00:02 mtkiappd: MediaTek IAPP daemon v2.0.11 started on br0. 
<14>Dec  8 14:00:02 ndm: Ntp::Client: NTP service enabled. 
<14>Dec  8 14:00:02 ndm: Cifs::ServerTsmb: automount enabled. 
<14>Dec  8 14:00:02 ndm: Cifs::ServerTsmb: permissive mode enabled. 
<14>Dec  8 14:00:02 ndm: Dns::Manager: enabled rebind protection. 
<14>Dec  8 14:00:02 ndm: EasyConfig::Manager: disabled. 
<14>Dec  8 14:00:02 ndm: Components::Manager: components auto-update enabled. 
<14>Dec  8 14:00:02 ndm: Components::Manager: set auto-update schedule "schedule0". 
<14>Dec  8 14:00:02 ndm: CloudControl2::Agent: security level unchanged. 
<14>Dec  8 14:00:02 ndm: Core::Server: system ready, core startup time is 35 seconds. 
<14>Dec  8 14:00:02 ndm: Network::Interface::Base: "WifiMaster0": "wifi-radio" changed "link" layer state "pending" to "running". 
<14>Dec  8 14:00:02 kernel: br0: port 3(ra4.1) entered blocking state
<14>Dec  8 14:00:02 kernel: br0: port 3(ra4.1) entered disabled state
<14>Dec  8 14:00:02 kernel: device ra4.1 entered promiscuous mode
<14>Dec  8 14:00:02 kernel: device ra4 entered promiscuous mode
<14>Dec  8 14:00:02 kernel: br0: port 3(ra4.1) entered blocking state
<14>Dec  8 14:00:02 kernel: br0: port 3(ra4.1) entered forwarding state
<14>Dec  8 14:00:02 ndm: Network::Interface::Mtk::AccessPoint: "WifiMaster0/AccessPoint0": peer isolation disabled. 
<14>Dec  8 14:00:02 ndm: Network::Interface::Base: "WifiMaster0/AccessPoint0": "wifi" changed "link" layer state "pending" to "running". 
<14>Dec  8 14:00:02 kernel: br1: port 3(ra4.2) entered blocking state
<14>Dec  8 14:00:02 kernel: br1: port 3(ra4.2) entered disabled state
<14>Dec  8 14:00:02 kernel: device ra4.2 entered promiscuous mode
<14>Dec  8 14:00:02 mtkiappd: stopped. 
<14>Dec  8 14:00:03 ndm: Network::Interface::Mtk::AccessPoint: "WifiMaster0/AccessPoint1": peer isolation enabled. 
<14>Dec  8 14:00:03 ndm: Hotspot::Discovery::Explorer: "Bridge0": Interface Bridge0 IPv4 neighbour explorer started. 
<14>Dec  8 14:00:03 ndm: Usb::Hotplug::Manager: scanning hardware... 
<14>Dec  8 14:00:03 ndm: Usb::Hotplug::Manager: scanning hardware: done. 
<14>Dec  8 14:00:03 ndm: Core::System::DriverManager: loading /lib/modules/4.9-ndm-5/xhci-hcd.ko. 
<14>Dec  8 14:00:03 ndm: Core::System::DriverManager: loading /lib/modules/4.9-ndm-5/xhci-mtk.ko. 
<14>Dec  8 14:00:03 kernel: xhci-mtk xhci-mtk: xHCI Host Controller
<14>Dec  8 14:00:03 kernel: xhci-mtk xhci-mtk: new USB bus registered, assigned bus number 1
<14>Dec  8 14:00:03 kernel: EN7512 (QFP) USB PHY config
<14>Dec  8 14:00:03 kernel: U2PHY P0 set SRCTRL calibration value: 4
<14>Dec  8 14:00:04 kernel: U2PHY P1 set SRCTRL calibration value: 4
<14>Dec  8 14:00:04 kernel: xhci-mtk xhci-mtk: hcc params 0x01401198 hci version 0x96 quirks 0x00294810
<14>Dec  8 14:00:04 kernel: xhci-mtk xhci-mtk: irq 18, io mem 0x1fb90000
<14>Dec  8 14:00:04 kernel: usb usb1: New USB device found, idVendor=1d6b, idProduct=0002, bcdDevice= 4.09
<14>Dec  8 14:00:04 kernel: usb usb1: New USB device strings: Mfr=3, Product=2, SerialNumber=1
<14>Dec  8 14:00:04 kernel: usb usb1: Product: xHCI Host Controller
<14>Dec  8 14:00:04 kernel: usb usb1: Manufacturer: Linux 4.9-ndm-5 xhci-hcd
<14>Dec  8 14:00:04 kernel: usb usb1: SerialNumber: xhci-mtk
<14>Dec  8 14:00:04 kernel: hub 1-0:1.0: USB hub found
<14>Dec  8 14:00:04 kernel: hub 1-0:1.0: 2 ports detected
<14>Dec  8 14:00:04 kernel: xhci-mtk xhci-mtk: xHCI Host Controller
<14>Dec  8 14:00:04 kernel: xhci-mtk xhci-mtk: new USB bus registered, assigned bus number 2
<14>Dec  8 14:00:04 kernel: xhci-mtk xhci-mtk: Host supports USB 3.0 SuperSpeed
<14>Dec  8 14:00:04 kernel: usb usb2: New USB device found, idVendor=1d6b, idProduct=0003, bcdDevice= 4.09
<14>Dec  8 14:00:04 kernel: usb usb2: New USB device strings: Mfr=3, Product=2, SerialNumber=1
<14>Dec  8 14:00:04 kernel: usb usb2: Product: xHCI Host Controller
<14>Dec  8 14:00:04 kernel: usb usb2: Manufacturer: Linux 4.9-ndm-5 xhci-hcd
<14>Dec  8 14:00:04 kernel: usb usb2: SerialNumber: xhci-mtk
<14>Dec  8 14:00:04 kernel: hub 2-0:1.0: USB hub found
<14>Dec  8 14:00:04 kernel: hub 2-0:1.0: 1 port detected
<14>Dec  8 14:00:04 kernel: Disable SMB fastpath
<14>Dec  8 14:00:04 kernel: Enable SMB fastpath for 192.168.1.1/255.255.255.0
<14>Dec  8 14:00:04 telnetd: waiting for connections... 
<14>Dec  8 14:00:04 ndm: Http::Nginx: loaded SSL certificate for "37e2ea00000fb866eaf31448.keenetic.io". 
<14>Dec  8 14:00:05 radvd[430]: version 2.15 started 
<14>Dec  8 14:00:05 wind: version 1.0.4 started on br0. 
<14>Dec  8 14:00:05 mtkiappd: MediaTek IAPP daemon v2.0.11 started on br0. 
<14>Dec  8 14:00:05 ndhcps: NDM DHCP Server, v3.2.53. 
<14>Dec  8 14:00:05 coalagent: version 0.4.60 starting on 192.168.1.1. 
<14>Dec  8 14:00:05 ndm: Core::Server: started Session /var/run/ndm.core.socket. 
<14>Dec  8 14:00:05 ndm: Core::Session: client disconnected. 
<14>Dec  8 14:00:05 ndm: Core::Server: started Session /var/run/ndm.core.socket. 
<14>Dec  8 14:00:05 ndm: Core::Session: client disconnected. 
<14>Dec  8 14:00:05 ndm: Http::Manager: updated configuration. 
<14>Dec  8 14:00:05 ndm: Http::Manager: disabled NDMP passthrough. 
<14>Dec  8 14:00:05 ndm: Core::System::DriverManager: loading /lib/modules/4.9-ndm-5/igmpsn.ko. 
<14>Dec  8 14:00:05 kernel: igmpsn: NDM IGMP Switch Snooping Module, v4.3.5
<14>Dec  8 14:00:05 ndm: Network::Interface::Mtk::WifiMaster: "WifiMaster0": auto channel mode set. 
<14>Dec  8 14:00:06 avahi-daemon[443]: avahi-daemon 0.8 starting up. 
<14>Dec  8 14:00:06 ndm: Core::System::DriverManager: loading /lib/modules/4.9-ndm-5/hw_nat.ko. 
<14>Dec  8 14:00:06 kernel: EcoNet HW NAT 5.0.5.0-en-41 Module Enabled, FoE Size: 16384
<14>Dec  8 14:00:06 ndm: Core::System::DriverManager: loading /lib/modules/4.9-ndm-5/fastvpn.ko. 
<14>Dec  8 14:00:06 kernel: TSMB module version 3020.9.24.17 started from process 447!
<14>Dec  8 14:00:06 kernel: fastvpn: sizeof(bind) = 264
<14>Dec  8 14:00:06 kernel: fastvpn: sizeof(hashent) = 88
<14>Dec  8 14:00:06 kernel: fastvpn: registered
<14>Dec  8 14:00:06 kernel: fastvpn: enabled
<14>Dec  8 14:00:06 kernel: fastvpn: Fast VPN init, v6.0-28
<14>Dec  8 14:00:06 kernel: fastvpn: PPPoE/IPoE LAN software acceleration is disabled
<14>Dec  8 14:00:06 ndm: Http::Nginx: loaded SSL certificate for "37e2ea00000fb866eaf31448.keenetic.io". 
<14>Dec  8 14:00:06 ndm: Core::Server: started Session /var/run/ndm.core.socket. 
<14>Dec  8 14:00:06 ndm: Core::Session: client disconnected. 
<14>Dec  8 14:00:07 ndm: Http::Manager: updated configuration. 
<14>Dec  8 14:00:07 ndm: Core::System::DriverManager: loading /lib/modules/4.9-ndm-5/nf_conntrack_sip.ko. 
<14>Dec  8 14:00:07 ndm: Core::System::DriverManager: loading /lib/modules/4.9-ndm-5/nf_nat_sip.ko. 
<14>Dec  8 14:00:07 nimproxy: NDM IGMP/Multicast Proxy, v0.0.36. 
<14>Dec  8 14:00:07 kernel: br0: port 2(ra0) entered disabled state
<14>Dec  8 14:00:08 ndm: Core::Server: started Session /var/run/ndm.core.socket. 
<14>Dec  8 14:00:08 ndm: Core::Session: client disconnected. 
<14>Dec  8 14:00:08 kernel: capability: warning: `nginx' uses 32-bit capabilities (legacy support in use)
<14>Dec  8 14:00:10 kernel: IPv6: ADDRCONF(NETDEV_UP): ra0: link is not ready
<14>Dec  8 14:00:10 kernel: IPv6: ADDRCONF(NETDEV_CHANGE): ra0: link becomes ready
<14>Dec  8 14:00:10 kernel: br0: port 2(ra0) entered blocking state
<14>Dec  8 14:00:10 kernel: br0: port 2(ra0) entered forwarding state
<14>Dec  8 14:00:10 kernel: IPv6: ADDRCONF(NETDEV_UP): ra4: link is not ready
<14>Dec  8 14:00:11 ndm: Cifs::ServerTsmb: service started. 
<14>Dec  8 14:00:12 kernel: IPv6: ADDRCONF(NETDEV_CHANGE): ra4: link becomes ready
<14>Dec  8 14:00:13 kernel: usb 1-2: new high-speed USB device number 2 using xhci-mtk
<14>Dec  8 14:00:13 kernel: usb 1-2: New USB device found, idVendor=05c6, idProduct=9091, bcdDevice=ff.ff
<14>Dec  8 14:00:13 kernel: usb 1-2: New USB device strings: Mfr=1, Product=2, SerialNumber=3
<14>Dec  8 14:00:13 kernel: usb 1-2: Product: Android
<14>Dec  8 14:00:13 kernel: usb 1-2: Manufacturer: Android
<14>Dec  8 14:00:13 kernel: usb 1-2: SerialNumber: 6696916e
<14>Dec  8 14:00:13 kernel: qmi_wwan 1-2:1.2: cdc-wdm0: USB WDM device
<14>Dec  8 14:00:13 kernel: qmi_wwan 1-2:1.2 wwan0: register 'qmi_wwan' at usb-xhci-mtk-2, WWAN/QMI device, 8e:2f:3f:55:58:83
<14>Dec  8 14:00:13 ndm: Network::Interface::Usb: "CdcEthernet4": interface "CdcEthernet4" is plugged (port 1). 
<14>Dec  8 14:00:15 kernel: IPv6: ADDRCONF(NETDEV_CHANGE): cdc_br4: link becomes ready
<14>Dec  8 14:00:18 ndm: Network::Interface::Base: "CdcEthernet4": "ethernet" changed "link" layer state "pending" to "running". 
<14>Dec  8 14:00:18 ndm: Network::Interface::UsbEthernet: "CdcEthernet4": link up. 
<14>Dec  8 14:00:18 kernel: ACS result: primary channel 9, 40 MHz spectrum min dirty (with CCA) = 160
<14>Dec  8 14:00:18 ndm: Network::Interface::Mtk::WifiMonitor: "WifiMaster0/AccessPoint0": BSS(ra0) channel switched to 9. 
<14>Dec  8 14:00:20 ndhcpc: CdcEthernet4: NDM DHCP Client, v3.2.53. 
<14>Dec  8 14:00:20 ndhcpc: CdcEthernet4: created PID file "/var/run/ndhcpc-cdc_br4.pid". 
<14>Dec  8 14:00:22 ndm: Network::Interface::Mtk::WifiMonitor: "WifiMaster0/AccessPoint0": STA(3a:75:ff:70:04:09) had associated. 
<14>Dec  8 14:00:25 kernel: usb 1-2: USB disconnect, device number 2
<14>Dec  8 14:00:25 kernel: qmi_wwan 1-2:1.2 wwan0: unregister 'qmi_wwan' usb-xhci-mtk-2, WWAN/QMI device
<14>Dec  8 14:00:25 ndm: Network::Interface::Usb: "CdcEthernet4": interface "CdcEthernet4" is unplugged. 
<14>Dec  8 14:00:25 ndm: Network::Interface::Base: "CdcEthernet4": "usb" changed "link" layer state "running" to "detached". 
<14>Dec  8 14:00:25 ndm: Network::Interface::Ip: "CdcEthernet4": IP address cleared. 
<14>Dec  8 14:00:26 ndhcpc: CdcEthernet4: the interface went down. 
<14>Dec  8 14:00:26 kernel: IPv6: ADDRCONF(NETDEV_UP): cdc_br4: link is not ready
<14>Dec  8 14:00:26 ndhcpc: CdcEthernet4: NDM DHCP client stopped (exit status 0). 
<14>Dec  8 14:00:26 kernel: usb 1-2: new high-speed USB device number 3 using xhci-mtk
<14>Dec  8 14:00:26 kernel: usb 1-2: New USB device found, idVendor=05c6, idProduct=9024, bcdDevice=ff.ff
<14>Dec  8 14:00:26 kernel: usb 1-2: New USB device strings: Mfr=1, Product=2, SerialNumber=3
<14>Dec  8 14:00:26 kernel: usb 1-2: Product: Android
<14>Dec  8 14:00:26 kernel: usb 1-2: Manufacturer: Android
<14>Dec  8 14:00:26 kernel: usb 1-2: SerialNumber: 6696916e
<14>Dec  8 14:00:26 kernel: rndis_host 1-2:1.0 usb0: register 'rndis_host' at usb-xhci-mtk-2, RNDIS device, 9a:47:e6:6a:1c:9d
<14>Dec  8 14:00:26 ndm: Network::Interface::Usb: "CdcEthernet5": interface "CdcEthernet5" is plugged (port 1). 
<14>Dec  8 14:00:28 kernel: IPv6: ADDRCONF(NETDEV_CHANGE): cdc_br5: link becomes ready
<14>Dec  8 14:00:29 ndm: Network::Interface::Base: "CdcEthernet5": "ethernet" changed "link" layer state "pending" to "running". 
<14>Dec  8 14:00:29 ndm: Network::Interface::UsbEthernet: "CdcEthernet5": link up. 
<14>Dec  8 14:00:31 ndm: Network::Interface::Mtk::WifiMonitor: "WifiMaster0/AccessPoint0": STA(3a:75:ff:70:04:09) pairwise key handshaking timeout (msg 1 of 4-way). 
<14>Dec  8 14:00:31 ndm: Network::Interface::Mtk::WifiMonitor: "WifiMaster0/AccessPoint0": STA(3a:75:ff:70:04:09) had deauthenticated by AP (reason: PTK 4-way handshake timeout). 
<14>Dec  8 14:00:31 ndm: Network::Interface::Mtk::WifiMonitor: "WifiMaster0/AccessPoint0": STA(3a:75:ff:70:04:09) had associated (has FT caps). 
<14>Dec  8 14:00:31 ndm: Network::Interface::Mtk::WifiMonitor: "WifiMaster0/AccessPoint0": STA(3a:75:ff:70:04:09) set key done in WPA2/WPA2PSK. 
<14>Dec  8 14:00:31 ndhcps: DHCPDISCOVER received from 3a:75:ff:70:04:09. 
<14>Dec  8 14:00:31 ndhcpc: CdcEthernet5: NDM DHCP Client, v3.2.53. 
<14>Dec  8 14:00:31 ndhcpc: CdcEthernet5: created PID file "/var/run/ndhcpc-cdc_br5.pid". 
<14>Dec  8 14:00:32 ndhcps: making OFFER of 192.168.1.66 to 3a:75:ff:70:04:09. 
<14>Dec  8 14:00:32 ndhcps: DHCPREQUEST received (STATE_SELECTING) for 192.168.1.66 from 3a:75:ff:70:04:09. 
<14>Dec  8 14:00:32 ndhcps: sending ACK of 192.168.1.66 to 3a:75:ff:70:04:09. 
<14>Dec  8 14:00:35 ndhcpc: CdcEthernet5: received OFFER for 192.168.100.86 from 192.168.100.1. 
<14>Dec  8 14:00:35 ndhcpc: CdcEthernet5: received ACK for 192.168.100.86 from 192.168.100.1 lease 28800 sec. 
<14>Dec  8 14:00:35 ndm: Dhcp::Client: configuring interface CdcEthernet5. 
<14>Dec  8 14:00:35 ndm: Network::Interface::Ip: "CdcEthernet5": IP address is 192.168.100.86/24. 
<14>Dec  8 14:00:35 ndm: Dhcp::Client: obtained IP address 192.168.100.86/24. 
<14>Dec  8 14:00:35 ndm: Dhcp::Client: interface "CdcEthernet5" is global, priority 5. 
<14>Dec  8 14:00:35 ndm: Dhcp::Client: adding a default route via 192.168.100.1. 
<14>Dec  8 14:00:35 ndm: Dns::InterfaceSpecific: adding name server 192.168.100.1. 
<14>Dec  8 14:00:35 ndm: Dns::InterfaceSpecific: "CdcEthernet5": name server 192.168.100.1 added, domain (default). 
<14>Dec  8 14:00:36 ndm: Http::Nginx: loaded SSL certificate for "37e2ea00000fb866eaf31448.keenetic.io". 
<14>Dec  8 14:00:36 ndm: Core::Server: started Session /var/run/ndm.core.socket. 
<14>Dec  8 14:00:36 ndm: Core::Session: client disconnected. 
<14>Dec  8 14:00:37 ndm: Http::Manager: updated configuration. 
<14>Dec  8 14:00:37 ndm: Core::Server: started Session /var/run/ndm.core.socket. 
<14>Dec  8 14:00:37 ndm: Core::Session: client disconnected. 
<14>Dec  8 14:00:38 ndm: Network::Interface::Mtk::WifiMonitor: "WifiMaster0/AccessPoint0": STA(3a:75:ff:70:04:09) had deauthenticated by STA (reason: STA is leaving or has left BSS). 
<14>Dec  8 14:00:38 ndm: Network::Interface::Base: "CdcEthernet5": "ping-check" changed "ipv4" layer state "pending" to "running". 
<14>Dec  8 14:00:38 ndm: Network::InterfaceFlusher: flushed IPv4 conntrack and route cache. 
<14>Dec  8 14:00:39 ndm: Network::InternetChecker: Internet access detected. 
<14>Dec  8 14:00:40 ndm: Core::Server: started Session /var/run/ndm.core.socket. 
<14>Dec  8 14:00:40 upnp: HTTP listening on port 1900 
<14>Dec  8 14:00:40 upnp: Listening for NAT-PMP/PCP traffic on port 5351 
<14>Dec  8 14:00:43 ndm: Network::Interface::Mtk::WifiMonitor: "WifiMaster0/AccessPoint0": STA(3a:75:ff:70:04:09) had associated (has FT caps). 
<14>Dec  8 14:00:43 ndm: Network::Interface::Mtk::WifiMonitor: "WifiMaster0/AccessPoint0": STA(3a:75:ff:70:04:09) set key done in WPA2/WPA2PSK. 
<14>Dec  8 14:00:43 ndhcps: DHCPREQUEST received (STATE_INIT) for 192.168.1.66 from 3a:75:ff:70:04:09. 
<14>Dec  8 14:00:43 ndhcps: sending ACK of 192.168.1.66 to 3a:75:ff:70:04:09. 
<14>Dec 14 08:26:34 ndm: Core::System::Clock: system time has been changed. 
<14>Dec 14 08:26:34 ndm: Core::Schedule::Manager: raised action "stop" by "schedule0". 
<14>Dec 14 08:26:37 ndm: Core::System::Clock: system time has been changed. 
<14>Dec 14 08:26:37 ndm: Ntp::Client: time synchronized. 
<14>Dec 14 08:26:37 ndm: Core::Schedule::Manager: raised action "stop" by "schedule0". 
<14>Dec 14 08:26:38 ndm: Dns::Manager: added static record for "37e2ea00000fb866eaf31448.keenetic.io", address 78.47.125.180. 
<14>Dec 14 08:26:39 ndm: Http::Nginx: loaded SSL certificate for "37e2ea00000fb866eaf31448.keenetic.io". 
<14>Dec 14 08:26:39 ndm: Core::Server: started Session /var/run/ndm.core.socket. 
<14>Dec 14 08:26:39 ndm: Core::Session: client disconnected. 
<14>Dec 14 08:26:40 ndm: Http::Manager: updated configuration. 
<14>Dec 14 08:26:40 ndm: Core::Server: started Session /var/run/ndm.core.socket. 
<14>Dec 14 08:26:40 ndm: Core::Session: client disconnected. 
<14>Dec 14 08:51:09 ndm: Network::Interface::Mtk::WifiMonitor: "WifiMaster0/AccessPoint0": STA(8c:7a:3d:8c:44:be) had associated (has FT caps). 
<14>Dec 14 08:51:09 ndm: Network::Interface::Mtk::WifiMonitor: "WifiMaster0/AccessPoint0": STA(8c:7a:3d:8c:44:be) set key done in WPA2/WPA2PSK. 
<14>Dec 14 08:51:10 ndhcps: DHCPDISCOVER received from 8c:7a:3d:8c:44:be. 
<14>Dec 14 08:51:10 ndhcps: making OFFER of 192.168.1.95 to 8c:7a:3d:8c:44:be. 
<14>Dec 14 08:51:10 ndhcps: DHCPREQUEST received (STATE_SELECTING) for 192.168.1.95 from 8c:7a:3d:8c:44:be. 
<14>Dec 14 08:51:10 ndhcps: sending ACK of 192.168.1.95 to 8c:7a:3d:8c:44:be. 
<14>Dec 14 09:25:30 ndm: Network::Interface::Mtk::WifiMonitor: "WifiMaster0/AccessPoint0": STA(32:9a:21:4a:7f:d8) had associated (has FT caps). 
<14>Dec 14 09:25:30 ndm: Network::Interface::Mtk::WifiMonitor: "WifiMaster0/AccessPoint0": STA(32:9a:21:4a:7f:d8) set key done in WPA2/WPA2PSK. 
<14>Dec 14 09:25:30 ndhcps: DHCPDISCOVER received from 32:9a:21:4a:7f:d8. 
<14>Dec 14 09:25:30 ndhcps: making OFFER of 192.168.1.121 to 32:9a:21:4a:7f:d8. 
<14>Dec 14 09:25:30 ndhcps: DHCPREQUEST received (STATE_SELECTING) for 192.168.1.121 from 32:9a:21:4a:7f:d8. 
<14>Dec 14 09:25:31 ndhcps: sending ACK of 192.168.1.121 to 32:9a:21:4a:7f:d8. 
<14>Dec 14 10:36:55 ndm: Network::Interface::Mtk::WifiMonitor: "WifiMaster0/AccessPoint0": STA(b4:0e:de:5f:17:11) had associated. 
<14>Dec 14 10:36:55 ndm: Network::Interface::Mtk::WifiMonitor: "WifiMaster0/AccessPoint0": STA(b4:0e:de:5f:17:11) set key done in WPA2/WPA2PSK. 
<14>Dec 14 10:36:56 ndhcps: DHCPINFORM received for 192.168.1.42 from b4:0e:de:5f:17:11. 
<14>Dec 14 10:36:56 ndhcps: sending INFORM to b4:0e:de:5f:17:11. 
<14>Dec 14 10:36:57 ndhcps: DHCPDISCOVER received for 192.168.1.120 from 50:a1:32:1d:88:af. 
<14>Dec 14 10:36:57 ndhcps: making OFFER of 192.168.1.120 to 50:a1:32:1d:88:af. 
<14>Dec 14 10:36:58 ndhcps: DHCPINFORM received for 192.168.1.42 from b4:0e:de:5f:17:11. 
<14>Dec 14 10:36:58 ndhcps: sending INFORM to b4:0e:de:5f:17:11. 
<14>Dec 14 10:36:58 ndhcps: DHCPREQUEST received (STATE_SELECTING) for 192.168.1.120 from 50:a1:32:1d:88:af. 
<14>Dec 14 10:36:59 ndhcps: sending ACK of 192.168.1.120 to 50:a1:32:1d:88:af. 
<14>Dec 14 10:37:02 ndm: Network::Interface::Mtk::WifiMonitor: "WifiMaster0/AccessPoint0": STA(b4:0e:de:5f:17:11) had deauthenticated by STA (reason: unspecified). 

<14>Jan  1 00:00:04 kernel: Linux version 4.9-ndm-5 (developers@keenetic.com) (gcc version 12.3.0 (crosstool-NG 1.24.0-rc2-ndm-28-1 - NDMS Toolkit 1.0.0) ) #0 SMP Wed Oct 4 18:11:49 2023
<14>Jan  1 00:00:04 kernel: ISPRAM0: PA=003f0000,Size=00010000,enabled
<14>Jan  1 00:00:04 kernel: EcoNet EN7512 SoC: RAM: DDR2 128 MB
<14>Jan  1 00:00:04 kernel: CPU/SYS frequency: 700/175 MHz
<14>Jan  1 00:00:04 kernel: SoC power status: power-on reset
<14>Jan  1 00:00:04 kernel: bootconsole [early0] enabled
<14>Jan  1 00:00:04 kernel: CPU0 revision is: 00019558 (MIPS 34Kc)
<14>Jan  1 00:00:04 kernel: Determined physical RAM map:
<14>Jan  1 00:00:04 kernel:  memory: 00020000 @ 00000000 (reserved)
<14>Jan  1 00:00:04 kernel:  memory: 07be0000 @ 00020000 (usable)
<14>Jan  1 00:00:04 kernel:  memory: 00400000 @ 07c00000 (reserved)
<14>Jan  1 00:00:04 kernel: Wasting 1024 bytes for tracking 32 unused pages
<14>Jan  1 00:00:04 kernel: Detected 1 available secondary CPU(s)
<14>Jan  1 00:00:04 kernel: Primary instruction cache 64kB, VIPT, 4-way, linesize 32 bytes.
<14>Jan  1 00:00:04 kernel: Primary data cache 32kB, 4-way, VIPT, cache aliases, linesize 32 bytes
<14>Jan  1 00:00:04 kernel: Zone ranges:
<14>Jan  1 00:00:04 kernel:   Normal   [mem 0x0000000000000000-0x0000000007bfffff]
<14>Jan  1 00:00:04 kernel: Movable zone start for each node
<14>Jan  1 00:00:04 kernel: Early memory node ranges
<14>Jan  1 00:00:04 kernel:   node   0: [mem 0x0000000000000000-0x0000000007bfffff]
<14>Jan  1 00:00:04 kernel: Initmem setup node 0 [mem 0x0000000000000000-0x0000000007bfffff]
<14>Jan  1 00:00:04 kernel: On node 0 totalpages: 31744
<14>Jan  1 00:00:04 kernel: free_area_init_node: node 0, pgdat 804d4040, node_mem_map 81000060
<14>Jan  1 00:00:04 kernel:   Normal zone: 248 pages used for memmap
<14>Jan  1 00:00:04 kernel:   Normal zone: 0 pages reserved
<14>Jan  1 00:00:04 kernel:   Normal zone: 31744 pages, LIFO batch:7
<14>Jan  1 00:00:04 kernel: percpu: Embedded 12 pages/cpu s18256 r8192 d22704 u49152
<14>Jan  1 00:00:04 kernel: pcpu-alloc: s18256 r8192 d22704 u49152 alloc=12*4096
<14>Jan  1 00:00:04 kernel: pcpu-alloc: [0] 0 [0] 1 
<14>Jan  1 00:00:04 kernel: Built 1 zonelists in Zone order, mobility grouping on.  Total pages: 31496
<14>Jan  1 00:00:04 kernel: Kernel command line: console=ttyS0,115200n8 es=1
<14>Jan  1 00:00:04 kernel: PID hash table entries: 512 (order: -1, 2048 bytes)
<14>Jan  1 00:00:04 kernel: Dentry cache hash table entries: 16384 (order: 4, 65536 bytes)
<14>Jan  1 00:00:04 kernel: Inode-cache hash table entries: 8192 (order: 3, 32768 bytes)
<14>Jan  1 00:00:04 kernel: Writing ErrCtl register=0005400e
<14>Jan  1 00:00:04 kernel: Readback ErrCtl register=0005400e
<14>Jan  1 00:00:04 kernel: NMI base is 81134200
<14>Jan  1 00:00:04 kernel: Memory: 120328K/126976K available (3936K kernel code, 186K rwdata, 688K rodata, 236K init, 238K bss, 6648K reserved, 0K cma-reserved)
<14>Jan  1 00:00:04 kernel: Hierarchical RCU implementation.
<14>Jan  1 00:00:04 kernel:  Build-time adjustment of leaf fanout to 32.
<14>Jan  1 00:00:04 kernel: NR_IRQS:41
<14>Jan  1 00:00:04 kernel: hpt: using 200.000 MHz high precision timer
<14>Jan  1 00:00:04 kernel: clocksource: hpt: mask: 0xffffffff max_cycles: 0xffffffff, max_idle_ns: 9556302233 ns
<14>Jan  1 00:00:04 kernel: sched_clock: 32 bits at 200MHz, resolution 5ns, wraps every 10737418237ns
<14>Jan  1 00:00:04 kernel: console [ttyS0] enabled
<14>Jan  1 00:00:04 kernel: bootconsole [early0] disabled
<14>Jan  1 00:00:04 kernel: Calibrating delay loop... 464.48 BogoMIPS (lpj=2322432)
<14>Jan  1 00:00:04 kernel: pid_max: default: 32768 minimum: 301
<14>Jan  1 00:00:04 kernel: Mount-cache hash table entries: 1024 (order: 0, 4096 bytes)
<14>Jan  1 00:00:04 kernel: Mountpoint-cache hash table entries: 1024 (order: 0, 4096 bytes)
<14>Jan  1 00:00:04 kernel: Config7: 0x80080500
<14>Jan  1 00:00:04 kernel: ISPRAM0: PA=003f0000,Size=00010000,enabled
<14>Jan  1 00:00:04 kernel: Primary instruction cache 64kB, VIPT, 4-way, linesize 32 bytes.
<14>Jan  1 00:00:04 kernel: Primary data cache 32kB, 4-way, VIPT, cache aliases, linesize 32 bytes
<14>Jan  1 00:00:04 kernel: CPU1 revision is: 00019558 (MIPS 34Kc)
<14>Jan  1 00:00:04 kernel: Synchronize counters for CPU 1: done.
<14>Jan  1 00:00:04 kernel: Brought up 2 CPUs
<14>Jan  1 00:00:04 kernel: clocksource: jiffies: mask: 0xffffffff max_cycles: 0xffffffff, max_idle_ns: 19112604462750000 ns
<14>Jan  1 00:00:04 kernel: futex hash table entries: 512 (order: 2, 16384 bytes)
<14>Jan  1 00:00:04 kernel: NET: Registered protocol family 16
<14>Jan  1 00:00:04 kernel: PCI host bridge to bus 0000:00
<14>Jan  1 00:00:04 kernel: pci_bus 0000:00: root bus resource [mem 0x20000000-0x2fffffff]
<14>Jan  1 00:00:04 kernel: pci_bus 0000:00: root bus resource [io  0x1f600000-0x1f60ffff]
<14>Jan  1 00:00:04 kernel: pci_bus 0000:00: root bus resource [??? 0x00000000 flags 0x0]
<14>Jan  1 00:00:04 kernel: pci_bus 0000:00: No busn resource found for root bus, will use [bus 00-ff]
<14>Jan  1 00:00:04 kernel: pci 0000:00:00.0: [14c3:0810] type 01 class 0x060400
<14>Jan  1 00:00:04 kernel: pci 0000:00:01.0: [14c3:0811] type 01 class 0x060400
<14>Jan  1 00:00:04 kernel: pci 0000:00:00.0: bridge configuration invalid ([bus 00-00]), reconfiguring
<14>Jan  1 00:00:04 kernel: pci 0000:00:01.0: bridge configuration invalid ([bus 00-00]), reconfiguring
<14>Jan  1 00:00:04 kernel: pci 0000:01:00.0: [14c3:7603] type 00 class 0x028000
<14>Jan  1 00:00:04 kernel: pci 0000:01:00.0: reg 0x10: [mem 0x00000000-0x000fffff]
<14>Jan  1 00:00:04 kernel: pci 0000:01:00.0: PME# supported from D0 D3hot D3cold
<14>Jan  1 00:00:04 kernel: pci_bus 0000:01: busn_res: [bus 01-ff] end is updated to 01
<14>Jan  1 00:00:04 kernel: pci_bus 0000:02: busn_res: [bus 02-ff] end is updated to 02
<14>Jan  1 00:00:04 kernel: pci_bus 0000:00: busn_res: [bus 00-ff] end is updated to 02
<14>Jan  1 00:00:04 kernel: pci 0000:00:00.0: BAR 8: assigned [mem 0x20000000-0x200fffff]
<14>Jan  1 00:00:04 kernel: pci 0000:01:00.0: BAR 0: assigned [mem 0x20000000-0x200fffff]
<14>Jan  1 00:00:04 kernel: pci 0000:00:00.0: PCI bridge to [bus 01]
<14>Jan  1 00:00:04 kernel: pci 0000:00:00.0:   bridge window [mem 0x20000000-0x200fffff]
<14>Jan  1 00:00:04 kernel: pci 0000:00:01.0: PCI bridge to [bus 02]
<14>Jan  1 00:00:04 kernel: clocksource: Switched to clocksource hpt
<14>Jan  1 00:00:04 kernel: NET: Registered protocol family 2
<14>Jan  1 00:00:04 kernel: IP idents hash table entries: 2048 (order: 2, 16384 bytes)
<14>Jan  1 00:00:04 kernel: TCP established hash table entries: 4096 (order: 2, 16384 bytes)
<14>Jan  1 00:00:04 kernel: TCP bind hash table entries: 4096 (order: 3, 32768 bytes)
<14>Jan  1 00:00:04 kernel: TCP: Hash tables configured (established 4096 bind 4096)
<14>Jan  1 00:00:04 kernel: UDP hash table entries: 256 (order: 1, 8192 bytes)
<14>Jan  1 00:00:04 kernel: UDP-Lite hash table entries: 256 (order: 1, 8192 bytes)
<14>Jan  1 00:00:04 kernel: NET: Registered protocol family 1
<14>Jan  1 00:00:04 kernel: PCI: CLS 0 bytes, default 32
<14>Jan  1 00:00:04 kernel: workingset: timestamp_bits=29 max_order=15 bucket_order=0
<14>Jan  1 00:00:04 kernel: squashfs: version 4.0 (2009/01/31) Phillip Lougher
<14>Jan  1 00:00:04 kernel: io scheduler noop registered (default)
<14>Jan  1 00:00:04 kernel: PCI: Enabling device 0000:00:00.0 (0000 -> 0002)
<14>Jan  1 00:00:04 kernel: tc3162_uart: UART driver for EN751x SoC, buffer size is 4096 bytes
<14>Jan  1 00:00:04 kernel: ttyS0 at I/O 0xbfbf0003 (irq = 1, base_baud = 7200) is a TC3162
<14>Jan  1 00:00:04 kernel: ndmpart: registering the NDM partition parser...
<14>Jan  1 00:00:04 kernel: EcoNET SPI NAND driver init
<14>Jan  1 00:00:04 kernel: Set SPI Clock to 50 Mhz
<14>Jan  1 00:00:04 kernel: Using Flash ECC
<14>Jan  1 00:00:04 kernel: Detected SPI NAND Flash: W25N01G, Flash Size: 128 MB
<14>Jan  1 00:00:04 kernel: nand: device found, Manufacturer ID: 0xef, Chip ID: 0xaa
<14>Jan  1 00:00:04 kernel: nand: Winbond W25N01G
<14>Jan  1 00:00:04 kernel: nand: 128 MiB, SLC, erase size: 128 KiB, page size: 2048, OOB size: 64
<14>Jan  1 00:00:04 kernel: BMT pool size: 81
<14>Jan  1 00:00:04 kernel: BBT found, bad block count: 0
<14>Jan  1 00:00:04 kernel: BMT & BBT init success
<14>Jan  1 00:00:04 kernel: ndmpart: di: active = 2, backup = 1, current = 2
<14>Jan  1 00:00:04 kernel: 16 ndmpart partitions found on MTD device EN75XX-SPI_NAND
<14>Jan  1 00:00:04 kernel: mtd: creating 16 MTD partitions on "EN75XX-SPI_NAND":
<14>Jan  1 00:00:04 kernel: 0x000000000000-0x000000020000 : "U-Boot"
<14>Jan  1 00:00:04 kernel: 0x000000020000-0x000000040000 : "U-Config"
<14>Jan  1 00:00:04 kernel: 0x000000040000-0x000000060000 : "RF-EEPROM"
