[I] Jan  1 00:00:04 kernel: Linux version 4.9-ndm-5 (developers@keenetic.com) (gcc version 12.3.0 (crosstool-NG 1.24.0-rc2-ndm-28-1 - NDMS Toolkit 1.0.0) ) #0 SMP Wed Oct 4 18:11:49 2023
[I] Jan  1 00:00:04 kernel: MediaTek SoC: MT7621A, RevID: 0103, RAM: DDR3, XTAL: 40MHz
[I] Jan  1 00:00:04 kernel: CPU/OCP/SYS frequency: 880/293/220 MHz
[I] Jan  1 00:00:04 kernel: SoC power status: software reset
[I] Jan  1 00:00:04 kernel: bootconsole [early0] enabled
[I] Jan  1 00:00:04 kernel: CPU0 revision is: 0001992f (MIPS 1004Kc)
[I] Jan  1 00:00:04 kernel: Determined physical RAM map:
[I] Jan  1 00:00:04 kernel:  memory: 10000000 @ 00000000 (usable)
[I] Jan  1 00:00:04 kernel: VPE topology {2,2} total 4
[I] Jan  1 00:00:04 kernel: Primary instruction cache 32kB, VIPT, 4-way, linesize 32 bytes.
[I] Jan  1 00:00:04 kernel: Primary data cache 32kB, 4-way, PIPT, no aliases, linesize 32 bytes
[I] Jan  1 00:00:04 kernel: MIPS secondary cache 256kB, 8-way, linesize 32 bytes.
[I] Jan  1 00:00:04 kernel: Zone ranges:
[I] Jan  1 00:00:04 kernel:   DMA      [mem 0x0000000000000000-0x0000000000ffffff]
[I] Jan  1 00:00:04 kernel:   Normal   [mem 0x0000000001000000-0x000000000fffffff]
[I] Jan  1 00:00:04 kernel: Movable zone start for each node
[I] Jan  1 00:00:04 kernel: Early memory node ranges
[I] Jan  1 00:00:04 kernel:   node   0: [mem 0x0000000000000000-0x000000000fffffff]
[I] Jan  1 00:00:04 kernel: Initmem setup node 0 [mem 0x0000000000000000-0x000000000fffffff]
[I] Jan  1 00:00:04 kernel: On node 0 totalpages: 65536
[I] Jan  1 00:00:04 kernel: free_area_init_node: node 0, pgdat 814ac340, node_mem_map 814f9000
[I] Jan  1 00:00:04 kernel:   DMA zone: 32 pages used for memmap
[I] Jan  1 00:00:04 kernel:   DMA zone: 0 pages reserved
[I] Jan  1 00:00:04 kernel:   DMA zone: 4096 pages, LIFO batch:0
[I] Jan  1 00:00:04 kernel:   Normal zone: 480 pages used for memmap
[I] Jan  1 00:00:04 kernel:   Normal zone: 61440 pages, LIFO batch:15
[I] Jan  1 00:00:04 kernel: percpu: Embedded 12 pages/cpu s18448 r8192 d22512 u49152
[I] Jan  1 00:00:04 kernel: pcpu-alloc: s18448 r8192 d22512 u49152 alloc=12*4096
[I] Jan  1 00:00:04 kernel: pcpu-alloc: [0] 0 [0] 1 [0] 2 [0] 3
[I] Jan  1 00:00:04 kernel: Built 1 zonelists in Zone order, mobility grouping on.  Total pages: 65024
[I] Jan  1 00:00:04 kernel: Kernel command line: console=ttyS0,115200n8
[I] Jan  1 00:00:04 kernel: log_buf_len individual max cpu contribution: 4096 bytes
[I] Jan  1 00:00:04 kernel: log_buf_len total cpu_extra contributions: 12288 bytes
[I] Jan  1 00:00:04 kernel: log_buf_len min size: 16384 bytes
[I] Jan  1 00:00:04 kernel: log_buf_len: 32768 bytes
[I] Jan  1 00:00:04 kernel: early log buf free: 14136(86%)
[I] Jan  1 00:00:04 kernel: PID hash table entries: 1024 (order: 0, 4096 bytes)
[I] Jan  1 00:00:04 kernel: Dentry cache hash table entries: 32768 (order: 5, 131072 bytes)
[I] Jan  1 00:00:04 kernel: Inode-cache hash table entries: 16384 (order: 4, 65536 bytes)
[I] Jan  1 00:00:04 kernel: Writing ErrCtl register=00046584
[I] Jan  1 00:00:04 kernel: Readback ErrCtl register=00046584
[I] Jan  1 00:00:04 kernel: Memory: 254548K/262144K available (3919K kernel code, 163K rwdata, 692K rodata, 204K init, 91K bss, 7596K reserved, 0K cma-reserved)
[I] Jan  1 00:00:04 kernel: Hierarchical RCU implementation.
[I] Jan  1 00:00:04 kernel:  Build-time adjustment of leaf fanout to 32.
[I] Jan  1 00:00:04 kernel: NR_IRQS:79
[I] Jan  1 00:00:04 kernel: MIPS GIC RevID: 3.0
[I] Jan  1 00:00:04 kernel: clocksource: MIPS: mask: 0xffffffff max_cycles: 0xffffffff, max_idle_ns: 4343773742 ns
[I] Jan  1 00:00:04 kernel: sched_clock: 32 bits at 440MHz, resolution 2ns, wraps every 4880645118ns
[I] Jan  1 00:00:04 kernel: console [ttyS0] enabled
[I] Jan  1 00:00:04 kernel: bootconsole [early0] disabled
[I] Jan  1 00:00:04 kernel: Calibrating delay loop... 583.68 BogoMIPS (lpj=1167360)
[I] Jan  1 00:00:04 kernel: pid_max: default: 32768 minimum: 301
[I] Jan  1 00:00:04 kernel: Mount-cache hash table entries: 1024 (order: 0, 4096 bytes)
[I] Jan  1 00:00:04 kernel: Mountpoint-cache hash table entries: 1024 (order: 0, 4096 bytes)
[I] Jan  1 00:00:04 kernel: Primary instruction cache 32kB, VIPT, 4-way, linesize 32 bytes.
[I] Jan  1 00:00:04 kernel: Primary data cache 32kB, 4-way, PIPT, no aliases, linesize 32 bytes
[I] Jan  1 00:00:04 kernel: MIPS secondary cache 256kB, 8-way, linesize 32 bytes.
[I] Jan  1 00:00:04 kernel: CPU1 revision is: 0001992f (MIPS 1004Kc)
[I] Jan  1 00:00:04 kernel: Synchronize counters for CPU 1: done.
[I] Jan  1 00:00:04 kernel: Primary instruction cache 32kB, VIPT, 4-way, linesize 32 bytes.
[I] Jan  1 00:00:04 kernel: Primary data cache 32kB, 4-way, PIPT, no aliases, linesize 32 bytes
[I] Jan  1 00:00:04 kernel: MIPS secondary cache 256kB, 8-way, linesize 32 bytes.
[I] Jan  1 00:00:04 kernel: CPU2 revision is: 0001992f (MIPS 1004Kc)
[I] Jan  1 00:00:04 kernel: Synchronize counters for CPU 2: done.
[I] Jan  1 00:00:04 kernel: Primary instruction cache 32kB, VIPT, 4-way, linesize 32 bytes.
[I] Jan  1 00:00:04 kernel: Primary data cache 32kB, 4-way, PIPT, no aliases, linesize 32 bytes
[I] Jan  1 00:00:04 kernel: MIPS secondary cache 256kB, 8-way, linesize 32 bytes.
[I] Jan  1 00:00:04 kernel: CPU3 revision is: 0001992f (MIPS 1004Kc)
[I] Jan  1 00:00:04 kernel: Synchronize counters for CPU 3: done.
[I] Jan  1 00:00:04 kernel: Brought up 4 CPUs
[I] Jan  1 00:00:04 kernel: clocksource: jiffies: mask: 0xffffffff max_cycles: 0xffffffff, max_idle_ns: 7645041785100000 ns
[I] Jan  1 00:00:04 kernel: futex hash table entries: 1024 (order: 3, 32768 bytes)
[I] Jan  1 00:00:04 kernel: NET: Registered protocol family 16
[I] Jan  1 00:00:04 kernel: PCI host bridge to bus 0000:00
[I] Jan  1 00:00:04 kernel: pci_bus 0000:00: root bus resource [mem 0x60000000-0x6fffffff]
[I] Jan  1 00:00:04 kernel: pci_bus 0000:00: root bus resource [io  0x1e160000-0x1e16ffff]
[I] Jan  1 00:00:04 kernel: pci_bus 0000:00: root bus resource [??? 0x00000000 flags 0x0]
[I] Jan  1 00:00:04 kernel: pci_bus 0000:00: No busn resource found for root bus, will use [bus 00-ff]
[I] Jan  1 00:00:04 kernel: pci 0000:00:00.0: [0e8d:0801] type 01 class 0x060400
[I] Jan  1 00:00:04 kernel: pci 0000:00:00.0: reg 0x10: [mem 0x00000000-0x7fffffff]
[I] Jan  1 00:00:04 kernel: pci 0000:00:00.0: supports D1
[I] Jan  1 00:00:04 kernel: pci 0000:00:00.0: PME# supported from D0 D1 D3hot
[I] Jan  1 00:00:04 kernel: pci 0000:01:00.0: [14c3:7615] type 00 class 0x000280
[I] Jan  1 00:00:04 kernel: pci 0000:01:00.0: reg 0x10: [mem 0x00000000-0x000fffff 64bit]
[I] Jan  1 00:00:04 kernel: pci_bus 0000:01: busn_res: [bus 01-ff] end is updated to 01
[I] Jan  1 00:00:04 kernel: pci_bus 0000:00: busn_res: [bus 00-ff] end is updated to 01
[I] Jan  1 00:00:04 kernel: pci 0000:00:00.0: BAR 0: no space for [mem size 0x80000000]
[I] Jan  1 00:00:04 kernel: pci 0000:00:00.0: BAR 0: failed to assign [mem size 0x80000000]
[I] Jan  1 00:00:04 kernel: pci 0000:00:00.0: BAR 8: assigned [mem 0x60000000-0x600fffff]
[I] Jan  1 00:00:04 kernel: pci 0000:01:00.0: BAR 0: assigned [mem 0x60000000-0x600fffff 64bit]
[I] Jan  1 00:00:04 kernel: pci 0000:00:00.0: PCI bridge to [bus 01]
[I] Jan  1 00:00:04 kernel: pci 0000:00:00.0:   bridge window [mem 0x60000000-0x600fffff]
[I] Jan  1 00:00:04 kernel: clocksource: Switched to clocksource MIPS
[I] Jan  1 00:00:04 kernel: NET: Registered protocol family 2
[I] Jan  1 00:00:04 kernel: IP idents hash table entries: 4096 (order: 3, 32768 bytes)
[I] Jan  1 00:00:04 kernel: TCP established hash table entries: 8192 (order: 3, 32768 bytes)
[I] Jan  1 00:00:04 kernel: TCP bind hash table entries: 8192 (order: 4, 65536 bytes)
[I] Jan  1 00:00:04 kernel: TCP: Hash tables configured (established 8192 bind 8192)
[I] Jan  1 00:00:04 kernel: UDP hash table entries: 256 (order: 1, 8192 bytes)
[I] Jan  1 00:00:04 kernel: UDP-Lite hash table entries: 256 (order: 1, 8192 bytes)
[I] Jan  1 00:00:04 kernel: NET: Registered protocol family 1
[I] Jan  1 00:00:04 kernel: PCI: CLS 32 bytes, default 32
[I] Jan  1 00:00:04 kernel: workingset: timestamp_bits=29 max_order=16 bucket_order=0
[I] Jan  1 00:00:04 kernel: squashfs: version 4.0 (2009/01/31) Phillip Lougher
[I] Jan  1 00:00:04 kernel: io scheduler noop registered (default)
[I] Jan  1 00:00:04 kernel: Serial: 8250/16550 driver, 1 ports, IRQ sharing disabled
[I] Jan  1 00:00:04 kernel: serial8250: ttyS0 at MMIO 0x1e000c00 (irq = 41, base_baud = 3125000) is a 16550A
[I] Jan  1 00:00:04 kernel: ndmpart: registering the NDM partition parser...
[I] Jan  1 00:00:04 kernel: MediaTek NAND driver init, version v2.1
[I] Jan  1 00:00:04 kernel: MTK NFI: NAND ID [98 F1, 80 15 F2 16]
[I] Jan  1 00:00:04 kernel: MTK NFI: NAND chip found in the MTK table: TC58BVG0S3H
[I] Jan  1 00:00:04 kernel: nand: device found, Manufacturer ID: 0x98, Chip ID: 0xf1
[I] Jan  1 00:00:04 kernel: nand: Toshiba NAND 128MiB 3,3V 8-bit
[I] Jan  1 00:00:04 kernel: nand: 128 MiB, SLC, erase size: 128 KiB, page size: 2048, OOB size: 64
[I] Jan  1 00:00:04 kernel: Scanning device for bad blocks
[W] Jan  1 00:00:04 kernel: Bad eraseblock 768 at 0x000006000000
[I] Jan  1 00:00:04 kernel: MTK NFI: success load FACT_BBT from block 1023
[I] Jan  1 00:00:04 kernel: ndmpart: di: active = 0, backup = 1, current = 2
[I] Jan  1 00:00:04 kernel: 17 ndmpart partitions found on MTD device MT7621-NAND
[I] Jan  1 00:00:04 kernel: mtd: creating 17 MTD partitions on "MT7621-NAND":
[I] Jan  1 00:00:04 kernel: 0x000000000000-0x000000080000 : "U-Boot"
[I] Jan  1 00:00:04 kernel: 0x000000080000-0x000000100000 : "U-Config"
[I] Jan  1 00:00:04 kernel: 0x000000100000-0x000000180000 : "RF-EEPROM"
[I] Jan  1 00:00:04 kernel: 0x000000180000-0x000001bc0000 : "Firmware_1"
[I] Jan  1 00:00:04 kernel: 0x000001bc0000-0x000001dc0000 : "Config_1"
[I] Jan  1 00:00:04 kernel: 0x000001dc0000-0x000001fc0000 : "Storage_Legacy"
[I] Jan  1 00:00:04 kernel: 0x000001fc0000-0x000002000000 : "Dump"
[I] Jan  1 00:00:04 kernel: 0x000002000000-0x000003fc0000 : "Storage_A"
[I] Jan  1 00:00:04 kernel: 0x000003fc0000-0x000004040000 : "U-State"
[I] Jan  1 00:00:04 kernel: 0x000004040000-0x0000040c0000 : "U-Config_res"
[I] Jan  1 00:00:04 kernel: 0x0000040c0000-0x000004140000 : "RF-EEPROM_res"
[I] Jan  1 00:00:04 kernel: 0x000004140000-0x000004300000 : "Kernel_2"
[I] Jan  1 00:00:04 kernel: 0x000004300000-0x000005b80000 : "RootFS_2"
[I] Jan  1 00:00:04 kernel: mtd: device 12 (RootFS_2) set to be root filesystem
[I] Jan  1 00:00:04 kernel: 0x000004140000-0x000005b80000 : "Firmware_2"
[I] Jan  1 00:00:04 kernel: 0x000005b80000-0x000005d80000 : "Config_2"
[I] Jan  1 00:00:04 kernel: 0x000005d80000-0x000007f80000 : "Storage_B"
[I] Jan  1 00:00:04 kernel: 0x000000000000-0x000007f80000 : "Full"
[I] Jan  1 00:00:04 kernel: tun: Universal TUN/TAP device driver, 1.6
[I] Jan  1 00:00:04 kernel: tun: (C) 1999-2004 Max Krasnyansky <maxk@qualcomm.com>
[I] Jan  1 00:00:04 kernel: PPP generic driver version 2.4.2
[I] Jan  1 00:00:04 kernel: PPP MPPE Compression module registered
[I] Jan  1 00:00:04 kernel: NET: Registered protocol family 24
[I] Jan  1 00:00:04 kernel: PPTP driver version 0.8.5
[I] Jan  1 00:00:04 kernel: mips_wdt: watchdog timer activated with 30 second delay
[I] Jan  1 00:00:04 kernel: Netfilter messages via NETLINK v0.30.
[I] Jan  1 00:00:04 kernel: nf_conntrack version 0.5.0 (32768 buckets, 65536 max)
[I] Jan  1 00:00:04 kernel: ctnetlink v0.93: registering with nfnetlink.
[I] Jan  1 00:00:04 kernel: Fast NAT loaded
[I] Jan  1 00:00:04 kernel: ip_set: protocol 6
[I] Jan  1 00:00:04 kernel: ipip: IPv4 and MPLS over IPv4 tunneling driver
[I] Jan  1 00:00:04 kernel: gre: GRE over IPv4 demultiplexor driver
[I] Jan  1 00:00:04 kernel: ip_tables: (C) 2000-2006 Netfilter Core Team
[I] Jan  1 00:00:04 kernel: NET: Registered protocol family 10
[I] Jan  1 00:00:04 kernel: ip6_tables: (C) 2000-2006 Netfilter Core Team
[I] Jan  1 00:00:04 kernel: NET: Registered protocol family 17
[I] Jan  1 00:00:04 kernel: ubridge: Tiny bridge driver, 1.2
[I] Jan  1 00:00:04 kernel: 8021q: 802.1Q VLAN Support v1.8
[I] Jan  1 00:00:04 kernel: VFS: Mounted root (squashfs filesystem) readonly on device 31:12.
[I] Jan  1 00:00:04 kernel: Freeing unused kernel memory: 204K
[I] Jan  1 00:00:04 kernel: This architecture does not have kernel memory protection.
[I] Jan  1 00:00:04 kernel: RNG reseed started
[I] Jan  1 00:00:04 kernel: random: crng init done
[I] Jan  1 00:00:04 ndm: Core::Main: ***
[I] Jan  1 00:00:04 ndm: Core::Main: *** Network Device Manager 4.00.C.5.0-2.
[I] Jan  1 00:00:04 ndm: Core::Main: *** Built Oct  4 2023 18:11:49.
[I] Jan  1 00:00:04 ndm: Core::Main: ***
[I] Jan  1 00:00:06 ndm: Core::System::DriverManager: loading /lib/modules/4.9-ndm-5/nf_nat_proto_gre.ko.
[I] Jan  1 00:00:06 ndm: Core::System::DriverManager: loading /lib/modules/4.9-ndm-5/usb-common.ko.
[I] Jan  1 00:00:06 ndm: Core::System::DriverManager: loading /lib/modules/4.9-ndm-5/tsmb.ko.
[W] Jan  1 00:00:06 kernel: tsmb: loading out-of-tree module taints kernel.
[W] Jan  1 00:00:06 kernel: tsmb: module license 'Proprietary' taints kernel.
[W] Jan  1 00:00:06 kernel: Disabling lock debugging due to kernel taint
[I] Jan  1 00:00:06 kernel: Loading TSMB module version 3020.9.24.17.
[I] Jan  1 00:00:06 kernel: Built against headers 4.9-ndm-5 #0 SMP Fri Aug 18 07:38:29 2023 mips
[I] Jan  1 00:00:06 kernel: Running on kernel 4.9-ndm-5 #0 SMP Wed Oct 4 18:11:49 2023 mips
[I] Jan  1 00:00:06 kernel: TSMB module version 3020.9.24.17 loaded.
[I] Jan  1 00:00:06 ndm: Core::System::DriverManager: loading /lib/modules/4.9-ndm-5/crypto_null.ko.
[I] Jan  1 00:00:06 ndm: Core::System::DriverManager: loading /lib/modules/4.9-ndm-5/udp_tunnel.ko.
[I] Jan  1 00:00:06 ndm: Core::System::DriverManager: loading /lib/modules/4.9-ndm-5/scsi_mod.ko.
[I] Jan  1 00:00:06 kernel: SCSI subsystem initialized
[I] Jan  1 00:00:06 ndm: Core::System::DriverManager: loading /lib/modules/4.9-ndm-5/veth.ko.
[I] Jan  1 00:00:06 ndm: Core::System::DriverManager: loading /lib/modules/4.9-ndm-5/crc16.ko.
[I] Jan  1 00:00:06 ndm: Core::System::DriverManager: loading /lib/modules/4.9-ndm-5/zlib_inflate.ko.
[I] Jan  1 00:00:06 ndm: Core::System::DriverManager: loading /lib/modules/4.9-ndm-5/ip_gre.ko.
[I] Jan  1 00:00:06 kernel: ip_gre: GRE over IPv4 tunneling driver
[I] Jan  1 00:00:06 ndm: Core::System::DriverManager: loading /lib/modules/4.9-ndm-5/ndm_storage.ko.
[I] Jan  1 00:00:06 kernel: Searching for suitable storage partitions...
[I] Jan  1 00:00:06 kernel: Found 1st storage partition of size 33292288 bytes
[I] Jan  1 00:00:06 kernel: Found 2nd storage partition of size 35651584 bytes
[I] Jan  1 00:00:06 kernel: Registering UBI data partitions parser
[W] Jan  1 00:00:06 kernel: Concatenating MTD devices:
[W] Jan  1 00:00:06 kernel: (0): "Storage_A"
[W] Jan  1 00:00:06 kernel: (1): "Storage_B"
[W] Jan  1 00:00:06 kernel: into device "NDM combined UBI partition"
[I] Jan  1 00:00:06 kernel: 1 ndmubipart partitions found on MTD device NDM combined UBI partition
[I] Jan  1 00:00:06 kernel: mtd: creating 1 MTD partitions on "NDM combined UBI partition":
[I] Jan  1 00:00:06 kernel: 0x000000000000-0x0000041c0000 : "Storage"
[I] Jan  1 00:00:06 kernel: Merging storage partitions OK
[I] Jan  1 00:00:06 ndm: Core::System::DriverManager: loading /lib/modules/4.9-ndm-5/nf_conntrack_rtsp.ko.
[I] Jan  1 00:00:06 kernel: nf_conntrack_rtsp v0.7 loading
[I] Jan  1 00:00:06 ndm: Core::System::DriverManager: loading /lib/modules/4.9-ndm-5/mbcache.ko.
[I] Jan  1 00:00:06 ndm: Core::System::DriverManager: loading /lib/modules/4.9-ndm-5/phr.ko.
[I] Jan  1 00:00:06 kernel: phr: NDM I/O Peripheral Driver, v2.4.35
[I] Jan  1 00:00:06 kernel: phr: "KN-2610" profile driver loaded
[I] Jan  1 00:00:06 ndm: Core::System::DriverManager: loading /lib/modules/4.9-ndm-5/nf_conntrack_proto_gre.ko.
[I] Jan  1 00:00:06 ndm: Core::System::DriverManager: loading /lib/modules/4.9-ndm-5/sch_cake.ko.
[I] Jan  1 00:00:06 ndm: Core::System::DriverManager: loading /lib/modules/4.9-ndm-5/xxhash.ko.
[I] Jan  1 00:00:06 ndm: Core::System::DriverManager: loading /lib/modules/4.9-ndm-5/ip6_udp_tunnel.ko.
[I] Jan  1 00:00:06 ndm: Core::System::DriverManager: loading /lib/modules/4.9-ndm-5/nls_base.ko.
[I] Jan  1 00:00:06 ndm: Core::System::DriverManager: loading /lib/modules/4.9-ndm-5/jbd2.ko.
[I] Jan  1 00:00:06 ndm: Core::System::DriverManager: loading /lib/modules/4.9-ndm-5/nf_nat_masquerade_ipv6.ko.
[I] Jan  1 00:00:06 ndm: Core::System::DriverManager: loading /lib/modules/4.9-ndm-5/zlib_deflate.ko.
[I] Jan  1 00:00:06 ndm: Core::System::DriverManager: loading /lib/modules/4.9-ndm-5/nf_conntrack_h323.ko.
[I] Jan  1 00:00:06 ndm: Core::System::DriverManager: loading /lib/modules/4.9-ndm-5/mtdoops_proc.ko.
[I] Jan  1 00:00:06 kernel: mtdoops_proc: Attached to MTD device 6
[I] Jan  1 00:00:06 ndm: Core::System::DriverManager: loading /lib/modules/4.9-ndm-5/resetnds.ko.
[I] Jan  1 00:00:06 kernel: resetnds: Module loaded.
[I] Jan  1 00:00:06 ndm: Core::System::DriverManager: loading /lib/modules/4.9-ndm-5/cdrom.ko.
[I] Jan  1 00:00:06 ndm: Core::System::DriverManager: loading /lib/modules/4.9-ndm-5/crc32c_generic.ko.
[I] Jan  1 00:00:06 ndm: Core::System::DriverManager: loading /lib/modules/4.9-ndm-5/nf_conntrack_pptp.ko.
[I] Jan  1 00:00:06 ndm: Core::System::DriverManager: loading /lib/modules/4.9-ndm-5/usbcore.ko.
[I] Jan  1 00:00:06 kernel: usbcore: registered new interface driver usbfs
[I] Jan  1 00:00:06 kernel: usbcore: registered new interface driver hub
[I] Jan  1 00:00:06 kernel: usbcore: registered new device driver usb
[I] Jan  1 00:00:06 ndm: Core::System::DriverManager: loading /lib/modules/4.9-ndm-5/nf_nat_h323.ko.
[I] Jan  1 00:00:06 ndm: Core::System::DriverManager: loading /lib/modules/4.9-ndm-5/nf_nat_pptp.ko.
[I] Jan  1 00:00:06 ndm: Core::System::DriverManager: loading /lib/modules/4.9-ndm-5/usbserial.ko.
[I] Jan  1 00:00:06 kernel: usbcore: registered new interface driver usbserial
[I] Jan  1 00:00:06 ndm: Core::System::DriverManager: loading /lib/modules/4.9-ndm-5/aead.ko.
[I] Jan  1 00:00:06 ndm: Core::System::DriverManager: loading /lib/modules/4.9-ndm-5/zstd_compress.ko.
[I] Jan  1 00:00:06 ndm: Core::System::DriverManager: loading /lib/modules/4.9-ndm-5/l2tp_core.ko.
[I] Jan  1 00:00:06 kernel: l2tp_core: L2TP core driver, V2.0
[I] Jan  1 00:00:06 ndm: Core::System::DriverManager: loading /lib/modules/4.9-ndm-5/cdc-wdm.ko.
[I] Jan  1 00:00:06 kernel: usbcore: registered new interface driver cdc_wdm
[I] Jan  1 00:00:06 ndm: Core::System::DriverManager: loading /lib/modules/4.9-ndm-5/jffs2.ko.
[I] Jan  1 00:00:07 kernel: jffs2: version 2.2. (NAND) (c) 2001-2006 Red Hat, Inc.
[I] Jan  1 00:00:07 ndm: Core::System::DriverManager: loading /lib/modules/4.9-ndm-5/tntfs.ko.
[I] Jan  1 00:00:07 kernel: Tuxera NTFS driver 3021.4.23.18 [Flags: R/W MODULE].
[I] Jan  1 00:00:07 kernel: Built against headers 4.9-ndm-5 #0 SMP Fri Aug 18 07:38:29 2023 mips
[I] Jan  1 00:00:07 kernel: Running on kernel 4.9-ndm-5 #0 SMP Wed Oct 4 18:11:49 2023 mips
[I] Jan  1 00:00:07 ndm: Core::System::DriverManager: loading /lib/modules/4.9-ndm-5/nls_cp866.ko.
[I] Jan  1 00:00:07 ndm: Core::System::DriverManager: loading /lib/modules/4.9-ndm-5/deflate.ko.
[I] Jan  1 00:00:07 ndm: Core::System::DriverManager: loading /lib/modules/4.9-ndm-5/zstd_decompress.ko.
[I] Jan  1 00:00:07 ndm: Core::System::DriverManager: loading /lib/modules/4.9-ndm-5/tfat.ko.
[I] Jan  1 00:00:07 kernel: Tuxera FAT 12/16/32 driver version 3021.3.22.24 [Flags: R/W MODULE].
[I] Jan  1 00:00:07 kernel: Built against headers 4.9-ndm-5 #0 SMP Fri Aug 18 07:38:29 2023 mips
[I] Jan  1 00:00:07 kernel: Running on kernel 4.9-ndm-5 #0 SMP Wed Oct 4 18:11:49 2023 mips
[I] Jan  1 00:00:07 ndm: Core::System::DriverManager: loading /lib/modules/4.9-ndm-5/ext4.ko.
[I] Jan  1 00:00:07 ndm: Core::System::DriverManager: loading /lib/modules/4.9-ndm-5/usbnet.ko.
[I] Jan  1 00:00:07 ndm: Core::System::DriverManager: loading /lib/modules/4.9-ndm-5/sg.ko.
[I] Jan  1 00:00:07 ndm: Core::System::DriverManager: loading /lib/modules/4.9-ndm-5/sierra.ko.
[I] Jan  1 00:00:07 kernel: usbcore: registered new interface driver sierra
[I] Jan  1 00:00:07 kernel: usbserial: USB Serial support registered for Sierra USB modem
[I] Jan  1 00:00:07 ndm: Core::System::DriverManager: loading /lib/modules/4.9-ndm-5/nls_cp437.ko.
[I] Jan  1 00:00:07 ndm: Core::System::DriverManager: loading /lib/modules/4.9-ndm-5/sr_mod.ko.
[I] Jan  1 00:00:07 ndm: Core::System::DriverManager: loading /lib/modules/4.9-ndm-5/sd_mod.ko.
[I] Jan  1 00:00:07 ndm: Core::System::DriverManager: loading /lib/modules/4.9-ndm-5/usblp.ko.
[I] Jan  1 00:00:07 kernel: usbcore: registered new interface driver usblp
[I] Jan  1 00:00:07 ndm: Core::System::DriverManager: loading /lib/modules/4.9-ndm-5/l2tp_ppp.ko.
[I] Jan  1 00:00:07 kernel: l2tp_ppp: PPPoL2TP kernel driver, V2.0
[I] Jan  1 00:00:07 ndm: Core::System::DriverManager: loading /lib/modules/4.9-ndm-5/cdc-acm.ko.
[I] Jan  1 00:00:07 kernel: usbcore: registered new interface driver cdc_acm
[I] Jan  1 00:00:07 kernel: cdc_acm: USB Abstract Control Model driver for USB modems and ISDN adapters
[I] Jan  1 00:00:07 ndm: Core::System::DriverManager: loading /lib/modules/4.9-ndm-5/usb-storage.ko.
[I] Jan  1 00:00:07 kernel: usbcore: registered new interface driver usb-storage
[I] Jan  1 00:00:07 ndm: Core::System::DriverManager: loading /lib/modules/4.9-ndm-5/nls_cp1251.ko.
[I] Jan  1 00:00:07 ndm: Core::System::DriverManager: loading /lib/modules/4.9-ndm-5/nf_nat_rtsp.ko.
[I] Jan  1 00:00:07 kernel: nf_nat_rtsp v0.7 loading
[I] Jan  1 00:00:07 ndm: Core::System::DriverManager: loading /lib/modules/4.9-ndm-5/thfsplus.ko.
[I] Jan  1 00:00:07 kernel: Tuxera HFS+ driver 3021.12.17
[I] Jan  1 00:00:07 kernel: Built against headers 4.9-ndm-5 #0 SMP Fri Aug 18 07:38:29 2023 mips
[I] Jan  1 00:00:07 kernel: Running on kernel 4.9-ndm-5 #0 SMP Wed Oct 4 18:11:49 2023 mips
[I] Jan  1 00:00:07 ndm: Core::System::DriverManager: loading /lib/modules/4.9-ndm-5/zstd.ko.
[I] Jan  1 00:00:07 ndm: Core::System::DriverManager: loading /lib/modules/4.9-ndm-5/nls_utf8.ko.
[I] Jan  1 00:00:07 ndm: Core::System::DriverManager: loading /lib/modules/4.9-ndm-5/exfat.ko.
[I] Jan  1 00:00:07 kernel: exFAT: file-system version 5.9-6ndm
[I] Jan  1 00:00:07 ndm: Core::System::DriverManager: loading /lib/modules/4.9-ndm-5/ip6t_MASQUERADE.ko.
[I] Jan  1 00:00:07 ndm: Core::System::DriverManager: loading /lib/modules/4.9-ndm-5/usbextras.ko.
[I] Jan  1 00:00:07 kernel: usbextras: loaded
[I] Jan  1 00:00:07 ndm: Core::System::DriverManager: loading /lib/modules/4.9-ndm-5/usb_wwan.ko.
[I] Jan  1 00:00:07 ndm: Core::System::DriverManager: loading /lib/modules/4.9-ndm-5/cdc_ncm.ko.
[I] Jan  1 00:00:07 kernel: usbcore: registered new interface driver cdc_ncm
[I] Jan  1 00:00:07 ndm: Core::System::DriverManager: loading /lib/modules/4.9-ndm-5/option.ko.
[I] Jan  1 00:00:07 kernel: usbcore: registered new interface driver option
[I] Jan  1 00:00:07 kernel: usbserial: USB Serial support registered for GSM modem (1-port)
[I] Jan  1 00:00:07 ndm: Core::System::DriverManager: loading /lib/modules/4.9-ndm-5/qmi_wwan.ko.
[I] Jan  1 00:00:07 kernel: usbcore: registered new interface driver qmi_wwan
[I] Jan  1 00:00:07 ndm: Core::System::DriverManager: loading /lib/modules/4.9-ndm-5/huawei_cdc_ncm.ko.
[I] Jan  1 00:00:07 kernel: usbcore: registered new interface driver huawei_cdc_ncm
[I] Jan  1 00:00:07 ndm: Core::System::DriverManager: loading /lib/modules/4.9-ndm-5/cdc_ether.ko.
[I] Jan  1 00:00:07 kernel: usbcore: registered new interface driver cdc_ether
[I] Jan  1 00:00:07 ndm: Core::System::DriverManager: loading /lib/modules/4.9-ndm-5/qcserial.ko.
[I] Jan  1 00:00:08 kernel: usbcore: registered new interface driver qcserial
[I] Jan  1 00:00:08 kernel: usbserial: USB Serial support registered for Qualcomm USB modem
[I] Jan  1 00:00:08 ndm: Core::System::DriverManager: loading /lib/modules/4.9-ndm-5/rndis_host.ko.
[I] Jan  1 00:00:08 kernel: usbcore: registered new interface driver rndis_host
[I] Jan  1 00:00:08 ndm: Core::System::Mtd::Table: current firmware image index is 2.
[I] Jan  1 00:00:08 ndm: Core::FileSystem::Temp: mounting /var/...
[I] Jan  1 00:00:08 ndm: Core::Authenticator: MD5 generator created.
[I] Jan  1 00:00:08 ndm: Core::Authenticator: NT generator created.
[I] Jan  1 00:00:08 ndm: Core::System::Country: set the system country code to "RU".
[I] Jan  1 00:00:08 ndm: Core::Authenticator: "readonly" tag registered.
[I] Jan  1 00:00:08 ndm: Core::FileSystem::Dynamic: "ndm:": registered "log" node.
[I] Jan  1 00:00:08 ndm: Core::FileSystem::Dynamic: "ndm:": registered "running-config" node.
[I] Jan  1 00:00:08 ndm: Core::FileSystem::Dynamic: "ndm:": registered "sharing-config" node.
[I] Jan  1 00:00:08 ndm: Core::FileSystem::Dynamic: "ndm:": registered "self-test" node.
[I] Jan  1 00:00:08 ndm: Core::System::Hostname: the host name set.
[I] Jan  1 00:00:08 ndm: Core::System::Timezone: building a timezone list...
[I] Jan  1 00:00:08 ndm: Core::System::Timezone: scanning done, 312 localities available.
[I] Jan  1 03:00:08 ndm: Core::System::Timezone: "Europe/Moscow" locality set as default.
[I] Jan  1 03:00:08 ndm: Telnet::Server: bruteforce detection is enabled.
[I] Jan  1 03:00:08 ndm: Ntp::Client: configuration reset.
[I] Jan  1 03:00:08 ndm: Ntp::Client: configuration reset.
[I] Jan  1 03:00:08 ndm: Http::Manager: bruteforce detection is enabled.
[I] Jan  1 03:00:08 ndm: Core::Authenticator: "http" tag registered.
[I] Jan  1 03:00:08 ndm: Core::Authenticator: "http-proxy" tag registered.
[I] Jan  1 03:00:08 ndm: Core::System::DriverManager: loading /lib/modules/4.9-ndm-5/nacct.ko.
[I] Jan  1 03:00:09 kernel: nacct: init, v 3.4-2
[I] Jan  1 03:00:09 ndm: Core::System::DriverManager: loading /lib/modules/4.9-ndm-5/mt7621_eth.ko.
[I] Jan  1 03:00:09 kernel: mt7621_eth: NDM Ethernet Switch Driver for MediaTek MT7621, v1.3.32
[I] Jan  1 03:00:09 kernel: mt7621_eth: MT7621 SoC, TX/RX descriptors: 1024/1024, NAPI weight 64
[I] Jan  1 03:00:09 kernel: mt7621_eth: eth2 created for GMAC2 (50:ff:20:74:dd:ce address, 8 EPHY ports)
[I] Jan  1 03:00:09 kernel: mt7621_eth: eth3 created for GMAC1 (50:ff:20:74:dd:cf address, 1 EPHY port)
[I] Jan  1 03:00:09 kernel: mt7621_eth: RTL8370MB switch, ID: 6368, Ver: 0010
[I] Jan  1 03:00:09 kernel: mt7621_eth: RTL8370MB switch configured with 2ns. RGMII delay
[I] Jan  1 03:00:09 kernel: mt7621_eth: RTL8370MB switch initialized
[I] Jan  1 03:00:09 ndm: Network::Interface::Base: "GigabitEthernet0": interface is down.
[I] Jan  1 03:00:09 ndm: Network::Interface::Mac: "GigabitEthernet0": backed up the default address 50:ff:20:74:dd:ce of "GigabitEthernet0" before changing.
[I] Jan  1 03:00:09 ndm: Network::Interface::Repository: "GigabitEthernet0" interface created.
[I] Jan  1 03:00:09 ndm: Network::Interface::Base: "GigabitEthernet0/0": interface is down.
[I] Jan  1 03:00:09 ndm: Network::Interface::Repository: "GigabitEthernet0/0" interface created.
[I] Jan  1 03:00:09 ndm: Network::Interface::Base: "GigabitEthernet0/1": interface is down.
[I] Jan  1 03:00:09 ndm: Network::Interface::Repository: "GigabitEthernet0/1" interface created.
[I] Jan  1 03:00:09 ndm: Network::Interface::Base: "GigabitEthernet0/2": interface is down.
[I] Jan  1 03:00:09 ndm: Network::Interface::Repository: "GigabitEthernet0/2" interface created.
[I] Jan  1 03:00:09 ndm: Network::Interface::Base: "GigabitEthernet0/3": interface is down.
[I] Jan  1 03:00:09 ndm: Network::Interface::Repository: "GigabitEthernet0/3" interface created.
[I] Jan  1 03:00:09 ndm: Network::Interface::Base: "GigabitEthernet0/4": interface is down.
[I] Jan  1 03:00:09 ndm: Network::Interface::Repository: "GigabitEthernet0/4" interface created.
[I] Jan  1 03:00:09 ndm: Network::Interface::Base: "GigabitEthernet0/5": interface is down.
[I] Jan  1 03:00:09 ndm: Network::Interface::Repository: "GigabitEthernet0/5" interface created.
[I] Jan  1 03:00:09 ndm: Network::Interface::Base: "GigabitEthernet0/6": interface is down.
[I] Jan  1 03:00:09 ndm: Network::Interface::Repository: "GigabitEthernet0/6" interface created.
[I] Jan  1 03:00:09 ndm: Network::Interface::Base: "GigabitEthernet0/7": interface is down.
[I] Jan  1 03:00:09 ndm: Network::Interface::Repository: "GigabitEthernet0/7" interface created.
[I] Jan  1 03:00:09 ndm: Network::Interface::Base: "GigabitEthernet1": interface is down.
[I] Jan  1 03:00:09 ndm: Network::Interface::Base: "GigabitEthernet1": network MTU reset to default.
[I] Jan  1 03:00:09 ndm: Network::Interface::Repository: "GigabitEthernet1" interface created.
[I] Jan  1 03:00:09 ndm: Network::Interface::Base: "GigabitEthernet1/0": interface is down.
[I] Jan  1 03:00:09 ndm: Network::Interface::Repository: "GigabitEthernet1/0" interface created.
[I] Jan  1 03:00:09 ndm: Core::System::DriverManager: loading /lib/modules/4.9-ndm-5/ubi.ko.
[I] Jan  1 03:00:09 ndm: Core::System::DriverManager: loading /lib/modules/4.9-ndm-5/ubifs.ko.
[W] Jan  1 03:00:09 kernel: ubi0: attaching mtd17
[W] Jan  1 03:00:09 kernel: ubi0: scanning is finished
[W] Jan  1 03:00:09 kernel: ubi0: attached mtd17 (name "Storage", size 65 MiB)
[W] Jan  1 03:00:09 kernel: ubi0: PEB size: 131072 bytes (128 KiB), LEB size: 126976 bytes
[W] Jan  1 03:00:09 kernel: ubi0: min./max. I/O unit sizes: 2048/2048, sub-page size 2048
[W] Jan  1 03:00:09 kernel: ubi0: VID header offset: 2048 (aligned 2048), data offset: 4096
[W] Jan  1 03:00:09 kernel: ubi0: good PEBs: 525, bad PEBs: 1, corrupted PEBs: 0
[W] Jan  1 03:00:09 kernel: ubi0: user volume: 1, internal volumes: 1, max. volumes count: 128
[W] Jan  1 03:00:09 kernel: ubi0: max/mean erase counter: 2/1, WL threshold: 2048, image sequence number: 898575370
[W] Jan  1 03:00:09 kernel: ubi0: available PEBs: 0, total reserved PEBs: 525, PEBs reserved for bad PEB handling: 12
[W] Jan  1 03:00:09 kernel: ubi0: background thread "ubi_bgt0d" started, PID 423
[W] Jan  1 03:00:09 kernel: UBIFS (ubi0:0): background thread "ubifs_bgt0_0" started, PID 424
[W] Jan  1 03:00:09 kernel: UBIFS (ubi0:0): UBIFS: mounted UBI device 0, volume 0, name "storage"
[W] Jan  1 03:00:09 kernel: UBIFS (ubi0:0): LEB size: 126976 bytes (124 KiB), min./max. I/O unit sizes: 2048 bytes/2048 bytes
[W] Jan  1 03:00:09 kernel: UBIFS (ubi0:0): FS size: 63361024 bytes (60 MiB, 499 LEBs), journal size 3174400 bytes (3 MiB, 25 LEBs)
[W] Jan  1 03:00:09 kernel: UBIFS (ubi0:0): reserved for root: 2992697 bytes (2922 KiB)
[W] Jan  1 03:00:09 kernel: UBIFS (ubi0:0): media format: w4/r0 (latest is w4/r0), UUID 5BF16C05-F333-43FD-8C8C-6C61A7EF08C7, small LPT model
[I] Jan  1 03:00:09 ndm: Core::Authenticator: "printers" tag registered.
[I] Jan  1 03:00:09 ndm: Core::Authenticator: "cifs" tag registered.
[I] Jan  1 03:00:09 ndm: Cloud::UhpService: "cloud" component registered.
[I] Jan  1 03:00:09 ndm: Cloud::Agent: "ndns" TTP component registered.
[I] Jan  1 03:00:09 ndm: Cloud::UhpService: "ndns" component registered.
[I] Jan  1 03:00:09 ndm: Cloud::UhpService: "ndmp" component registered.
[I] Jan  1 03:00:10 ndm: Dns::Filter::Public: loaded 17 presets (version 12).
[I] Jan  1 03:00:10 ndm: Dns::Manager: DNS-over-HTTPS support initialized.
[I] Jan  1 03:00:10 ndm: Dns::Manager: DNS-over-TLS support initialized.
[I] Jan  1 03:00:10 ndm: Network::InternetChecker: gateway checking enabled.
[I] Jan  1 03:00:10 ndm: Network::Interface::Mtk::Sku: main default profile applied.
[I] Jan  1 03:00:10 ndm: Network::Interface::Mtk::Sku: beamforming default profile applied.
[I] Jan  1 03:00:10 ndm: Core::System::DriverManager: loading /lib/modules/4.9-ndm-5/mt7615_ap.ko.
[I] Jan  1 03:00:10 kernel: PCI: Enabling device 0000:01:00.0 (0000 -> 0002)
[I] Jan  1 03:00:10 kernel: MT7615 AP Driver version: 5.1.0.1
[I] Jan  1 03:00:10 ndm: Network::Interface::Mtk::WifiMaster: "WifiMaster1": PHY mode set.
[I] Jan  1 03:00:10 ndm: Network::Interface::Mtk::WifiMaster: "WifiMaster1": channel bandwidth settings reset to default.
[I] Jan  1 03:00:10 ndm: Network::Interface::Base: "WifiMaster1": interface is down.
[I] Jan  1 03:00:10 kernel: MT7615 CPU 0 patch info:
[I] Jan  1 03:00:10 kernel:  Built date: 20180518100604a
[I] Jan  1 03:00:11 kernel: MT7615 CPU 0 firmware info:
[I] Jan  1 03:00:11 kernel:  Chip ID: 0x04
[I] Jan  1 03:00:11 kernel:  Eco version: 0x00
[I] Jan  1 03:00:11 kernel:  Built date: 20210224182030
[I] Jan  1 03:00:11 kernel: MT7615 CPU 1 firmware info:
[I] Jan  1 03:00:11 kernel:  Chip ID: 0x04
[I] Jan  1 03:00:11 kernel:  Eco version: 0x00
[I] Jan  1 03:00:11 kernel:  Built date: 20190415154149
[I] Jan  1 03:00:11 kernel: 5GHz eLNA Gain: 12 -> 11
[I] Jan  1 03:00:11 kernel: 5GHz eLNA Bypass: 12 -> 11
[I] Jan  1 03:00:12 ndm: Network::Interface::Repository: "WifiMaster1" interface created.
[I] Jan  1 03:00:12 ndm: Network::Interface::Mtk::WifiMaster: "WifiMaster0": PHY mode set.
[I] Jan  1 03:00:12 ndm: Network::Interface::Mtk::WifiMaster: "WifiMaster0": channel bandwidth settings reset to default.
[I] Jan  1 03:00:12 ndm: Network::Interface::Base: "WifiMaster0": interface is down.
[I] Jan  1 03:00:12 ndm: Network::Interface::Repository: "WifiMaster0" interface created.
[I] Jan  1 03:00:12 ndm: Network::Interface::Wireless: "WifiMaster0/AccessPoint0": SSID saved.
[I] Jan  1 03:00:12 ndm: Network::Interface::Mtk::AccessPoint: "WifiMaster0/AccessPoint0": SSID reset.
[I] Jan  1 03:00:12 ndm: Network::Interface::Base: "WifiMaster0/AccessPoint0": interface is down.
[I] Jan  1 03:00:12 ndm: Network::Interface::Base: "WifiMaster0/AccessPoint0": network MTU reset to default.
[I] Jan  1 03:00:12 ndm: Network::Interface::Repository: "WifiMaster0/AccessPoint0" interface created.
[I] Jan  1 03:00:12 ndm: Network::Interface::Wireless: "WifiMaster1/AccessPoint2": SSID saved.
[I] Jan  1 03:00:12 ndm: Network::Interface::Mtk::AccessPoint: "WifiMaster1/AccessPoint2": SSID reset.
[I] Jan  1 03:00:12 ndm: Network::Interface::Base: "WifiMaster1/AccessPoint2": interface is down.
[I] Jan  1 03:00:12 ndm: Network::Interface::Base: "WifiMaster1/AccessPoint2": interface is down.
[I] Jan  1 03:00:12 ndm: Network::Interface::Base: "WifiMaster1/AccessPoint2": network MTU reset to default.
[I] Jan  1 03:00:12 ndm: Network::Interface::Repository: "WifiMaster1/AccessPoint2" interface created.
[I] Jan  1 03:00:12 ndm: Network::Interface::Wireless: "WifiMaster0/AccessPoint1": SSID saved.
[I] Jan  1 03:00:12 ndm: Network::Interface::Mtk::AccessPoint: "WifiMaster0/AccessPoint1": SSID reset.
[I] Jan  1 03:00:12 ndm: Network::Interface::Base: "WifiMaster0/AccessPoint1": interface is down.
[I] Jan  1 03:00:12 ndm: Network::Interface::Base: "WifiMaster0/AccessPoint1": interface is down.
[I] Jan  1 03:00:12 ndm: Network::Interface::Base: "WifiMaster0/AccessPoint1": network MTU reset to default.
[I] Jan  1 03:00:12 ndm: Network::Interface::Repository: "WifiMaster0/AccessPoint1" interface created.
[I] Jan  1 03:00:12 ndm: Network::Interface::Wireless: "WifiMaster1/AccessPoint3": SSID saved.
[I] Jan  1 03:00:12 ndm: Network::Interface::Mtk::AccessPoint: "WifiMaster1/AccessPoint3": SSID reset.
[I] Jan  1 03:00:12 ndm: Network::Interface::Base: "WifiMaster1/AccessPoint3": interface is down.
[I] Jan  1 03:00:12 ndm: Network::Interface::Base: "WifiMaster1/AccessPoint3": interface is down.
[I] Jan  1 03:00:12 ndm: Network::Interface::Base: "WifiMaster1/AccessPoint3": network MTU reset to default.
[I] Jan  1 03:00:12 ndm: Network::Interface::Repository: "WifiMaster1/AccessPoint3" interface created.
[I] Jan  1 03:00:12 ndm: Network::Interface::Wireless: "WifiMaster1/AccessPoint0": SSID saved.
[I] Jan  1 03:00:12 ndm: Network::Interface::Mtk::AccessPoint: "WifiMaster1/AccessPoint0": SSID reset.
[I] Jan  1 03:00:12 ndm: Network::Interface::Base: "WifiMaster1/AccessPoint0": interface is down.
[I] Jan  1 03:00:12 ndm: Network::Interface::Base: "WifiMaster1/AccessPoint0": network MTU reset to default.
[I] Jan  1 03:00:12 ndm: Network::Interface::Repository: "WifiMaster1/AccessPoint0" interface created.
[I] Jan  1 03:00:12 ndm: Network::Interface::Wireless: "WifiMaster0/AccessPoint2": SSID saved.
[I] Jan  1 03:00:12 ndm: Network::Interface::Mtk::AccessPoint: "WifiMaster0/AccessPoint2": SSID reset.
[I] Jan  1 03:00:12 ndm: Network::Interface::Base: "WifiMaster0/AccessPoint2": interface is down.
[I] Jan  1 03:00:12 ndm: Network::Interface::Base: "WifiMaster0/AccessPoint2": interface is down.
[I] Jan  1 03:00:12 ndm: Network::Interface::Base: "WifiMaster0/AccessPoint2": network MTU reset to default.
[I] Jan  1 03:00:12 ndm: Network::Interface::Repository: "WifiMaster0/AccessPoint2" interface created.
[I] Jan  1 03:00:12 ndm: Network::Interface::Wireless: "WifiMaster1/AccessPoint1": SSID saved.
[I] Jan  1 03:00:12 ndm: Network::Interface::Mtk::AccessPoint: "WifiMaster1/AccessPoint1": SSID reset.
[I] Jan  1 03:00:12 ndm: Network::Interface::Base: "WifiMaster1/AccessPoint1": interface is down.
[I] Jan  1 03:00:12 ndm: Network::Interface::Base: "WifiMaster1/AccessPoint1": interface is down.
[I] Jan  1 03:00:12 ndm: Network::Interface::Base: "WifiMaster1/AccessPoint1": network MTU reset to default.
[I] Jan  1 03:00:12 ndm: Network::Interface::Repository: "WifiMaster1/AccessPoint1" interface created.
[I] Jan  1 03:00:12 ndm: Network::Interface::Wireless: "WifiMaster0/AccessPoint3": SSID saved.
[I] Jan  1 03:00:12 ndm: Network::Interface::Mtk::AccessPoint: "WifiMaster0/AccessPoint3": SSID reset.
[I] Jan  1 03:00:12 ndm: Network::Interface::Base: "WifiMaster0/AccessPoint3": interface is down.
[I] Jan  1 03:00:12 ndm: Network::Interface::Base: "WifiMaster0/AccessPoint3": interface is down.
[I] Jan  1 03:00:12 ndm: Network::Interface::Base: "WifiMaster0/AccessPoint3": network MTU reset to default.
[I] Jan  1 03:00:12 ndm: Network::Interface::Repository: "WifiMaster0/AccessPoint3" interface created.
[I] Jan  1 03:00:12 ndm: Network::Interface::Base: "WifiMaster0/WifiStation0": interface is down.
[I] Jan  1 03:00:12 ndm: Network::Interface::Base: "WifiMaster0/WifiStation0": network MTU reset to default.
[I] Jan  1 03:00:12 ndm: Network::Interface::Repository: "WifiMaster0/WifiStation0" interface created.
[I] Jan  1 03:00:12 ndm: Network::Interface::Base: "WifiMaster1/WifiStation0": interface is down.
[I] Jan  1 03:00:12 ndm: Network::Interface::Base: "WifiMaster1/WifiStation0": network MTU reset to default.
[I] Jan  1 03:00:12 ndm: Network::Interface::Repository: "WifiMaster1/WifiStation0" interface created.
[I] Jan  1 03:00:12 ndm: Network::Interface::Mtk::WifiMonitor: added system name for "WifiMaster0/Backhaul0".
[I] Jan  1 03:00:12 ndm: Network::Interface::Mtk::WifiMonitor: added system name for "WifiMaster1/Backhaul0".
[I] Jan  1 03:00:12 ndm: Core::FileSystem::Dynamic: "ndm:": registered "wifi-configuration.dat" node.
[I] Jan  1 03:00:12 ndm: Network::Interface::Mtk::WifiController: backhaul STP enabled.
[I] Jan  1 03:00:12 ndm: Network::Interface::Mtk::WifiController: "WifiMaster0/Backhaul0": set metric 1.
[I] Jan  1 03:00:12 kernel: 5GHz eLNA Gain: 12 -> 11
[I] Jan  1 03:00:12 kernel: 5GHz eLNA Bypass: 12 -> 11
[I] Jan  1 03:00:13 ndm: Network::Interface::Mtk::WifiController: "WifiMaster0/Backhaul0": activated.
[I] Jan  1 03:00:13 ndm: Network::Interface::Mtk::WifiController: "WifiMaster1/Backhaul0": set metric 1.
[I] Jan  1 03:00:13 ndm: Network::Interface::Mtk::WifiController: "WifiMaster1/Backhaul0": activated.
[I] Jan  1 03:00:13 ndm: Network::Interface::Mtk::WifiController: backhaul activated.
[I] Jan  1 03:00:13 ndm: PingCheck::Profile: "default": update interval is changed to 10 seconds.
[I] Jan  1 03:00:13 ndm: PingCheck::Profile: "default": uses tls mode.
[I] Jan  1 03:00:13 ndm: PingCheck::Profile: "default": uses port 443 for testing.
[I] Jan  1 03:00:13 ndm: PingCheck::Profile: "default": add host "ya.ru" for testing.
[I] Jan  1 03:00:13 ndm: PingCheck::Profile: "default": add host "vk.com" for testing.
[I] Jan  1 03:00:13 ndm: PingCheck::Profile: "default": add host "youtube.com" for testing.
[I] Jan  1 03:00:13 ndm: Core::System::DriverManager: loading /lib/modules/4.9-ndm-5/ntc.ko.
[I] Jan  1 03:00:13 kernel: ntc: NDM Traffic Control Module, v8.0.20
[I] Jan  1 03:00:13 ndnproxy: NDM DNS Proxy, v1.3.0b63.
[I] Jan  1 03:00:13 ndnproxy: PID file: /var/ndnproxymain.pid.
[I] Jan  1 03:00:13 ndnproxy: stats. file: /var/ndnproxymain.stat.
[I] Jan  1 03:00:13 ndm: Core::Authenticator: "webdav" tag registered.
[I] Jan  1 03:00:13 ndm: WebDav::Server: has no temporary directory, unable to start.
[I] Jan  1 03:00:13 ndm: Module::Manager: loaded 43 modules.
[I] Oct 22 12:35:34 ndm: Core::System::Clock: system time has been changed.
[I] Oct 22 12:35:34 ndm: Core::FileSystem::Proc: system setting saved.
[I] Oct 22 12:35:34 ndm: Core::Syslog: last message repeated 14 times.
[I] Oct 22 18:35:34 ndm: Core::System::Timezone: timezone set to "Asia/Chita".
[I] Oct 22 18:35:34 ndm: Core::System::Domainname: the system domain name set.
[I] Oct 22 18:35:34 ndm: Core::System::Hostname: the host name set.
[I] Oct 22 18:35:34 ndm: Core::System::Caption: template set to default.
[I] Oct 22 18:35:34 ndm: Core::System::Info: description saved.
[I] Oct 22 18:35:34 ndm: Core::Ndss: dump-reporting enabled.
[I] Oct 22 18:35:34 ndm: Core::Schedule::Manager: created schedule "schedule0".
[I] Oct 22 18:35:34 ndm: Core::Schedule::Manager: updated description of "schedule0".
[I] Oct 22 18:35:34 ndm: Core::Schedule::Manager: updated schedule "schedule0".
[I] Oct 22 18:35:34 ndm: Core::Schedule::Manager: updated schedule "schedule0".
[I] Oct 22 18:35:34 ndm: Core::KnownHosts: new host "OPPO-Reno7" has been created.
[I] Oct 22 18:35:34 ndm: Core::KnownHosts: new host "Archer-AX73" has been created.
[I] Oct 22 18:35:34 ndm: Core::KnownHosts: new host "LGwebOSTV" has been created.
[I] Oct 22 18:35:34 ndm: Core::KnownHosts: new host "Keenetic Peak 731***517" has been created.
[I] Oct 22 18:35:34 ndm: Core::KnownHosts: new host "Keenetic Giga 503***389" has been created.
[I] Oct 22 18:35:34 ndm: Core::KnownHosts: new host "Keenetic Giga 011***567" has been created.
[I] Oct 22 18:35:34 ndm: Core::KnownHosts: new host "MagnusOneMain" has been created.
[I] Oct 22 18:35:34 ndm: Core::KnownHosts: new host "SYS laptop" has been created.
[I] Oct 22 18:35:34 ndm: Netfilter::Manager: private networks isolated.
[I] Oct 22 18:35:34 ndm: Core::Authenticator: password has been set for user "admin".
[I] Oct 22 18:35:34 ndm: Core::Authenticator: password has been set for user "admin".
[I] Oct 22 18:35:34 ndm: Core::Authenticator: user "admin" tagged with "cli".
[I] Oct 22 18:35:34 ndm: Core::Authenticator: user "admin" tagged with "http".
[I] Oct 22 18:35:34 ndm: Core::Authenticator: user "admin" tagged with "cifs".
[I] Oct 22 18:35:34 ndm: Core::Authenticator: user "admin" tagged with "printers".
[I] Oct 22 18:35:34 ndm: Core::Authenticator: user "admin" tagged with "webdav".
[I] Oct 22 18:35:34 ndm: Core::Authenticator: user "Roman" has been added.
[I] Oct 22 18:35:34 ndm: Core::Authenticator: password has been set for user "Roman".
[I] Oct 22 18:35:34 ndm: Core::Authenticator: password has been set for user "Roman".
[I] Oct 22 18:35:34 ndm: Core::Authenticator: user "Roman" tagged with "cli".
[I] Oct 22 18:35:34 ndm: Core::Authenticator: user "Roman" tagged with "http".
[I] Oct 22 18:35:34 ndm: Core::Authenticator: user "Roman" tagged with "readonly".
[I] Oct 22 18:35:34 ndm: Core::Authenticator: user "Roman" tagged with "cifs".
[I] Oct 22 18:35:34 ndm: Core::Authenticator: user "Roman" tagged with "printers".
[I] Oct 22 18:35:34 ndm: Core::Authenticator: user "Roman" tagged with "webdav".
[I] Oct 22 18:35:34 ndm: Core::Authenticator: user "Roman" tagged with "http-proxy".
[I] Oct 22 18:35:34 ndm: Core::Authenticator: user "WebDAV" has been added.
[I] Oct 22 18:35:34 ndm: Core::Authenticator: password has been set for user "WebDAV".
[I] Oct 22 18:35:34 ndm: Core::Authenticator: password has been set for user "WebDAV".
[I] Oct 22 18:35:34 ndm: Core::Authenticator: user "WebDAV" tagged with "cifs".
[I] Oct 22 18:35:34 ndm: Core::Authenticator: user "WebDAV" tagged with "webdav".
[I] Oct 22 18:35:34 ndm: Network::Interface::Base: "GigabitEthernet0": "base" changed "conf" layer state "disabled" to "running".
[I] Oct 22 18:35:34 ndm: Network::Interface::Base: "GigabitEthernet0": interface is up.
[I] Oct 22 18:35:34 ndm: Network::Interface::Base: "GigabitEthernet0/0": renamed to "1".
[I] Oct 22 18:35:34 ndm: Network::Interface::Switch: "GigabitEthernet0/0": access mode enabled.
[I] Oct 22 18:35:34 ndm: Network::Interface::Switch: "GigabitEthernet0/0": trunk mode enabled.
[I] Oct 22 18:35:34 ndm: Network::Interface::Switch: "GigabitEthernet0/0": set access VLAN ID: 1.
[I] Oct 22 18:35:34 ndm: Network::Interface::Switch: "GigabitEthernet0/0": set trunk VLAN ID: 2.
[I] Oct 22 18:35:34 ndm: Network::Interface::Base: "GigabitEthernet0/0": "base" changed "conf" layer state "disabled" to "running".
[I] Oct 22 18:35:34 ndm: Network::Interface::Base: "GigabitEthernet0/0": interface is up.
[I] Oct 22 18:35:34 ndm: Network::Interface::Base: "GigabitEthernet0/1": renamed to "2".
[I] Oct 22 18:35:34 ndm: Network::Interface::Switch: "GigabitEthernet0/1": access mode enabled.
[I] Oct 22 18:35:34 ndm: Network::Interface::Switch: "GigabitEthernet0/1": set access VLAN ID: 1.
[I] Oct 22 18:35:34 ndm: Network::Interface::Base: "GigabitEthernet0/1": "base" changed "conf" layer state "disabled" to "running".
[I] Oct 22 18:35:34 ndm: Network::Interface::Base: "GigabitEthernet0/1": interface is up.
[I] Oct 22 18:35:34 ndm: Network::Interface::Base: "GigabitEthernet0/2": renamed to "3".
[I] Oct 22 18:35:34 ndm: Network::Interface::Switch: "GigabitEthernet0/2": access mode enabled.
[I] Oct 22 18:35:34 ndm: Network::Interface::Switch: "GigabitEthernet0/2": set access VLAN ID: 1.
[I] Oct 22 18:35:34 ndm: Network::Interface::Base: "GigabitEthernet0/2": "base" changed "conf" layer state "disabled" to "running".
[I] Oct 22 18:35:34 ndm: Network::Interface::Base: "GigabitEthernet0/2": interface is up.
[I] Oct 22 18:35:34 ndm: Network::Interface::Base: "GigabitEthernet0/3": renamed to "4".
[I] Oct 22 18:35:34 ndm: Network::Interface::Switch: "GigabitEthernet0/3": access mode enabled.
[I] Oct 22 18:35:34 ndm: Network::Interface::Switch: "GigabitEthernet0/3": trunk mode enabled.
[I] Oct 22 18:35:34 ndm: Network::Interface::Switch: "GigabitEthernet0/3": set access VLAN ID: 1.
[I] Oct 22 18:35:34 ndm: Network::Interface::Switch: "GigabitEthernet0/3": set trunk VLAN ID: 2.
[I] Oct 22 18:35:34 ndm: Network::Interface::Base: "GigabitEthernet0/3": "base" changed "conf" layer state "disabled" to "running".
[I] Oct 22 18:35:34 ndm: Network::Interface::Base: "GigabitEthernet0/3": interface is up.
[I] Oct 22 18:35:34 ndm: Network::Interface::Base: "GigabitEthernet0/4": renamed to "5".
[I] Oct 22 18:35:34 ndm: Network::Interface::Switch: "GigabitEthernet0/4": access mode enabled.
[I] Oct 22 18:35:34 ndm: Network::Interface::Switch: "GigabitEthernet0/4": set access VLAN ID: 1.
[I] Oct 22 18:35:34 ndm: Network::Interface::Base: "GigabitEthernet0/4": "base" changed "conf" layer state "disabled" to "running".
[I] Oct 22 18:35:34 ndm: Network::Interface::Base: "GigabitEthernet0/4": interface is up.
[I] Oct 22 18:35:34 ndm: Network::Interface::Base: "GigabitEthernet0/5": renamed to "6".
[I] Oct 22 18:35:34 ndm: Network::Interface::Switch: "GigabitEthernet0/5": access mode enabled.
[I] Oct 22 18:35:34 ndm: Network::Interface::Switch: "GigabitEthernet0/5": set access VLAN ID: 1.
[I] Oct 22 18:35:34 ndm: Network::Interface::Base: "GigabitEthernet0/5": "base" changed "conf" layer state "disabled" to "running".
[I] Oct 22 18:35:34 ndm: Network::Interface::Base: "GigabitEthernet0/5": interface is up.
[I] Oct 22 18:35:34 ndm: Network::Interface::Base: "GigabitEthernet0/6": renamed to "7".
[I] Oct 22 18:35:34 ndm: Network::Interface::Switch: "GigabitEthernet0/6": access mode enabled.
[I] Oct 22 18:35:34 ndm: Network::Interface::Switch: "GigabitEthernet0/6": set access VLAN ID: 1.
[I] Oct 22 18:35:34 ndm: Network::Interface::Base: "GigabitEthernet0/6": "base" changed "conf" layer state "disabled" to "running".
[I] Oct 22 18:35:34 ndm: Network::Interface::Base: "GigabitEthernet0/6": interface is up.
[I] Oct 22 18:35:34 ndm: Network::Interface::Base: "GigabitEthernet0/7": renamed to "8".
[I] Oct 22 18:35:34 ndm: Network::Interface::Switch: "GigabitEthernet0/7": access mode enabled.
[I] Oct 22 18:35:34 ndm: Network::Interface::Switch: "GigabitEthernet0/7": set access VLAN ID: 1.
[I] Oct 22 18:35:34 ndm: Network::Interface::Base: "GigabitEthernet0/7": "base" changed "conf" layer state "disabled" to "running".
[I] Oct 22 18:35:34 ndm: Network::Interface::Base: "GigabitEthernet0/7": interface is up.
[I] Oct 22 18:35:34 ndm: Network::Interface::Base: "GigabitEthernet0/Vlan1": interface is down.
[I] Oct 22 18:35:34 ndm: Network::Interface::Base: "GigabitEthernet0/Vlan1": network MTU reset to default.
[I] Oct 22 18:35:34 ndm: Network::Interface::Repository: "GigabitEthernet0/Vlan1" interface created.
[I] Oct 22 18:35:35 ndm: Network::Interface::Base: "GigabitEthernet0/Vlan1": description saved.
[I] Oct 22 18:35:35 ndm: Network::Interface::L3Base: "GigabitEthernet0/Vlan1": security level set to "private".
[I] Oct 22 18:35:35 ndm: Dhcp::Client: GigabitEthernet0/Vlan1 DHCP client DNS host routes are enabled.
[I] Oct 22 18:35:35 ndm: Dns::InterfaceSpecific: "GigabitEthernet0/Vlan1": accept IPv4 name servers.
[I] Oct 22 18:35:35 ndm: Network::Interface::Base: "GigabitEthernet0/Vlan1": "base" changed "conf" layer state "disabled" to "running".
[I] Oct 22 18:35:35 ndm: Network::Interface::Base: "GigabitEthernet0/Vlan1": interface is up.
[I] Oct 22 18:35:35 ndm: Network::Interface::Base: "GigabitEthernet0/Vlan2": interface is down.
[I] Oct 22 18:35:35 ndm: Network::Interface::Base: "GigabitEthernet0/Vlan2": network MTU reset to default.
[I] Oct 22 18:35:35 ndm: Network::Interface::Repository: "GigabitEthernet0/Vlan2" interface created.
[I] Oct 22 18:35:36 ndm: Network::Interface::L3Base: "GigabitEthernet0/Vlan2": security level set to "public".
[I] Oct 22 18:35:36 ndm: Dhcp::Client: GigabitEthernet0/Vlan2 DHCP client DNS host routes are enabled.
[I] Oct 22 18:35:36 ndm: Network::Interface::Base: "GigabitEthernet0/Vlan2": "base" changed "conf" layer state "disabled" to "running".
[I] Oct 22 18:35:36 ndm: Network::Interface::Base: "GigabitEthernet0/Vlan2": interface is up.
[I] Oct 22 18:35:36 ndm: Network::Interface::Base: "GigabitEthernet1": renamed to "ISP".
[I] Oct 22 18:35:36 ndm: Network::Interface::Base: "GigabitEthernet1": description saved.
[I] Oct 22 18:35:36 ndm: Network::Interface::Mac: "GigabitEthernet1": MAC address reset to factory 50:ff:20:74:dd:cf.
[I] Oct 22 18:35:36 ndm: Network::Interface::L3Base: "GigabitEthernet1": security level set to "public".
[I] Oct 22 18:35:36 ndm: Dhcp::Client: started DHCP client on GigabitEthernet1.
[I] Oct 22 18:35:36 ndm: Dhcp::Client: GigabitEthernet1 DHCP client DNS host routes are enabled.
[I] Oct 22 18:35:36 ndm: Network::Interface::L3Base: "GigabitEthernet1": global priority is 700.
[I] Oct 22 18:35:36 ndm: Dns::InterfaceSpecific: "GigabitEthernet1": accept IPv4 name servers.
[I] Oct 22 18:35:36 ndm: Igmp::Proxy: upstream role assigned to GigabitEthernet1.
[I] Oct 22 18:35:36 ndm: Network::Interface::Base: "GigabitEthernet1": "base" changed "conf" layer state "disabled" to "running".
[I] Oct 22 18:35:36 ndm: Network::Interface::Base: "GigabitEthernet1": interface is up.
[I] Oct 22 18:35:36 ndm: Network::Interface::Base: "GigabitEthernet1/0": renamed to "0".
[I] Oct 22 18:35:36 ndm: Network::Interface::Base: "GigabitEthernet1/0": "base" changed "conf" layer state "disabled" to "running".
[I] Oct 22 18:35:36 ndm: Network::Interface::Base: "GigabitEthernet1/0": interface is up.
[I] Oct 22 18:35:36 ndm: Network::Interface::Mtk::WifiMaster: "WifiMaster0": PHY mode set.
[I] Oct 22 18:35:36 ndm: Network::Interface::Mtk::WifiMaster: "WifiMaster0": TX burst enabled.
[I] Oct 22 18:35:36 ndm: Network::Interface::Mtk::WifiMaster: "WifiMaster0": VHT enabled.
[I] Oct 22 18:35:36 ndm: Network::Interface::Base: "WifiMaster0": "base" changed "conf" layer state "disabled" to "running".
[I] Oct 22 18:35:36 ndm: Network::Interface::Base: "WifiMaster0": interface is up.
[I] Oct 22 18:35:36 ndm: Network::Interface::Base: "WifiMaster0/AccessPoint0": renamed to "AccessPoint".
[I] Oct 22 18:35:36 ndm: Network::Interface::Base: "WifiMaster0/AccessPoint0": description saved.
[I] Oct 22 18:35:36 ndm: Network::Interface::EthernetIp: "WifiMaster0/AccessPoint0": ACL type unchanged.
[I] Oct 22 18:35:36 ndm: Network::Interface::L3Base: "WifiMaster0/AccessPoint0": security level set to "private".
[I] Oct 22 18:35:36 ndm: Network::Interface::Mtk::Wps: "WifiMaster0/AccessPoint0": WPS enabled.
[I] Oct 22 18:35:36 ndm: Network::Interface::Mtk::Wps: "WifiMaster0/AccessPoint0": an auto self PIN mode disabled.
[I] Oct 22 18:35:36 ndm: Network::Interface::Wifi: "WifiMaster0/AccessPoint0": WPA PSK set.
[I] Oct 22 18:35:36 ndm: Network::Interface::Mtk::AccessPoint: "WifiMaster0/AccessPoint0": wireless encryption enabled.
[I] Oct 22 18:35:36 ndm: Network::Interface::Mtk::AccessPoint: "WifiMaster0/AccessPoint0": WPA2 enabled.
[I] Oct 22 18:35:36 ndm: Dhcp::Client: WifiMaster0/AccessPoint0 DHCP client DNS host routes are enabled.
[I] Oct 22 18:35:36 ndm: Dns::InterfaceSpecific: "WifiMaster0/AccessPoint0": accept IPv4 name servers.
[I] Oct 22 18:35:36 ndm: Network::Interface::Wireless: "WifiMaster0/AccessPoint0": SSID saved.
[I] Oct 22 18:35:36 ndm: Network::Interface::Mtk::AccessPoint: "WifiMaster0/AccessPoint0": WMM extensions enabled.
[I] Oct 22 18:35:36 ndm: Network::Interface::Mtk::AccessPoint: "WifiMaster0/AccessPoint0": RRM enabled.
[I] Oct 22 18:35:36 ndm: Network::Interface::Mtk::AccessPoint: "WifiMaster0/AccessPoint0": BTM enabled.
[I] Oct 22 18:35:36 ndm: Network::Interface::Mtk::AccessPoint: "WifiMaster0/AccessPoint0": fast transition MDID set to "t0".
[I] Oct 22 18:35:36 ndm: Network::Interface::Mtk::AccessPoint: "WifiMaster0/AccessPoint0": fast transition enabled.
[I] Oct 22 18:35:36 ndm: Network::Interface::Base: "WifiMaster0/AccessPoint0": interface is down.
[I] Oct 22 18:35:36 ndm: Network::Interface::Base: "WifiMaster0/AccessPoint1": renamed to "GuestWiFi".
[I] Oct 22 18:35:36 ndm: Network::Interface::Base: "WifiMaster0/AccessPoint1": description saved.
[I] Oct 22 18:35:36 ndm: Network::Interface::EthernetIp: "WifiMaster0/AccessPoint1": ACL type unchanged.
[I] Oct 22 18:35:36 ndm: Network::Interface::L3Base: "WifiMaster0/AccessPoint1": security level set to "private".
[I] Oct 22 18:35:36 ndm: Dhcp::Client: WifiMaster0/AccessPoint1 DHCP client DNS host routes are enabled.
[I] Oct 22 18:35:36 ndm: Dns::InterfaceSpecific: "WifiMaster0/AccessPoint1": accept IPv4 name servers.
[I] Oct 22 18:35:36 ndm: Network::Interface::Wireless: "WifiMaster0/AccessPoint1": SSID saved.
[I] Oct 22 18:35:36 ndm: Network::Interface::Mtk::AccessPoint: "WifiMaster0/AccessPoint1": WMM extensions enabled.
[I] Oct 22 18:35:36 ndm: Network::Interface::Mtk::AccessPoint: "WifiMaster0/AccessPoint1": RRM enabled.
[I] Oct 22 18:35:36 ndm: Network::Interface::Mtk::AccessPoint: "WifiMaster0/AccessPoint1": BTM enabled.
[I] Oct 22 18:35:36 ndm: Network::Interface::Mtk::AccessPoint: "WifiMaster0/AccessPoint1": fast transition MDID set to "N0".
[I] Oct 22 18:35:36 ndm: Network::Interface::Mtk::AccessPoint: "WifiMaster0/AccessPoint1": fast transition enabled.
[I] Oct 22 18:35:36 ndm: Network::Interface::Base: "WifiMaster0/AccessPoint1": interface is down.
[I] Oct 22 18:35:36 ndm: Network::Interface::EthernetIp: "WifiMaster0/AccessPoint2": ACL type unchanged.
[I] Oct 22 18:35:36 ndm: Network::Interface::L3Base: "WifiMaster0/AccessPoint2": security level set to "private".
[I] Oct 22 18:35:36 ndm: Dhcp::Client: WifiMaster0/AccessPoint2 DHCP client DNS host routes are enabled.
[I] Oct 22 18:35:36 ndm: Dns::InterfaceSpecific: "WifiMaster0/AccessPoint2": accept IPv4 name servers.
[I] Oct 22 18:35:36 ndm: Network::Interface::Base: "WifiMaster0/AccessPoint2": interface is down.
[I] Oct 22 18:35:36 ndm: Network::Interface::EthernetIp: "WifiMaster0/AccessPoint3": ACL type unchanged.
[I] Oct 22 18:35:36 ndm: Network::Interface::L3Base: "WifiMaster0/AccessPoint3": security level set to "private".
[I] Oct 22 18:35:36 ndm: Dhcp::Client: WifiMaster0/AccessPoint3 DHCP client DNS host routes are enabled.
[I] Oct 22 18:35:36 ndm: Dns::InterfaceSpecific: "WifiMaster0/AccessPoint3": accept IPv4 name servers.
[I] Oct 22 18:35:36 ndm: Network::Interface::Base: "WifiMaster0/AccessPoint3": interface is down.
[I] Oct 22 18:35:36 ndm: Network::Interface::L3Base: "WifiMaster0/WifiStation0": security level set to "public".
[I] Oct 22 18:35:36 ndm: Network::Interface::Mtk::WifiStation: "WifiMaster0/WifiStation0": wireless encryption disabled.
[I] Oct 22 18:35:36 ndm: Dhcp::Client: WifiMaster0/WifiStation0 DHCP client DNS host routes are enabled.
[I] Oct 22 18:35:36 ndm: Dns::InterfaceSpecific: "WifiMaster0/WifiStation0": accept IPv4 name servers.
[I] Oct 22 18:35:36 ndm: Network::Interface::Base: "WifiMaster0/WifiStation0": interface is down.
[I] Oct 22 18:35:36 ndm: Network::Interface::Mtk::WifiMaster: "WifiMaster1": PHY mode set.
[I] Oct 22 18:35:36 ndm: Network::Interface::Mtk::WifiMaster: "WifiMaster1": TX burst enabled.
[I] Oct 22 18:35:36 ndm: Network::Interface::Mtk::WifiMaster: "WifiMaster1": explicit beamforming enabled.
[I] Oct 22 18:35:36 ndm: Network::Interface::Mtk::WifiMaster: "WifiMaster1": 11ac/ax downlink-mumimo enabled.
[I] Oct 22 18:35:36 ndm: Network::Interface::Base: "WifiMaster1": "base" changed "conf" layer state "disabled" to "running".
[I] Oct 22 18:35:36 ndm: Network::Interface::Base: "WifiMaster1": interface is up.
[I] Oct 22 18:35:36 ndm: Network::Interface::Base: "WifiMaster1/AccessPoint0": renamed to "AccessPoint_5G".
[I] Oct 22 18:35:36 ndm: Network::Interface::Base: "WifiMaster1/AccessPoint0": description saved.
[I] Oct 22 18:35:36 ndm: Network::Interface::EthernetIp: "WifiMaster1/AccessPoint0": ACL type unchanged.
[I] Oct 22 18:35:36 ndm: Network::Interface::L3Base: "WifiMaster1/AccessPoint0": security level set to "private".
[I] Oct 22 18:35:36 ndm: Network::Interface::Mtk::Wps: "WifiMaster1/AccessPoint0": WPS enabled.
[I] Oct 22 18:35:36 ndm: Network::Interface::Mtk::Wps: "WifiMaster1/AccessPoint0": an auto self PIN mode disabled.
[I] Oct 22 18:35:36 ndm: Network::Interface::Wifi: "WifiMaster1/AccessPoint0": WPA PSK set.
[I] Oct 22 18:35:36 ndm: Network::Interface::Mtk::AccessPoint: "WifiMaster1/AccessPoint0": wireless encryption enabled.
[I] Oct 22 18:35:36 ndm: Network::Interface::Mtk::AccessPoint: "WifiMaster1/AccessPoint0": WPA2 enabled.
[I] Oct 22 18:35:36 ndm: Dhcp::Client: WifiMaster1/AccessPoint0 DHCP client DNS host routes are enabled.
[I] Oct 22 18:35:36 ndm: Dns::InterfaceSpecific: "WifiMaster1/AccessPoint0": accept IPv4 name servers.
[I] Oct 22 18:35:36 ndm: Network::Interface::Wireless: "WifiMaster1/AccessPoint0": SSID saved.
[I] Oct 22 18:35:36 ndm: Network::Interface::Mtk::AccessPoint: "WifiMaster1/AccessPoint0": WMM extensions enabled.
[I] Oct 22 18:35:36 ndm: Network::Interface::Mtk::AccessPoint: "WifiMaster1/AccessPoint0": RRM enabled.
[I] Oct 22 18:35:36 ndm: Network::Interface::Mtk::AccessPoint: "WifiMaster1/AccessPoint0": BTM enabled.
[I] Oct 22 18:35:36 ndm: Network::Interface::Mtk::AccessPoint: "WifiMaster1/AccessPoint0": fast transition MDID set to "t0".
[I] Oct 22 18:35:36 ndm: Network::Interface::Mtk::AccessPoint: "WifiMaster1/AccessPoint0": fast transition enabled.
[I] Oct 22 18:35:36 ndm: Network::Interface::AccessPoint: "WifiMaster1/AccessPoint0": set to follow WifiMaster0/AccessPoint0.
[I] Oct 22 18:35:36 ndm: Network::Interface::Base: "WifiMaster1/AccessPoint0": "base" changed "conf" layer state "disabled" to "running".
[I] Oct 22 18:35:36 ndm: Network::Interface::Base: "WifiMaster1/AccessPoint0": interface is up.
[I] Oct 22 18:35:36 ndm: Network::Interface::Base: "WifiMaster1/AccessPoint1": renamed to "GuestWiFi_5G".
[I] Oct 22 18:35:36 ndm: Network::Interface::Base: "WifiMaster1/AccessPoint1": description saved.
[I] Oct 22 18:35:36 ndm: Network::Interface::EthernetIp: "WifiMaster1/AccessPoint1": ACL type unchanged.
[I] Oct 22 18:35:36 ndm: Network::Interface::L3Base: "WifiMaster1/AccessPoint1": security level set to "private".
[I] Oct 22 18:35:36 ndm: Network::Interface::Mtk::AccessPoint: "WifiMaster1/AccessPoint1": wireless encryption disabled.
[I] Oct 22 18:35:36 ndm: Dhcp::Client: WifiMaster1/AccessPoint1 DHCP client DNS host routes are enabled.
[I] Oct 22 18:35:36 ndm: Dns::InterfaceSpecific: "WifiMaster1/AccessPoint1": accept IPv4 name servers.
[I] Oct 22 18:35:36 ndm: Network::Interface::Wireless: "WifiMaster1/AccessPoint1": SSID saved.
[I] Oct 22 18:35:36 ndm: Network::Interface::Mtk::AccessPoint: "WifiMaster1/AccessPoint1": RRM enabled.
[I] Oct 22 18:35:36 ndm: Network::Interface::Mtk::AccessPoint: "WifiMaster1/AccessPoint1": BTM enabled.
[I] Oct 22 18:35:36 ndm: Network::Interface::Mtk::AccessPoint: "WifiMaster1/AccessPoint1": fast transition MDID set to "N0".
[I] Oct 22 18:35:36 ndm: Network::Interface::Mtk::AccessPoint: "WifiMaster1/AccessPoint1": fast transition enabled.
[I] Oct 22 18:35:36 ndm: Network::Interface::AccessPoint: "WifiMaster1/AccessPoint1": set to follow WifiMaster0/AccessPoint1.
[I] Oct 22 18:35:36 ndm: Network::Interface::Base: "WifiMaster1/AccessPoint1": interface is down.
[I] Oct 22 18:35:36 ndm: Network::Interface::EthernetIp: "WifiMaster1/AccessPoint2": ACL type unchanged.
[I] Oct 22 18:35:36 ndm: Network::Interface::L3Base: "WifiMaster1/AccessPoint2": security level set to "private".
[I] Oct 22 18:35:36 ndm: Dhcp::Client: WifiMaster1/AccessPoint2 DHCP client DNS host routes are enabled.
[I] Oct 22 18:35:36 ndm: Dns::InterfaceSpecific: "WifiMaster1/AccessPoint2": accept IPv4 name servers.
[I] Oct 22 18:35:36 ndm: Network::Interface::Base: "WifiMaster1/AccessPoint2": interface is down.
[I] Oct 22 18:35:36 ndm: Network::Interface::EthernetIp: "WifiMaster1/AccessPoint3": ACL type unchanged.
[I] Oct 22 18:35:36 ndm: Network::Interface::L3Base: "WifiMaster1/AccessPoint3": security level set to "private".
[I] Oct 22 18:35:36 ndm: Dhcp::Client: WifiMaster1/AccessPoint3 DHCP client DNS host routes are enabled.
[I] Oct 22 18:35:36 ndm: Dns::InterfaceSpecific: "WifiMaster1/AccessPoint3": accept IPv4 name servers.
[I] Oct 22 18:35:36 ndm: Network::Interface::Base: "WifiMaster1/AccessPoint3": interface is down.
[I] Oct 22 18:35:36 ndm: Network::Interface::L3Base: "WifiMaster1/WifiStation0": security level set to "public".
[I] Oct 22 18:35:36 ndm: Network::Interface::Mtk::WifiStation: "WifiMaster1/WifiStation0": wireless encryption disabled.
[I] Oct 22 18:35:37 ndm: Dhcp::Client: WifiMaster1/WifiStation0 DHCP client DNS host routes are enabled.
[I] Oct 22 18:35:37 ndm: Dns::InterfaceSpecific: "WifiMaster1/WifiStation0": accept IPv4 name servers.
[I] Oct 22 18:35:37 ndm: Network::Interface::Base: "WifiMaster1/WifiStation0": interface is down.
[I] Oct 22 18:35:37 ndm: Network::Interface::Base: "Bridge0": interface is down.
[I] Oct 22 18:35:37 ndm: Network::Interface::Base: "Bridge0": network MTU reset to default.
[I] Oct 22 18:35:37 ndm: Network::Interface::Base: "Bridge0": "base" changed "conf" layer state "disabled" to "running".
[I] Oct 22 18:35:37 ndm: Network::Interface::Base: "Bridge0": interface is up.
[I] Oct 22 18:35:37 ndm: Network::Interface::Repository: "Bridge0" interface created.
[I] Oct 22 18:35:38 ndm: Network::Interface::Base: "Bridge0": renamed to "Home".
[I] Oct 22 18:35:38 ndm: Network::Interface::Base: "Bridge0": description saved.
[I] Oct 22 18:35:38 kernel: br0: port 1(eth2.1) entered blocking state
[I] Oct 22 18:35:38 kernel: br0: port 1(eth2.1) entered disabled state
[I] Oct 22 18:35:38 kernel: device eth2.1 entered promiscuous mode
[I] Oct 22 18:35:38 kernel: device eth2 entered promiscuous mode
[I] Oct 22 18:35:38 kernel: br0: port 1(eth2.1) entered blocking state
[I] Oct 22 18:35:38 kernel: br0: port 1(eth2.1) entered forwarding state
[I] Oct 22 18:35:38 kernel: br0: disabled STP choke for port 1(eth2.1)
[I] Oct 22 18:35:38 ndm: Network::Interface::Base: "Bridge0": interface is up.
[I] Oct 22 18:35:38 ndm: Network::Interface::L3Base: "Bridge0": global priority unchanged.
[I] Oct 22 18:35:38 ndm: Network::Interface::L3Base: "Bridge0": global priority cleared.
[I] Oct 22 18:35:38 ndm: Network::Interface::Ip: "Bridge0": IP address cleared.
[I] Oct 22 18:35:38 ndm: Network::Interface::Ip: "Bridge0": IP address cleared.
[I] Oct 22 18:35:38 ndm: Network::Interface::Mac: "Bridge0": backed up the default address 50:ff:20:74:dd:ce of "Home" before changing.
[I] Oct 22 18:35:38 kernel: br0: port 1(eth2.1) entered disabled state
[I] Oct 22 18:35:38 kernel: br0: port 1(eth2.1) entered blocking state
[I] Oct 22 18:35:38 kernel: br0: port 1(eth2.1) entered forwarding state
[I] Oct 22 18:35:38 ndm: Network::Interface::Mac: "Bridge0": MAC address is 50:ff:20:74:dd:ce.
[I] Oct 22 18:35:38 ndm: Network::Interface::Bridge: "Bridge0": GigabitEthernet0/Vlan1 inherited in Bridge0.
[I] Oct 22 18:35:38 kernel: br0: port 2(ra5) entered blocking state
[I] Oct 22 18:35:38 kernel: br0: port 2(ra5) entered disabled state
[I] Oct 22 18:35:38 kernel: device ra5 entered promiscuous mode
[I] Oct 22 18:35:38 kernel: br0: disabled STP choke for port 2(ra5)
[I] Oct 22 18:35:38 kernel: br0: port 1(eth2.1) entered disabled state
[I] Oct 22 18:35:38 kernel: br0: port 1(eth2.1) entered blocking state
[I] Oct 22 18:35:38 kernel: br0: port 1(eth2.1) entered forwarding state
[I] Oct 22 18:35:38 ndm: Network::Interface::Bridge: "Bridge0": AccessPoint included.
[I] Oct 22 18:35:38 kernel: br0: port 3(ra0) entered blocking state
[I] Oct 22 18:35:38 kernel: br0: port 3(ra0) entered disabled state
[I] Oct 22 18:35:38 kernel: device ra0 entered promiscuous mode
[I] Oct 22 18:35:38 kernel: br0: port 3(ra0) entered blocking state
[I] Oct 22 18:35:38 kernel: br0: port 3(ra0) entered forwarding state
[I] Oct 22 18:35:38 kernel: br0: disabled STP choke for port 3(ra0)
[I] Oct 22 18:35:38 kernel: br0: port 3(ra0) entered disabled state
[I] Oct 22 18:35:38 kernel: br0: port 1(eth2.1) entered disabled state
[I] Oct 22 18:35:38 kernel: br0: port 3(ra0) entered blocking state
[I] Oct 22 18:35:38 kernel: br0: port 3(ra0) entered forwarding state
[I] Oct 22 18:35:38 kernel: br0: port 1(eth2.1) entered blocking state
[I] Oct 22 18:35:38 kernel: br0: port 1(eth2.1) entered forwarding state
[I] Oct 22 18:35:38 ndm: Network::Interface::Bridge: "Bridge0": AccessPoint_5G included.
[I] Oct 22 18:35:38 ndm: Network::Interface::EthernetIp: "Bridge0": ACL type unchanged.
[I] Oct 22 18:35:38 ndm: Network::Interface::Mtk::MacBand: "Bridge0": bound dc:21:48:8f:f5:c5 to 5 GHz.
[I] Oct 22 18:35:38 ndm: Network::Interface::L3Base: "Bridge0": security level set to "private".
[I] Oct 22 18:35:38 ndm: Network::Interface::Ip: "Bridge0": IP address is 192.168.1.1/24.
[I] Oct 22 18:35:38 ndm: Dhcp::Client: Bridge0 DHCP client DNS host routes are enabled.
[I] Oct 22 18:35:38 ndm: Dns::InterfaceSpecific: "Bridge0": accept IPv4 name servers.
[I] Oct 22 18:35:38 ndm: Igmp::Proxy: added downstream interface Bridge0.
[I] Oct 22 18:35:38 ndm: Network::Interface::Mtk::Iapp: Bridge0 key applied.
[I] Oct 22 18:35:38 ndm: Network::Interface::Base: "Bridge0": interface is up.
[I] Oct 22 18:35:38 ndm: Network::Interface::Base: "Bridge1": interface is down.
[I] Oct 22 18:35:38 ndm: Network::Interface::Base: "Bridge1": network MTU reset to default.
[I] Oct 22 18:35:38 ndm: Network::Interface::Base: "Bridge1": "base" changed "conf" layer state "disabled" to "running".
[I] Oct 22 18:35:38 ndm: Network::Interface::Base: "Bridge1": interface is up.
[I] Oct 22 18:35:38 ndm: Network::Interface::Repository: "Bridge1" interface created.
[I] Oct 22 18:35:39 ndm: Network::Interface::Base: "Bridge1": renamed to "Guest".
[I] Oct 22 18:35:39 ndm: Network::Interface::Base: "Bridge1": description saved.
[I] Oct 22 18:35:39 ndm: TrafficControl::Manager: "Bridge1" interface rate limited to 5120 kbit/s.
[I] Oct 22 18:35:39 kernel: br1: port 1(eth2.2) entered blocking state
[I] Oct 22 18:35:39 kernel: br1: port 1(eth2.2) entered disabled state
[I] Oct 22 18:35:39 kernel: device eth2.2 entered promiscuous mode
[I] Oct 22 18:35:39 kernel: br1: port 1(eth2.2) entered blocking state
[I] Oct 22 18:35:39 kernel: br1: port 1(eth2.2) entered forwarding state
[I] Oct 22 18:35:39 kernel: br1: disabled STP choke for port 1(eth2.2)
[I] Oct 22 18:35:39 ndm: Network::Interface::Bridge: "Bridge1": GigabitEthernet0/Vlan2 included.
[I] Oct 22 18:35:39 kernel: br1: port 2(ra6) entered blocking state
[I] Oct 22 18:35:39 kernel: br1: port 2(ra6) entered disabled state
[I] Oct 22 18:35:39 kernel: device ra6 entered promiscuous mode
[I] Oct 22 18:35:39 kernel: br1: disabled STP choke for port 2(ra6)
[I] Oct 22 18:35:39 ndm: Network::Interface::Bridge: "Bridge1": GuestWiFi included.
[I] Oct 22 18:35:39 kernel: br1: port 3(ra1) entered blocking state
[I] Oct 22 18:35:39 kernel: br1: port 3(ra1) entered disabled state
[I] Oct 22 18:35:39 kernel: device ra1 entered promiscuous mode
[I] Oct 22 18:35:39 kernel: br1: disabled STP choke for port 3(ra1)
[I] Oct 22 18:35:39 ndm: Network::Interface::Bridge: "Bridge1": GuestWiFi_5G included.
[I] Oct 22 18:35:39 ndm: Network::Interface::EthernetIp: "Bridge1": ACL type unchanged.
[I] Oct 22 18:35:39 ndm: Network::Interface::Mtk::MacBand: "Bridge1": bound dc:21:48:8f:f5:c5 to 5 GHz.
[I] Oct 22 18:35:39 ndm: Network::Interface::Mtk::AccessPoint: "WifiMaster0/AccessPoint1": peer isolation enabled.
[I] Oct 22 18:35:39 ndm: Network::Interface::Mtk::AccessPoint: "WifiMaster1/AccessPoint1": peer isolation enabled.
[I] Oct 22 18:35:39 ndm: Network::Interface::EthernetIp: "Bridge1": peer isolation enabled.
[I] Oct 22 18:35:39 ndm: Network::Interface::L3Base: "Bridge1": security level set to "protected".
[I] Oct 22 18:35:39 ndm: Network::Interface::Bridge: "Bridge1": set enhanced address "52:ff:20:74:dd:cd".
[I] Oct 22 18:35:39 ndm: Network::Interface::Mac: "GigabitEthernet0/Vlan2": backed up the default address 50:ff:20:74:dd:ce of "GigabitEthernet0/Vlan2" before changing.
[I] Oct 22 18:35:39 kernel: br1: port 1(eth2.2) entered disabled state
[I] Oct 22 18:35:39 kernel: br1: port 1(eth2.2) entered blocking state
[I] Oct 22 18:35:39 kernel: br1: port 1(eth2.2) entered forwarding state
[I] Oct 22 18:35:39 ndm: Network::Interface::Mac: "Bridge1": backed up the default address 52:ff:20:14:dd:ce of "Guest" before changing.
[I] Oct 22 18:35:39 kernel: br1: port 1(eth2.2) entered disabled state
[I] Oct 22 18:35:39 kernel: br1: port 1(eth2.2) entered blocking state
[I] Oct 22 18:35:39 kernel: br1: port 1(eth2.2) entered forwarding state
[I] Oct 22 18:35:39 ndm: Network::Interface::Mac: "Bridge1": MAC address is 52:ff:20:74:dd:cd.
[I] Oct 22 18:35:39 ndm: Network::Interface::Ip: "Bridge1": IP address is 10.1.30.1/24.
[I] Oct 22 18:35:39 ndm: Dhcp::Client: Bridge1 DHCP client DNS host routes are enabled.
[I] Oct 22 18:35:39 ndm: Dns::InterfaceSpecific: "Bridge1": accept IPv4 name servers.
[I] Oct 22 18:35:39 ndm: Network::Interface::Mtk::Iapp: Bridge1 key applied.
[I] Oct 22 18:35:39 kernel: br1: port 1(eth2.2) entered disabled state
[I] Oct 22 18:35:39 ndm: Network::Interface::Base: "Bridge1": "base" changed "conf" layer state "running" to "disabled".
[I] Oct 22 18:35:39 ndm: Network::Interface::Base: "Bridge1": interface is down.
[I] Oct 22 18:35:39 ndm: Dhcp::Pool: "_WEBADMIN": assigned IP address range 192.168.1.33 to 192.168.1.152.
[I] Oct 22 18:35:39 ndm: Dhcp::Server: pool "_WEBADMIN" bound to interface Home.
[I] Oct 22 18:35:39 ndm: Dhcp::Server: pool "_WEBADMIN" is enabled.
[I] Oct 22 18:35:39 ndm: Dhcp::Pool: "_WEBADMIN_GUEST_AP": assigned IP address range 10.1.30.33 to 10.1.30.152.
[I] Oct 22 18:35:39 ndm: Dhcp::Server: pool "_WEBADMIN_GUEST_AP" bound to interface Guest.
[I] Oct 22 18:35:39 ndm: Dhcp::Server: pool "_WEBADMIN_GUEST_AP" is enabled.
[I] Oct 22 18:35:39 ndm: Dhcp::Host: host "50:ff:20:7b:33:07" IP address has been changed.
[I] Oct 22 18:35:39 ndm: Dhcp::Server: assigned address 192.168.1.3 to host "50:ff:20:7b:33:07".
[I] Oct 22 18:35:39 ndm: Dhcp::Host: host "50:ff:20:70:02:68" IP address has been changed.
[I] Oct 22 18:35:39 ndm: Dhcp::Server: assigned address 192.168.1.97 to host "50:ff:20:70:02:68".
[I] Oct 22 18:35:39 ndm: Http::Manager: security level set to public SSL.
[I] Oct 22 18:35:39 ndm: Http::Manager: bruteforce detection is enabled.
[I] Oct 22 18:35:39 ndm: Http::Manager: bruteforce detection is reconfigured.
[I] Oct 22 18:35:39 ndm: Http::Manager: enabled SSL service.
[I] Oct 22 18:35:39 ndm: Http::Manager: enabled SSL redirect.
[I] Oct 22 18:35:39 ndm: Http::Manager: WebDAV security level set to public.
[I] Oct 22 18:35:39 ndm: WebDav::Server: enabled.
[I] Oct 22 18:35:39 ndm: Network::Nat: a NAT rule added.
[I] Oct 22 18:35:39 ndm: Network::Nat: a NAT rule added.
[I] Oct 22 18:35:39 ndm: Network::StaticNat: static NAT rule has been added.
[I] Oct 22 18:35:39 ndm: Telnet::Server: security level unchanged.
[I] Oct 22 18:35:39 ndm: Telnet::Server: bruteforce detection is reconfigured.
[I] Oct 22 18:35:39 ndm: Hotspot::Manager: rule "permit" applied to host "0e:65:c8:f9:53:f0".
[I] Oct 22 18:35:39 ndm: Hotspot::Manager: applied priority "3" to host "0e:65:c8:f9:53:f0".
[I] Oct 22 18:35:39 ndm: Hotspot::Manager: rule "permit" applied to host "70:9c:d1:81:f0:33".
[I] Oct 22 18:35:39 ndm: Network::Interface::Base: "GigabitEthernet1/0": "ethernet" changed "link" layer state "pending" to "running".
[I] Oct 22 18:35:39 ndm: Network::Interface::Base: "Bridge0": "ethernet" changed "link" layer state "pending" to "running".
[I] Oct 22 18:35:39 ndm: Hotspot::Manager: applied priority "2" to host "70:9c:d1:81:f0:33".
[I] Oct 22 18:35:39 ndm: Hotspot::Manager: rule "permit" applied to host "50:ff:20:70:02:68".
[I] Oct 22 18:35:39 ndm: Hotspot::Manager: rule "permit" applied to host "50:ff:20:7b:33:07".
[I] Oct 22 18:35:39 ndm: Hotspot::Manager: rule "permit" applied to host "50:ff:20:7c:59:33".
[I] Oct 22 18:35:39 ndm: Hotspot::Manager: rule "permit" applied to host "4c:bc:e9:71:7b:5c".
[I] Oct 22 18:35:39 ndm: Hotspot::Manager: rule "permit" applied to host "14:eb:b6:ae:c2:31".
[I] Oct 22 18:35:39 ndm: Hotspot::Manager: applied priority "1" to host "14:eb:b6:ae:c2:31".
[I] Oct 22 18:35:39 ndm: Hotspot::Manager: rule "permit" applied to host "dc:21:48:8f:f5:c5".
[I] Oct 22 18:35:39 ndm: Hotspot::Manager: applied priority "1" to host "dc:21:48:8f:f5:c5".
[I] Oct 22 18:35:39 ndm: Network::Interface::Mtk::Ppe: software PPE enabled.
[I] Oct 22 18:35:39 ndm: Network::Interface::Mtk::Ppe: hardware PPE enabled.
[I] Oct 22 18:35:39 ndm: UPnP::Manager: using LAN interface: Bridge0.
[I] Oct 22 18:35:39 ndm: Dhcp::Server: service enabled.
[I] Oct 22 18:35:39 ndm: Dns::Manager: DNS proxy enabled.
[I] Oct 22 18:35:39 ndm: Igmp::Proxy: IGMP proxy enabled.
[I] Oct 22 18:35:39 ndm: Http::Manager: HTTP service was enabled.
[I] Oct 22 18:35:39 ndm: Cifs::ServerTsmb: enabled.
[I] Oct 22 18:35:39 ndm: Telnet::Server: telnet server enabled.
[I] Oct 22 18:35:39 ndm: Ntp::Server: enabled.
[I] Oct 22 18:35:39 ndm: Ntp::Client: NTP service enabled.
[I] Oct 22 18:35:39 ndm: Cifs::ServerTsmb: added share "ITCUBE".
[I] Oct 22 18:35:39 ndm: Cifs::ServerTsmb: automount enabled.
[I] Oct 22 18:35:39 ndm: Cifs::ServerTsmb: permissive mode enabled.
[I] Oct 22 18:35:39 ndm: Dns::Manager: enabled rebind protection.
[I] Oct 22 18:35:39 ndm: EasyConfig::Manager: disabled.
[I] Oct 22 18:35:39 ndm: Components::Manager: components auto-update enabled.
[I] Oct 22 18:35:39 ndm: Components::Manager: auto-update channel is "stable".
[I] Oct 22 18:35:39 ndm: Components::Manager: set auto-update schedule "schedule0".
[I] Oct 22 18:35:39 ndm: CloudControl2::Agent: security level unchanged.
[I] Oct 22 18:35:39 ndm: Core::Server: system ready, core startup time is 20 seconds.
[I] Oct 22 18:35:39 ndm: Network::Interface::Base: "WifiMaster0": "wifi-radio" changed "link" layer state "pending" to "running".
[I] Oct 22 18:35:39 ndm: Network::Interface::Base: "WifiMaster1": "wifi-radio" changed "link" layer state "pending" to "running".
[I] Oct 22 18:35:40 kernel: br0: port 4(ra9.1) entered blocking state
[I] Oct 22 18:35:40 kernel: br0: port 4(ra9.1) entered disabled state
[I] Oct 22 18:35:40 kernel: device ra9.1 entered promiscuous mode
[I] Oct 22 18:35:40 kernel: device ra9 entered promiscuous mode
[I] Oct 22 18:35:40 kernel: br0: port 4(ra9.1) entered blocking state
[I] Oct 22 18:35:40 kernel: br0: port 4(ra9.1) entered listening state
[I] Oct 22 18:35:40 kernel: br0: port 5(ra4.1) entered blocking state
[I] Oct 22 18:35:40 kernel: br0: port 5(ra4.1) entered disabled state
[I] Oct 22 18:35:40 kernel: device ra4.1 entered promiscuous mode
[I] Oct 22 18:35:40 kernel: device ra4 entered promiscuous mode
[I] Oct 22 18:35:40 kernel: br0: port 5(ra4.1) entered blocking state
[I] Oct 22 18:35:40 kernel: br0: port 5(ra4.1) entered listening state
[I] Oct 22 18:35:40 ndm: Network::Interface::Mtk::AccessPoint: "WifiMaster0/AccessPoint0": peer isolation disabled.
[I] Oct 22 18:35:40 ndm: Network::Interface::Base: "WifiMaster1/AccessPoint0": schedule cleared.
[I] Oct 22 18:35:40 ndm: Network::Interface::Wireless: "WifiMaster1/AccessPoint0": SSID saved.
[I] Oct 22 18:35:40 ndm: Network::Interface::Mtk::AccessPoint: "WifiMaster1/AccessPoint0": SSID broadcasting enabled.
[I] Oct 22 18:35:40 ndm: Network::Interface::Wifi: "WifiMaster1/AccessPoint0": WPA PSK set.
[I] Oct 22 18:35:40 ndm: Network::Interface::Mtk::AccessPoint: "WifiMaster1/AccessPoint0": wireless encryption enabled.
[I] Oct 22 18:35:40 ndm: Network::Interface::Mtk::AccessPoint: "WifiMaster1/AccessPoint0": WPA disabled.
[I] Oct 22 18:35:40 ndm: Network::Interface::Mtk::AccessPoint: "WifiMaster1/AccessPoint0": WPA2 enabled.
[I] Oct 22 18:35:40 ndm: Network::Interface::Mtk::AccessPoint: "WifiMaster1/AccessPoint0": WPA3 disabled.
[I] Oct 22 18:35:40 ndm: Network::Interface::Mtk::AccessPoint: "WifiMaster1/AccessPoint0": OWE disabled.
[I] Oct 22 18:35:40 ndm: Network::Interface::Mtk::AccessPoint: "WifiMaster1/AccessPoint0": RRM enabled.
[I] Oct 22 18:35:40 ndm: Network::Interface::Mtk::AccessPoint: "WifiMaster1/AccessPoint0": BTM enabled.
[I] Oct 22 18:35:40 ndm: Network::Interface::Mtk::AccessPoint: "WifiMaster1/AccessPoint0": fast transition enabled.
[I] Oct 22 18:35:40 ndm: Network::Interface::Mtk::AccessPoint: "WifiMaster1/AccessPoint0": fast transition MDID set to "t0".
[I] Oct 22 18:35:40 ndm: Network::Interface::Mtk::AccessPoint: "WifiMaster1/AccessPoint0": peer isolation disabled.
[I] Oct 22 18:35:40 ndm: Network::Interface::Base: "WifiMaster1/AccessPoint1": schedule cleared.
[I] Oct 22 18:35:40 ndm: Network::Interface::Wireless: "WifiMaster1/AccessPoint1": SSID saved.
[I] Oct 22 18:35:40 ndm: Network::Interface::Mtk::AccessPoint: "WifiMaster1/AccessPoint1": SSID broadcasting enabled.
[I] Oct 22 18:35:40 ndm: Network::Interface::Wifi: "WifiMaster1/AccessPoint1": WPA PSK set.
[I] Oct 22 18:35:40 ndm: Network::Interface::Mtk::AccessPoint: "WifiMaster1/AccessPoint1": wireless encryption disabled.
[I] Oct 22 18:35:40 ndm: Network::Interface::Mtk::AccessPoint: "WifiMaster1/AccessPoint1": WPA disabled.
[I] Oct 22 18:35:40 ndm: Network::Interface::Mtk::AccessPoint: "WifiMaster1/AccessPoint1": WPA2 disabled.
[I] Oct 22 18:35:40 ndm: Network::Interface::Mtk::AccessPoint: "WifiMaster1/AccessPoint1": WPA3 disabled.
[I] Oct 22 18:35:40 ndm: Network::Interface::Mtk::AccessPoint: "WifiMaster1/AccessPoint1": OWE disabled.
[I] Oct 22 18:35:40 ndm: Network::Interface::Mtk::AccessPoint: "WifiMaster1/AccessPoint1": RRM enabled.
[I] Oct 22 18:35:40 ndm: Network::Interface::Mtk::AccessPoint: "WifiMaster1/AccessPoint1": BTM enabled.
[I] Oct 22 18:35:40 ndm: Network::Interface::Mtk::AccessPoint: "WifiMaster1/AccessPoint1": fast transition enabled.
[I] Oct 22 18:35:40 ndm: Network::Interface::Mtk::AccessPoint: "WifiMaster1/AccessPoint1": fast transition MDID set to "N0".
[I] Oct 22 18:35:40 kernel: br1: port 4(ra9.2) entered blocking state
[I] Oct 22 18:35:40 kernel: br1: port 4(ra9.2) entered disabled state
[I] Oct 22 18:35:40 kernel: device ra9.2 entered promiscuous mode
[I] Oct 22 18:35:40 kernel: br1: port 5(ra4.2) entered blocking state
[I] Oct 22 18:35:40 kernel: br1: port 5(ra4.2) entered disabled state
[I] Oct 22 18:35:40 kernel: device ra4.2 entered promiscuous mode
[I] Oct 22 18:35:40 ndm: Network::Interface::Mtk::AccessPoint: "WifiMaster0/AccessPoint1": peer isolation enabled.
[I] Oct 22 18:35:40 ndm: Network::Interface::Mtk::AccessPoint: "WifiMaster1/AccessPoint1": peer isolation enabled.
[I] Oct 22 18:35:40 ndm: Network::Interface::Base: "GigabitEthernet1": "ethernet" changed "link" layer state "pending" to "running".
[I] Oct 22 18:35:40 ndm: Network::Interface::Ethernet: "GigabitEthernet1": link up (1000FD/AN).
[I] Oct 22 18:35:40 ndm: Network::Interface::Base: "WifiMaster1/AccessPoint0": "wifi" changed "link" layer state "pending" to "running".
[I] Oct 22 18:35:40 ndm: Core::System::Mtd::Table: firmware image 2 marked as active.
[I] Oct 22 18:35:40 ndm: Hotspot::Discovery::Explorer: "Bridge0": Interface Bridge0 IPv4 neighbour explorer started.
[I] Oct 22 18:35:40 ndm: Usb::Hotplug::Manager: scanning hardware...
[I] Oct 22 18:35:40 ndm: Usb::Hotplug::Manager: scanning hardware: done.
[I] Oct 22 18:35:40 ndm: Core::System::DriverManager: loading /lib/modules/4.9-ndm-5/xhci-hcd.ko.
[I] Oct 22 18:35:40 ndm: Core::System::DriverManager: loading /lib/modules/4.9-ndm-5/xhci-mtk.ko.
[I] Oct 22 18:35:40 kernel: xhci-mtk xhci-mtk: xHCI Host Controller
[I] Oct 22 18:35:40 kernel: xhci-mtk xhci-mtk: new USB bus registered, assigned bus number 1
[I] Oct 22 18:35:40 kernel: U2PHY P0 set SRCTRL calibration value: 3
[I] Oct 22 18:35:40 kernel: U2PHY P1 set SRCTRL calibration value: 3
[I] Oct 22 18:35:40 kernel: xhci-mtk xhci-mtk: hcc params 0x01401198 hci version 0x96 quirks 0x00294810
[I] Oct 22 18:35:40 kernel: xhci-mtk xhci-mtk: irq 37, io mem 0x1e1c0000
[I] Oct 22 18:35:40 kernel: usb usb1: New USB device found, idVendor=1d6b, idProduct=0002, bcdDevice= 4.09
[I] Oct 22 18:35:40 kernel: usb usb1: New USB device strings: Mfr=3, Product=2, SerialNumber=1
[I] Oct 22 18:35:40 kernel: usb usb1: Product: xHCI Host Controller
[I] Oct 22 18:35:40 kernel: usb usb1: Manufacturer: Linux 4.9-ndm-5 xhci-hcd
[I] Oct 22 18:35:40 kernel: usb usb1: SerialNumber: xhci-mtk
[I] Oct 22 18:35:40 kernel: hub 1-0:1.0: USB hub found
[I] Oct 22 18:35:40 kernel: hub 1-0:1.0: 2 ports detected
[I] Oct 22 18:35:40 kernel: xhci-mtk xhci-mtk: xHCI Host Controller
[I] Oct 22 18:35:40 kernel: xhci-mtk xhci-mtk: new USB bus registered, assigned bus number 2
[I] Oct 22 18:35:40 kernel: xhci-mtk xhci-mtk: Host supports USB 3.0 SuperSpeed
[I] Oct 22 18:35:40 kernel: usb usb2: New USB device found, idVendor=1d6b, idProduct=0003, bcdDevice= 4.09
[I] Oct 22 18:35:40 kernel: usb usb2: New USB device strings: Mfr=3, Product=2, SerialNumber=1
[I] Oct 22 18:35:40 kernel: usb usb2: Product: xHCI Host Controller
[I] Oct 22 18:35:40 kernel: usb usb2: Manufacturer: Linux 4.9-ndm-5 xhci-hcd
[I] Oct 22 18:35:40 kernel: usb usb2: SerialNumber: xhci-mtk
[I] Oct 22 18:35:40 kernel: hub 2-0:1.0: USB hub found
[I] Oct 22 18:35:40 kernel: hub 2-0:1.0: 1 port detected
[I] Oct 22 18:35:40 kernel: Disable SMB fastpath
[I] Oct 22 18:35:40 kernel: Enable SMB fastpath for 192.168.1.1/255.255.255.0
[I] Oct 22 18:35:40 ndm: Http::Manager: disabled NDMP passthrough.
[I] Oct 22 18:35:40 ndm: Core::System::DriverManager: loading /lib/modules/4.9-ndm-5/igmpsn.ko.
[I] Oct 22 18:35:40 kernel: igmpsn: NDM IGMP Switch Snooping Module, v4.3.5
[I] Oct 22 18:35:40 ndm: Network::Interface::Mtk::WifiMaster: "WifiMaster1": auto channel mode set.
[I] Oct 22 18:35:40 ndm: Network::Interface::Mtk::WifiMaster: "WifiMaster0": auto channel mode set.
[I] Oct 22 18:35:41 kernel: br0: port 2(ra5) entered blocking state
[I] Oct 22 18:35:41 kernel: br0: port 2(ra5) entered listening state
[I] Oct 22 18:35:41 kernel: br0: port 3(ra0) entered blocking state
[I] Oct 22 18:35:41 kernel: br0: port 3(ra0) entered listening state
[I] Oct 22 18:35:41 ndm: Http::Nginx: loaded SSL certificate for "bd1011694ca74db5c932ae5a.keenetic.io".
[I] Oct 22 18:35:41 ndm: Http::Nginx: loaded SSL certificate for "itcube45.keenetic.link".
[I] Oct 22 18:35:41 telnetd: waiting for connections...
[I] Oct 22 18:35:42 ndm: Core::Server: started Session /var/run/ndm.core.socket.
[I] Oct 22 18:35:42 ndm: Core::Session: client disconnected.
[I] Oct 22 18:35:42 mtkiappd: MediaTek IAPP daemon v2.0.11 started on br0.
[I] Oct 22 18:35:42 coalagent: version 0.4.60 starting on 192.168.1.1.
[I] Oct 22 18:35:42 ndm: Http::Manager: updated configuration.
[I] Oct 22 18:35:42 ndm: Core::System::DriverManager: loading /lib/modules/4.9-ndm-5/hw_nat.ko.
[I] Oct 22 18:35:42 ndhcps: NDM DHCP Server, v3.2.53.
[I] Oct 22 18:35:42 kernel: Ralink/MTK HW NAT 5.0.5.1-15 Module Enabled, FoE Size: 16384
[I] Oct 22 18:35:42 ndm: Core::System::DriverManager: loading /lib/modules/4.9-ndm-5/fastvpn.ko.
[I] Oct 22 18:35:42 kernel: fastvpn: sizeof(bind) = 264
[I] Oct 22 18:35:42 kernel: fastvpn: sizeof(hashent) = 88
[I] Oct 22 18:35:42 kernel: fastvpn: registered
[I] Oct 22 18:35:42 kernel: fastvpn: enabled
[I] Oct 22 18:35:42 kernel: fastvpn: Fast VPN init, v6.0-28
[I] Oct 22 18:35:42 kernel: fastvpn: PPPoE/IPoE LAN software acceleration is disabled
[I] Oct 22 18:35:42 ndm: Core::Server: started Session /var/run/ndm.core.socket.
[I] Oct 22 18:35:42 ndm: Core::System::DriverManager: loading /lib/modules/4.9-ndm-5/nf_conntrack_sip.ko.
[I] Oct 22 18:35:42 ndm: Core::Session: client disconnected.
[I] Oct 22 18:35:42 ndm: Core::System::DriverManager: loading /lib/modules/4.9-ndm-5/nf_nat_sip.ko.
[I] Oct 22 18:35:42 wind: version 1.0.4 started on br0.
[I] Oct 22 18:35:43 avahi-daemon[462]: avahi-daemon 0.8 starting up.
[I] Oct 22 18:35:43 nimproxy: NDM IGMP/Multicast Proxy, v0.0.36.
[I] Oct 22 18:35:43 ndhcpc: GigabitEthernet1: NDM DHCP Client, v3.2.53.
[I] Oct 22 18:35:43 ndhcpc: GigabitEthernet1: created PID file "/var/run/ndhcpc-eth3.pid".
[I] Oct 22 18:35:43 kernel: TSMB module version 3020.9.24.17 started from process 471!
[I] Oct 22 18:35:43 kernel: br0: port 3(ra0) entered disabled state
[I] Oct 22 18:35:43 kernel: 5GHz eLNA Gain: 12 -> 11
[I] Oct 22 18:35:43 kernel: 5GHz eLNA Bypass: 12 -> 11
[I] Oct 22 18:35:43 kernel: usb 2-1: new SuperSpeed Gen 1 USB device number 2 using xhci-mtk
[I] Oct 22 18:35:43 kernel: usb 2-1: New USB device found, idVendor=0080, idProduct=a001, bcdDevice= 2.04
[I] Oct 22 18:35:43 kernel: usb 2-1: New USB device strings: Mfr=1, Product=2, SerialNumber=3
[I] Oct 22 18:35:43 kernel: usb 2-1: Product: External USB 3.0
[I] Oct 22 18:35:43 kernel: usb 2-1: Manufacturer: TOSHIBA
[I] Oct 22 18:35:43 kernel: usb 2-1: SerialNumber: 201503310007F
[I] Oct 22 18:35:43 kernel: usb-storage 2-1:1.0: USB Mass Storage device detected
[I] Oct 22 18:35:43 kernel: scsi host0: usb-storage 2-1:1.0
[I] Oct 22 18:35:44 kernel: br0: port 5(ra4.1) entered learning state
[I] Oct 22 18:35:44 kernel: br0: port 4(ra9.1) entered learning state
[I] Oct 22 18:35:44 kernel: br0: port 3(ra0) entered blocking state
[I] Oct 22 18:35:44 kernel: br0: port 3(ra0) entered listening state
[I] Oct 22 18:35:44 ndm: Network::Interface::Base: "WifiMaster1/AccessPoint0": schedule cleared.
[I] Oct 22 18:35:44 ndm: Network::Interface::Wireless: "WifiMaster1/AccessPoint0": SSID saved.
[I] Oct 22 18:35:44 ndm: Network::Interface::Mtk::AccessPoint: "WifiMaster1/AccessPoint0": SSID broadcasting enabled.
[I] Oct 22 18:35:44 ndm: Network::Interface::Wifi: "WifiMaster1/AccessPoint0": WPA PSK set.
[I] Oct 22 18:35:44 ndm: Network::Interface::Mtk::AccessPoint: "WifiMaster1/AccessPoint0": wireless encryption enabled.
[I] Oct 22 18:35:44 ndm: Network::Interface::Mtk::AccessPoint: "WifiMaster1/AccessPoint0": WPA disabled.
[I] Oct 22 18:35:44 ndm: Network::Interface::Mtk::AccessPoint: "WifiMaster1/AccessPoint0": WPA2 enabled.
[I] Oct 22 18:35:44 ndm: Network::Interface::Mtk::AccessPoint: "WifiMaster1/AccessPoint0": WPA3 disabled.
[I] Oct 22 18:35:44 ndm: Network::Interface::Mtk::AccessPoint: "WifiMaster1/AccessPoint0": OWE disabled.
[I] Oct 22 18:35:44 ndm: Network::Interface::Mtk::AccessPoint: "WifiMaster1/AccessPoint0": RRM enabled.
[I] Oct 22 18:35:44 ndm: Network::Interface::Mtk::AccessPoint: "WifiMaster1/AccessPoint0": BTM enabled.
[I] Oct 22 18:35:44 ndm: Network::Interface::Mtk::AccessPoint: "WifiMaster1/AccessPoint0": fast transition enabled.
[I] Oct 22 18:35:44 ndm: Network::Interface::Mtk::AccessPoint: "WifiMaster1/AccessPoint0": fast transition MDID set to "t0".
[I] Oct 22 18:35:44 ndm: Network::Interface::Base: "WifiMaster1/AccessPoint1": schedule cleared.
[I] Oct 22 18:35:44 ndm: Network::Interface::Wireless: "WifiMaster1/AccessPoint1": SSID saved.
[I] Oct 22 18:35:44 ndm: Network::Interface::Mtk::AccessPoint: "WifiMaster1/AccessPoint1": SSID broadcasting enabled.
[I] Oct 22 18:35:44 ndm: Network::Interface::Wifi: "WifiMaster1/AccessPoint1": WPA PSK set.
[I] Oct 22 18:35:44 ndm: Network::Interface::Mtk::AccessPoint: "WifiMaster1/AccessPoint1": wireless encryption disabled.
[I] Oct 22 18:35:44 ndm: Network::Interface::Mtk::AccessPoint: "WifiMaster1/AccessPoint1": WPA disabled.
[I] Oct 22 18:35:44 ndm: Network::Interface::Mtk::AccessPoint: "WifiMaster1/AccessPoint1": WPA2 disabled.
[I] Oct 22 18:35:44 ndm: Network::Interface::Mtk::AccessPoint: "WifiMaster1/AccessPoint1": WPA3 disabled.
[I] Oct 22 18:35:44 ndm: Network::Interface::Mtk::AccessPoint: "WifiMaster1/AccessPoint1": OWE disabled.
[I] Oct 22 18:35:44 ndm: Network::Interface::Mtk::AccessPoint: "WifiMaster1/AccessPoint1": RRM enabled.
[I] Oct 22 18:35:44 ndm: Network::Interface::Mtk::AccessPoint: "WifiMaster1/AccessPoint1": BTM enabled.
[I] Oct 22 18:35:44 ndm: Network::Interface::Mtk::AccessPoint: "WifiMaster1/AccessPoint1": fast transition enabled.
[I] Oct 22 18:35:44 ndm: Network::Interface::Mtk::AccessPoint: "WifiMaster1/AccessPoint1": fast transition MDID set to "N0".
[I] Oct 22 18:35:44 ndhcpc: GigabitEthernet1: received OFFER for 192.168.3.10 from 192.168.3.1.
[I] Oct 22 18:35:44 ndhcpc: GigabitEthernet1: received ACK for 192.168.3.10 from 192.168.3.1 lease 86400 sec.
[I] Oct 22 18:35:44 ndm: Dhcp::Client: configuring interface ISP.
[I] Oct 22 18:35:44 ndm: Network::Interface::Ip: "GigabitEthernet1": IP address is 192.168.3.10/24.
[I] Oct 22 18:35:44 ndm: Dhcp::Client: obtained IP address 192.168.3.10/24.
[I] Oct 22 18:35:44 ndm: Dhcp::Client: interface "ISP" is global, priority 700.
[I] Oct 22 18:35:44 ndm: Dhcp::Client: adding a default route via 192.168.3.1.
[I] Oct 22 18:35:44 ndm: Dns::InterfaceSpecific: adding name server 192.168.3.1.
[I] Oct 22 18:35:44 ndm: Dns::InterfaceSpecific: "GigabitEthernet1": name server 192.168.3.1 added, domain (default).
[I] Oct 22 18:35:44 ndm: Network::Interface::Base: "GigabitEthernet1": "dhcp-client" changed "ipv4" layer state "pending" to "running".
[I] Oct 22 18:35:44 nimproxy: NDM IGMP/Multicast proxy stopped (exit status: 0).
[I] Oct 22 18:35:44 ndm: Core::Server: started Session /var/run/ndm.core.socket.
[I] Oct 22 18:35:44 ndm: Core::Session: client disconnected.
[I] Oct 22 18:35:44 ndm: Network::InterfaceFlusher: flushed IPv4 conntrack and route cache.
[I] Oct 22 18:35:44 kernel: capability: warning: `nginx' uses 32-bit capabilities (legacy support in use)
[I] Oct 22 18:35:44 kernel: scsi 0:0:0:0: Direct-Access     TO Exter nal USB 3.0      0204 PQ: 0 ANSI: 6
[I] Oct 22 18:35:44 kernel: sd 0:0:0:0: Attached scsi generic sg0 type 0
[I] Oct 22 18:35:44 kernel: sd 0:0:0:0: [sda] 488397168 512-byte logical blocks: (250 GB/233 GiB)
[I] Oct 22 18:35:44 kernel: sd 0:0:0:0: [sda] Write Protect is off
[I] Oct 22 18:35:44 kernel: sd 0:0:0:0: [sda] Mode Sense: 47 00 00 08
[I] Oct 22 18:35:44 kernel: sd 0:0:0:0: [sda] Write cache: enabled, read cache: enabled, doesn't support DPO or FUA
[I] Oct 22 18:35:44 ndm: Network::InternetChecker: Internet access detected.
[I] Oct 22 18:35:44 kernel:  sda: sda1
[I] Oct 22 18:35:44 kernel: sd 0:0:0:0: [sda] Attached SCSI disk
[I] Oct 22 18:35:44 ndm: Storage::Manager: "Media0": enabled a disk spin down.
[I] Oct 22 18:35:44 ndm: Storage::Manager: created "Media0", port 1.
[I] Oct 22 18:35:45 ndm: Storage::Partition: ntfs "6672012F72010591:": filesystem initialized.
[I] Oct 22 18:35:45 kernel: tntfs info (device sda1, pid 510): ntfs_fill_super(): fail_safe is enabled.
[I] Oct 22 18:35:45 kernel: br0: port 2(ra5) entered learning state
[I] Oct 22 18:35:45 kernel: tntfs info (device sda1, pid 510): load_system_files(): NTFS volume name 'ITCUBE', version 3.1 (cluster_size 4096, PAGE_SIZE 4096).
[I] Oct 22 18:35:45 ndm: Http::Nginx: loaded SSL certificate for "bd1011694ca74db5c932ae5a.keenetic.io".
[I] Oct 22 18:35:45 ndm: Storage::Manager: "Media0": registered partition "6672012F72010591:".
[I] Oct 22 18:35:45 ndm: Http::Nginx: loaded SSL certificate for "itcube45.keenetic.link".
[I] Oct 22 18:35:45 ndm: Core::Server: started Session /var/run/ndm.core.socket.
[I] Oct 22 18:35:45 ndm: Core::Session: client disconnected.
[I] Oct 22 18:35:45 ndm: Http::Manager: updated configuration.
[I] Oct 22 18:35:45 ndm: Core::Server: started Session /var/run/ndm.core.socket.
[I] Oct 22 18:35:45 ndm: Core::Session: client disconnected.
[I] Oct 22 18:35:46 nimproxy: NDM IGMP/Multicast Proxy, v0.0.36.
[I] Oct 22 18:35:46 ndm: Core::Server: started Session /var/run/ndm.core.socket.
[I] Oct 22 18:35:46 upnp: HTTP listening on port 1900
[I] Oct 22 18:35:46 upnp: Listening for NAT-PMP/PCP traffic on port 5351
[I] Oct 22 18:35:47 ndm: Http::Manager: enabled WebDAV passthrough.
[I] Oct 22 18:35:47 ndm: Cifs::ServerTsmb: service started.
[I] Oct 22 18:35:48 kernel: br0: port 4(ra9.1) entered forwarding state
[I] Oct 22 18:35:48 kernel: br0: topology change detected, propagating
[I] Oct 22 18:35:48 kernel: br0: port 5(ra4.1) entered forwarding state
[I] Oct 22 18:35:48 kernel: br0: topology change detected, propagating
[I] Oct 22 18:35:48 ndm: Http::Nginx: loaded SSL certificate for "bd1011694ca74db5c932ae5a.keenetic.io".
[I] Oct 22 18:35:48 ndm: Http::Nginx: loaded SSL certificate for "itcube45.keenetic.link".
[I] Oct 22 18:35:48 ndm: Core::Server: started Session /var/run/ndm.core.socket.
[I] Oct 22 18:35:48 ndm: Core::Session: client disconnected.
[I] Oct 22 18:35:48 kernel: br0: port 3(ra0) entered learning state
[I] Oct 22 18:35:48 kernel: ACS result: Primary Channel 2, Min Channel Busy = 0, BW = 20
[I] Oct 22 18:35:48 ndm: Network::Interface::Mtk::WifiMonitor: "WifiMaster0/Backhaul0": BSS(ra9) channel switched to 2.
[I] Oct 22 18:35:48 ndm: Http::Manager: updated configuration.
[I] Oct 22 18:35:48 ndm: Core::Server: started Session /var/run/ndm.core.socket.
[I] Oct 22 18:35:48 ndm: Core::Session: client disconnected.
[I] Oct 22 18:35:49 kernel: br0: port 2(ra5) entered forwarding state
[I] Oct 22 18:35:49 kernel: br0: topology change detected, propagating
[I] Oct 22 18:35:50 ndm: Core::System::DriverManager: loading /lib/modules/4.9-ndm-5/nf_conntrack_ftp.ko.
[I] Oct 22 18:35:50 ndm: Core::System::DriverManager: loading /lib/modules/4.9-ndm-5/nf_nat_ftp.ko.
[I] Oct 29 15:54:50 ndm: Core::System::Clock: system time has been changed.
[I] Oct 29 15:54:50 ndm: Ntp::Client: time synchronized.
[I] Oct 29 15:54:50 ndm: Core::Schedule::Manager: raised action "start" by "schedule0".
[I] Oct 29 15:54:50 ndm: Dns::Manager: added static record for "itcube45.keenetic.link", address 78.47.125.180.
[I] Oct 29 15:54:51 ndm: Http::Nginx: loaded SSL certificate for "bd1011694ca74db5c932ae5a.keenetic.io".
[I] Oct 29 15:54:51 ndm: Http::Nginx: loaded SSL certificate for "itcube45.keenetic.link".
[I] Oct 29 15:54:51 ndm: Core::Server: started Session /var/run/ndm.core.socket.
[I] Oct 29 15:54:51 ndm: Core::Session: client disconnected.
[I] Oct 29 15:54:51 ndm: Http::Manager: updated configuration.
[I] Oct 29 15:54:51 ndm: Core::Server: started Session /var/run/ndm.core.socket.
[I] Oct 29 15:54:51 ndm: Core::Session: client disconnected.
[I] Oct 29 15:54:52 kernel: br0: port 3(ra0) entered forwarding state
[I] Oct 29 15:54:52 kernel: br0: topology change detected, propagating
[I] Oct 29 15:54:53 kernel: ACS result: Primary Channel 161, Min Channel Busy = 743, BW = 80
[I] Oct 29 15:54:53 ndm: Network::Interface::Mtk::WifiMonitor: "WifiMaster1/AccessPoint0": BSS(ra0) channel switched to 161.
[I] Oct 29 15:54:55 ndm: Dns::Manager: added static record for "bd1011694ca74db5c932ae5a.keenetic.io", address 78.47.125.180.
[I] Oct 29 15:54:56 ndm: Http::Nginx: loaded SSL certificate for "bd1011694ca74db5c932ae5a.keenetic.io".
[I] Oct 29 15:54:56 ndm: Http::Nginx: loaded SSL certificate for "itcube45.keenetic.link".
[I] Oct 29 15:54:56 ndm: Core::Server: started Session /var/run/ndm.core.socket.
[I] Oct 29 15:54:56 ndm: Core::Session: client disconnected.
[I] Oct 29 15:54:56 ndm: Http::Manager: updated configuration.
[I] Oct 29 15:54:56 ndm: Core::Server: started Session /var/run/ndm.core.socket.
[I] Oct 29 15:54:56 ndm: Core::Session: client disconnected.
[I] Oct 29 15:55:00 ndm: Network::Interface::Mtk::WifiMonitor: "WifiMaster1/Backhaul0": STA(56:ef:20:70:02:6a) had associated.
[I] Oct 29 15:55:00 ndm: Network::Interface::Mtk::WifiMonitor: "WifiMaster1/Backhaul0": STA(56:ef:20:70:02:6a) Multi-AP backhaul BSS link established.
[I] Oct 29 15:55:00 ndm: Network::Interface::Mtk::WifiMonitor: "WifiMaster1/Backhaul0": STA(56:ef:20:70:02:6a) set key done in WPA2/WPA2PSK (PMF).
[I] Oct 29 15:55:03 coalagent: updating configuration...
[I] Oct 29 15:55:07 ndm: Network::Interface::Mtk::WifiMonitor: "WifiMaster1/Backhaul0": STA(56:ff:20:7b:33:07) had associated.
[I] Oct 29 15:55:07 ndm: Network::Interface::Mtk::WifiMonitor: "WifiMaster1/Backhaul0": STA(56:ff:20:7b:33:07) Multi-AP backhaul BSS link established.
[I] Oct 29 15:55:07 ndm: Network::Interface::Mtk::WifiMonitor: "WifiMaster1/Backhaul0": STA(56:ff:20:7b:33:07) set key done in WPA2/WPA2PSK (PMF).
[I] Oct 29 15:55:08 ndm: Network::Interface::Mtk::WifiMonitor: "WifiMaster1/Backhaul0": STA(56:ff:20:7c:59:33) had associated.
[I] Oct 29 15:55:08 ndm: Network::Interface::Mtk::WifiMonitor: "WifiMaster1/Backhaul0": STA(56:ff:20:7c:59:33) Multi-AP backhaul BSS link established.
[I] Oct 29 15:55:08 ndm: Network::Interface::Mtk::WifiMonitor: "WifiMaster1/Backhaul0": STA(56:ff:20:7c:59:33) set key done in WPA2/WPA2PSK (PMF).
[I] Oct 29 15:55:10 ndhcps: DHCPDISCOVER received for 192.168.1.48 from dc:21:48:92:48:07.
[I] Oct 29 15:55:10 ndhcps: making OFFER of 192.168.1.48 to dc:21:48:92:48:07.
[I] Oct 29 15:55:10 ndhcps: DHCPREQUEST received (STATE_SELECTING) for 192.168.1.48 from dc:21:48:92:48:07.
[I] Oct 29 15:55:10 ndhcps: sending ACK of 192.168.1.48 to dc:21:48:92:48:07.
[I] Oct 29 15:55:15 ndm: Mws::Controller::MemberList: "50:ff:20:70:02:68": 2.4 GHz interface detected.
[I] Oct 29 15:55:15 ndm: Mws::Controller::MemberList: "50:ff:20:70:02:68": 5 GHz interface detected.
[I] Oct 29 15:55:18 ndhcps: DHCPDISCOVER received for 192.168.1.42 from 14:eb:b6:ae:c2:31.
[I] Oct 29 15:55:18 ndhcps: making OFFER of 192.168.1.42 to 14:eb:b6:ae:c2:31.
[I] Oct 29 15:55:18 ndhcps: DHCPREQUEST received (STATE_SELECTING) for 192.168.1.42 from 14:eb:b6:ae:c2:31.
[I] Oct 29 15:55:19 ndhcps: sending ACK of 192.168.1.42 to 14:eb:b6:ae:c2:31.
[I] Oct 29 15:55:22 ndhcps: DHCPDISCOVER received from 50:ff:20:7b:33:07.
[I] Oct 29 15:55:22 ndhcps: making OFFER of 192.168.1.3 to 50:ff:20:7b:33:07.
[I] Oct 29 15:55:22 ndhcps: DHCPREQUEST received (STATE_SELECTING) for 192.168.1.3 from 50:ff:20:7b:33:07.
[I] Oct 29 15:55:22 ndhcps: sending ACK of 192.168.1.3 to 50:ff:20:7b:33:07.
[I] Oct 29 15:55:24 ndm: Mws::Controller::MemberList: "50:ff:20:7b:33:07": 2.4 GHz interface detected.
